Component: ARM Compiler 5.06 update 6 (build 750) Tool: armlink [4d35ed]

==============================================================================

Section Cross References

    startup_stm32g431xx.o(RESET) refers to startup_stm32g431xx.o(STACK) for __initial_sp
    startup_stm32g431xx.o(RESET) refers to startup_stm32g431xx.o(.text) for Reset_Handler
    startup_stm32g431xx.o(RESET) refers to stm32g4xx_it.o(i.NMI_Handler) for NMI_Handler
    startup_stm32g431xx.o(RESET) refers to stm32g4xx_it.o(i.HardFault_Handler) for HardFault_Handler
    startup_stm32g431xx.o(RESET) refers to stm32g4xx_it.o(i.MemManage_Handler) for MemManage_Handler
    startup_stm32g431xx.o(RESET) refers to stm32g4xx_it.o(i.BusFault_Handler) for BusFault_Handler
    startup_stm32g431xx.o(RESET) refers to stm32g4xx_it.o(i.UsageFault_Handler) for UsageFault_Handler
    startup_stm32g431xx.o(RESET) refers to stm32g4xx_it.o(i.SVC_Handler) for SVC_Handler
    startup_stm32g431xx.o(RESET) refers to stm32g4xx_it.o(i.DebugMon_Handler) for DebugMon_Handler
    startup_stm32g431xx.o(RESET) refers to stm32g4xx_it.o(i.PendSV_Handler) for PendSV_Handler
    startup_stm32g431xx.o(RESET) refers to stm32g4xx_it.o(i.SysTick_Handler) for SysTick_Handler
    startup_stm32g431xx.o(RESET) refers to stm32g4xx_it.o(i.DMA1_Channel1_IRQHandler) for DMA1_Channel1_IRQHandler
    startup_stm32g431xx.o(RESET) refers to stm32g4xx_it.o(i.USB_LP_IRQHandler) for USB_LP_IRQHandler
    startup_stm32g431xx.o(RESET) refers to stm32g4xx_it.o(i.TIM1_UP_TIM16_IRQHandler) for TIM1_UP_TIM16_IRQHandler
    startup_stm32g431xx.o(RESET) refers to stm32g4xx_it.o(i.TIM2_IRQHandler) for TIM2_IRQHandler
    startup_stm32g431xx.o(RESET) refers to stm32g4xx_it.o(i.TIM3_IRQHandler) for TIM3_IRQHandler
    startup_stm32g431xx.o(.text) refers to system_stm32g4xx.o(i.SystemInit) for SystemInit
    startup_stm32g431xx.o(.text) refers to entry.o(.ARM.Collect$$$$00000000) for __main
    main.o(i.SystemClock_Config) refers to memseta.o(.text) for __aeabi_memclr4
    main.o(i.SystemClock_Config) refers to stm32g4xx_hal_pwr_ex.o(i.HAL_PWREx_ControlVoltageScaling) for HAL_PWREx_ControlVoltageScaling
    main.o(i.SystemClock_Config) refers to stm32g4xx_hal_rcc.o(i.HAL_RCC_OscConfig) for HAL_RCC_OscConfig
    main.o(i.SystemClock_Config) refers to stm32g4xx_hal_rcc.o(i.HAL_RCC_ClockConfig) for HAL_RCC_ClockConfig
    main.o(i.main) refers to stm32g4xx_hal.o(i.HAL_Init) for HAL_Init
    main.o(i.main) refers to main.o(i.SystemClock_Config) for SystemClock_Config
    main.o(i.main) refers to memseta.o(.text) for __aeabi_memclr4
    main.o(i.main) refers to stm32g4xx_hal_gpio.o(i.HAL_GPIO_WritePin) for HAL_GPIO_WritePin
    main.o(i.main) refers to stm32g4xx_hal_gpio.o(i.HAL_GPIO_Init) for HAL_GPIO_Init
    main.o(i.main) refers to gpio.o(i.MX_GPIO_Init) for MX_GPIO_Init
    main.o(i.main) refers to dma.o(i.MX_DMA_Init) for MX_DMA_Init
    main.o(i.main) refers to usb_device.o(i.MX_USB_Device_Init) for MX_USB_Device_Init
    main.o(i.main) refers to adc.o(i.MX_ADC1_Init) for MX_ADC1_Init
    main.o(i.main) refers to tim.o(i.MX_TIM1_Init) for MX_TIM1_Init
    main.o(i.main) refers to tim.o(i.MX_TIM2_Init) for MX_TIM2_Init
    main.o(i.main) refers to tim.o(i.MX_TIM3_Init) for MX_TIM3_Init
    main.o(i.main) refers to usart.o(i.MX_USART3_UART_Init) for MX_USART3_UART_Init
    main.o(i.main) refers to stm32g4xx_hal.o(i.HAL_Delay) for HAL_Delay
    main.o(i.main) refers to appmain.o(i.AppMain) for AppMain
    gpio.o(i.MX_GPIO_Init) refers to memseta.o(.text) for __aeabi_memclr4
    gpio.o(i.MX_GPIO_Init) refers to stm32g4xx_hal_gpio.o(i.HAL_GPIO_WritePin) for HAL_GPIO_WritePin
    gpio.o(i.MX_GPIO_Init) refers to stm32g4xx_hal_gpio.o(i.HAL_GPIO_Init) for HAL_GPIO_Init
    adc.o(i.HAL_ADC_MspDeInit) refers to stm32g4xx_hal_gpio.o(i.HAL_GPIO_DeInit) for HAL_GPIO_DeInit
    adc.o(i.HAL_ADC_MspDeInit) refers to stm32g4xx_hal_dma.o(i.HAL_DMA_DeInit) for HAL_DMA_DeInit
    adc.o(i.HAL_ADC_MspInit) refers to memseta.o(.text) for __aeabi_memclr4
    adc.o(i.HAL_ADC_MspInit) refers to stm32g4xx_hal_rcc_ex.o(i.HAL_RCCEx_PeriphCLKConfig) for HAL_RCCEx_PeriphCLKConfig
    adc.o(i.HAL_ADC_MspInit) refers to main.o(i.Error_Handler) for Error_Handler
    adc.o(i.HAL_ADC_MspInit) refers to stm32g4xx_hal_gpio.o(i.HAL_GPIO_Init) for HAL_GPIO_Init
    adc.o(i.HAL_ADC_MspInit) refers to stm32g4xx_hal_dma.o(i.HAL_DMA_Init) for HAL_DMA_Init
    adc.o(i.HAL_ADC_MspInit) refers to adc.o(.bss) for .bss
    adc.o(i.MX_ADC1_Init) refers to memseta.o(.text) for __aeabi_memclr4
    adc.o(i.MX_ADC1_Init) refers to stm32g4xx_hal_adc.o(i.HAL_ADC_Init) for HAL_ADC_Init
    adc.o(i.MX_ADC1_Init) refers to main.o(i.Error_Handler) for Error_Handler
    adc.o(i.MX_ADC1_Init) refers to stm32g4xx_hal_adc_ex.o(i.HAL_ADCEx_MultiModeConfigChannel) for HAL_ADCEx_MultiModeConfigChannel
    adc.o(i.MX_ADC1_Init) refers to stm32g4xx_hal_adc.o(i.HAL_ADC_ConfigChannel) for HAL_ADC_ConfigChannel
[...]
    i.USBD_static_free                       0x080057ce   Section        0  usbd_conf.o(i.USBD_static_free)
    i.USBD_static_malloc                     0x080057d0   Section        0  usbd_conf.o(i.USBD_static_malloc)
    i.USB_ActivateEndpoint                   0x080057d8   Section        0  stm32g4xx_ll_usb.o(i.USB_ActivateEndpoint)
    i.USB_DeactivateEndpoint                 0x08005a40   Section        0  stm32g4xx_ll_usb.o(i.USB_DeactivateEndpoint)
    i.USB_DevConnect                         0x08005b4e   Section        0  stm32g4xx_ll_usb.o(i.USB_DevConnect)
    i.USB_DevInit                            0x08005b5c   Section        0  stm32g4xx_ll_usb.o(i.USB_DevInit)
    i.USB_DisableGlobalInt                   0x08005b6e   Section        0  stm32g4xx_ll_usb.o(i.USB_DisableGlobalInt)
    i.USB_EPClearStall                       0x08005b7e   Section        0  stm32g4xx_ll_usb.o(i.USB_EPClearStall)
    i.USB_EPSetStall                         0x08005bf6   Section        0  stm32g4xx_ll_usb.o(i.USB_EPSetStall)
    i.USB_EPStartXfer                        0x08005c28   Section        0  stm32g4xx_ll_usb.o(i.USB_EPStartXfer)
    i.USB_EnableGlobalInt                    0x080060ae   Section        0  stm32g4xx_ll_usb.o(i.USB_EnableGlobalInt)
    i.USB_LP_IRQHandler                      0x080060c0   Section        0  stm32g4xx_it.o(i.USB_LP_IRQHandler)
    i.USB_ReadInterrupts                     0x080060cc   Section        0  stm32g4xx_ll_usb.o(i.USB_ReadInterrupts)
    i.USB_ReadPMA                            0x080060d2   Section        0  stm32g4xx_ll_usb.o(i.USB_ReadPMA)
    i.USB_SetDevAddress                      0x080060fa   Section        0  stm32g4xx_ll_usb.o(i.USB_SetDevAddress)
    i.USB_WritePMA                           0x08006108   Section        0  stm32g4xx_ll_usb.o(i.USB_WritePMA)
    i.UsageFault_Handler                     0x0800612e   Section        0  stm32g4xx_it.o(i.UsageFault_Handler)
    i._IIC_Ack                               0x08006130   Section        0  iic.o(i._IIC_Ack)
    i._IIC_Read                              0x08006172   Section        0  iic.o(i._IIC_Read)
    i._IIC_Start                             0x080061a2   Section        0  iic.o(i._IIC_Start)
    i._IIC_Stop                              0x080061bc   Section        0  iic.o(i._IIC_Stop)
    i._IIC_Write                             0x080061e4   Section        0  iic.o(i._IIC_Write)
    i._SCL_High                              0x08006228   Section        0  iic.o(i._SCL_High)
    i._SCL_Low                               0x08006238   Section        0  iic.o(i._SCL_Low)
    i._SDA_High                              0x08006248   Section        0  iic.o(i._SDA_High)
    i._SDA_Low                               0x08006258   Section        0  iic.o(i._SDA_Low)
    i._SDA_Read                              0x08006268   Section        0  iic.o(i._SDA_Read)
    i.__ARM_fpclassify                       0x08006274   Section        0  fpclassify.o(i.__ARM_fpclassify)
    i.__NVIC_SetPriority                     0x080062a4   Section        0  stm32g4xx_hal_cortex.o(i.__NVIC_SetPriority)
    __NVIC_SetPriority                       0x080062a5   Thumb Code    32  stm32g4xx_hal_cortex.o(i.__NVIC_SetPriority)
    i.__hardfp_cos                           0x080062c8   Section        0  cos.o(i.__hardfp_cos)
    i.__hardfp_sin                           0x08006390   Section        0  sin.o(i.__hardfp_sin)
    i.__ieee754_rem_pio2                     0x08006458   Section        0  rred.o(i.__ieee754_rem_pio2)
    i.__kernel_cos                           0x08006890   Section        0  cos_i.o(i.__kernel_cos)
    i.__kernel_poly                          0x08006a00   Section        0  poly.o(i.__kernel_poly)
    i.__kernel_sin                           0x08006af8   Section        0  sin_i.o(i.__kernel_sin)
    i.__mathlib_dbl_infnan                   0x08006c28   Section        0  dunder.o(i.__mathlib_dbl_infnan)
    i.__mathlib_dbl_invalid                  0x08006c40   Section        0  dunder.o(i.__mathlib_dbl_invalid)
    i.__mathlib_dbl_underflow                0x08006c60   Section        0  dunder.o(i.__mathlib_dbl_underflow)
    i.__scatterload_copy                     0x08006c80   Section       14  handlers.o(i.__scatterload_copy)
    i.__scatterload_null                     0x08006c8e   Section        2  handlers.o(i.__scatterload_null)
    i.__scatterload_zeroinit                 0x08006c90   Section       14  handlers.o(i.__scatterload_zeroinit)
    i.__set_errno                            0x08006ca0   Section        0  errno.o(i.__set_errno)
    i._iic_delay                             0x08006cac   Section        0  iic.o(i._iic_delay)
    i.cal_angle_sincos                       0x08006cb4   Section        0  foc.o(i.cal_angle_sincos)
    i.fabs                                   0x08006d14   Section        0  fabs.o(i.fabs)
    i.foc_init                               0x08006d2c   Section        0  foc.o(i.foc_init)
    i.hid_recv_data                          0x08006d78   Section        0  usb_hidcommunication.o(i.hid_recv_data)
    i.hid_send_angle                         0x08006da4   Section        0  usb_hidcommunication.o(i.hid_send_angle)
    i.iic_read_data                          0x08006de4   Section        0  iic.o(i.iic_read_data)
    i.main                                   0x08006e24   Section        0  main.o(i.main)
    i.open_loop_control                      0x08006eac   Section        0  foc.o(i.open_loop_control)
    i.positioning_control                    0x08006ef0   Section        0  foc.o(i.positioning_control)
    i.pwm_halt                               0x08006f58   Section        0  pwm.o(i.pwm_halt)
    i.pwm_init                               0x08006f70   Section        0  pwm.o(i.pwm_init)
    i.pwm_update                             0x08006fa0   Section        0  pwm.o(i.pwm_update)
    i.read_as5600_angle                      0x08007048   Section        0  as5600.o(i.read_as5600_angle)
    i.set_foc_ud                             0x080070d0   Section        0  foc.o(i.set_foc_ud)
    i.set_foc_uq                             0x080070dc   Section        0  foc.o(i.set_foc_uq)
    i.to_electrical_angle                    0x080070e8   Section        0  foc.o(i.to_electrical_angle)
    .constdata                               0x08007118   Section       24  stm32g4xx_hal_uart.o(.constdata)
    .constdata                               0x08007130   Section       16  stm32g4xx_hal_uart_ex.o(.constdata)
    numerator                                0x08007130   Data           8  stm32g4xx_hal_uart_ex.o(.constdata)
    denominator                              0x08007138   Data           8  stm32g4xx_hal_uart_ex.o(.constdata)
    .constdata                               0x08007140   Section       16  system_stm32g4xx.o(.constdata)
    .constdata                               0x08007150   Section        8  system_stm32g4xx.o(.constdata)
    .constdata                               0x08007158   Section       48  cos_i.o(.constdata)
    C                                        0x08007158   Data          48  cos_i.o(.constdata)
    .constdata                               0x08007188   Section      200  rred.o(.constdata)
    pio2s                                    0x08007188   Data          48  rred.o(.constdata)
    twooverpi                                0x080071b8   Data         152  rred.o(.constdata)
    .constdata                               0x08007250   Section       40  sin_i.o(.constdata)
    S                                        0x08007250   Data          40  sin_i.o(.constdata)
    .data                                    0x20000000   Section       32  usbd_desc.o(.data)
    .data                                    0x20000020   Section       50  usbd_desc.o(.data)
    .data                                    0x20000054   Section       34  usbd_custom_hid_if.o(.data)
    CUSTOM_HID_ReportDesc_FS                 0x20000054   Data          34  usbd_custom_hid_if.o(.data)
    .data                                    0x20000078   Section       16  usbd_custom_hid_if.o(.data)
    .data                                    0x20000088   Section       12  stm32g4xx_hal.o(.data)
    .data                                    0x20000094   Section        4  system_stm32g4xx.o(.data)
    .data                                    0x20000098   Section        1  usbd_ctlreq.o(.data)
    cfgidx                                   0x20000098   Data           1  usbd_ctlreq.o(.data)
    .data                                    0x2000009c   Section       56  usbd_customhid.o(.data)
    .data                                    0x200000d4   Section      291  usbd_customhid.o(.data)
    USBD_CUSTOM_HID_CfgFSDesc                0x200000d4   Data          66  usbd_customhid.o(.data)
    USBD_CUSTOM_HID_CfgHSDesc                0x20000118   Data          66  usbd_customhid.o(.data)
    USBD_CUSTOM_HID_OtherSpeedCfgDesc        0x2000015c   Data          66  usbd_customhid.o(.data)
    USBD_CUSTOM_HID_Desc                     0x200001a0   Data           9  usbd_customhid.o(.data)
    USBD_CUSTOM_HID_DeviceQualifierDesc      0x200001ac   Data          10  usbd_customhid.o(.data)
    HID_KEYBOARD_ReportDesc                  0x200001b8   Data          63  usbd_customhid.o(.data)
    .data                                    0x200001f8   Section        8  appmain.o(.data)
    .data                                    0x20000200   Section        9  usb_hidcommunication.o(.data)
    .data                                    0x2000020c   Section        4  errno.o(.data)
    _errno                                   0x2000020c   Data           4  errno.o(.data)
    .bss                                     0x20000210   Section      204  adc.o(.bss)
    .bss                                     0x200002dc   Section      228  tim.o(.bss)
    .bss                                     0x200003c0   Section      144  usart.o(.bss)
    .bss                                     0x20000450   Section      788  usbd_conf.o(.bss)
    mem                                      0x20000450   Data          32  usbd_conf.o(.bss)
    .bss                                     0x20000764   Section      720  usb_device.o(.bss)
    .bss                                     0x20000a34   Section      512  usbd_desc.o(.bss)
    .bss                                     0x20000c34   Section      104  foc.o(.bss)
    STACK                                    0x20000ca0   Section     8192  startup_stm32g431xx.o(STACK)

    Global Symbols

    Symbol Name                              Value     Ov Type        Size  Object(Section)

    BuildAttributes$$THM_ISAv4$E$P$D$K$B$S$7EM$VFPi3$EXTD16$VFPS$VFMA$PE$A:L22UL41UL21$X:L11$S22US41US21$IEEE1$IW$USESV6$~STKCKD$USESV7$~SHL$OTIME$ROPI$IEEEX$EBA8$MICROLIB$REQ8$PRES8$EABIv2 0x00000000   Number         0  anon$$obj.o ABSOLUTE
    __ARM_use_no_argv                        0x00000000   Number         0  main.o ABSOLUTE
    __cpp_initialize__aeabi_                  - Undefined Weak Reference
    __cxa_finalize                            - Undefined Weak Reference
    _clock_init                               - Undefined Weak Reference
    _microlib_exit                            - Undefined Weak Reference
    __Vectors_Size                           0x000001d8   Number         0  startup_stm32g431xx.o ABSOLUTE
    __Vectors                                0x08000000   Data           4  startup_stm32g431xx.o(RESET)
    __Vectors_End                            0x080001d8   Data           0  startup_stm32g431xx.o(RESET)
    __main                                   0x080001d9   Thumb Code     0  entry.o(.ARM.Collect$$$$00000000)
    _main_stk                                0x080001d9   Thumb Code     0  entry2.o(.ARM.Collect$$$$00000001)
    _main_scatterload                        0x080001dd   Thumb Code     0  entry5.o(.ARM.Collect$$$$00000004)
    __main_after_scatterload                 0x080001e1   Thumb Code     0  entry5.o(.ARM.Collect$$$$00000004)
    _main_clock                              0x080001e1   Thumb Code     0  entry7b.o(.ARM.Collect$$$$00000008)
    _main_cpp_init                           0x080001e1   Thumb Code     0  entry8b.o(.ARM.Collect$$$$0000000A)
    _main_init                               0x080001e1   Thumb Code     0  entry9a.o(.ARM.Collect$$$$0000000B)
    __rt_final_cpp                           0x080001e9   Thumb Code     0  entry10a.o(.ARM.Collect$$$$0000000D)
    __rt_final_exit                          0x080001e9   Thumb Code     0  entry11a.o(.ARM.Collect$$$$0000000F)
    Reset_Handler                            0x080001ed   Thumb Code     8  startup_stm32g431xx.o(.text)
    ADC1_2_IRQHandler                        0x08000207   Thumb Code     0  startup_stm32g431xx.o(.text)
    COMP1_2_3_IRQHandler                     0x08000207   Thumb Code     0  startup_stm32g431xx.o(.text)
    COMP4_IRQHandler                         0x08000207   Thumb Code     0  startup_stm32g431xx.o(.text)
    CORDIC_IRQHandler                        0x08000207   Thumb Code     0  startup_stm32g431xx.o(.text)
    CRS_IRQHandler                           0x08000207   Thumb Code     0  startup_stm32g431xx.o(.text)
    DMA1_Channel2_IRQHandler                 0x08000207   Thumb Code     0  startup_stm32g431xx.o(.text)
    DMA1_Channel3_IRQHandler                 0x08000207   Thumb Code     0  startup_stm32g431xx.o(.text)
    DMA1_Channel4_IRQHandler                 0x08000207   Thumb Code     0  startup_stm32g431xx.o(.text)
    DMA1_Channel5_IRQHandler                 0x08000207   Thumb Code     0  startup_stm32g431xx.o(.text)
    DMA1_Channel6_IRQHandler                 0x08000207   Thumb Code     0  startup_stm32g431xx.o(.text)
    DMA2_Channel1_IRQHandler                 0x08000207   Thumb Code     0  startup_stm32g431xx.o(.text)
    DMA2_Channel2_IRQHandler                 0x08000207   Thumb Code     0  startup_stm32g431xx.o(.text)
    DMA2_Channel3_IRQHandler                 0x08000207   Thumb Code     0  startup_stm32g431xx.o(.text)
    DMA2_Channel4_IRQHandler                 0x08000207   Thumb Code     0  startup_stm32g431xx.o(.text)
    DMA2_Channel5_IRQHandler                 0x08000207   Thumb Code     0  startup_stm32g431xx.o(.text)
    DMA2_Channel6_IRQHandler                 0x08000207   Thumb Code     0  startup_stm32g431xx.o(.text)
    DMAMUX_OVR_IRQHandler                    0x08000207   Thumb Code     0  startup_stm32g431xx.o(.text)
    EXTI0_IRQHandler                         0x08000207   Thumb Code     0  startup_stm32g431xx.o(.text)
    EXTI15_10_IRQHandler                     0x08000207   Thumb Code     0  startup_stm32g431xx.o(.text)
    EXTI1_IRQHandler                         0x08000207   Thumb Code     0  startup_stm32g431xx.o(.text)
    EXTI2_IRQHandler                         0x08000207   Thumb Code     0  startup_stm32g431xx.o(.text)
    EXTI3_IRQHandler                         0x08000207   Thumb Code     0  startup_stm32g431xx.o(.text)
    EXTI4_IRQHandler                         0x08000207   Thumb Code     0  startup_stm32g431xx.o(.text)
    EXTI9_5_IRQHandler                       0x08000207   Thumb Code     0  startup_stm32g431xx.o(.text)
    FDCAN1_IT0_IRQHandler                    0x08000207   Thumb Code     0  startup_stm32g431xx.o(.text)
    FDCAN1_IT1_IRQHandler                    0x08000207   Thumb Code     0  startup_stm32g431xx.o(.text)
    FLASH_IRQHandler                         0x08000207   Thumb Code     0  startup_stm32g431xx.o(.text)
    FMAC_IRQHandler                          0x08000207   Thumb Code     0  startup_stm32g431xx.o(.text)
    FPU_IRQHandler                           0x08000207   Thumb Code     0  startup_stm32g431xx.o(.text)
    I2C1_ER_IRQHandler                       0x08000207   Thumb Code     0  startup_stm32g431xx.o(.text)
    I2C1_EV_IRQHandler                       0x08000207   Thumb Code     0  startup_stm32g431xx.o(.text)
    I2C2_ER_IRQHandler                       0x08000207   Thumb Code     0  startup_stm32g431xx.o(.text)
    I2C2_EV_IRQHandler                       0x08000207   Thumb Code     0  startup_stm32g431xx.o(.text)
    I2C3_ER_IRQHandler                       0x08000207   Thumb Code     0  startup_stm32g431xx.o(.text)
    I2C3_EV_IRQHandler                       0x08000207   Thumb Code     0  startup_stm32g431xx.o(.text)
    LPTIM1_IRQHandler                        0x08000207   Thumb Code     0  startup_stm32g431xx.o(.text)
    LPUART1_IRQHandler                       0x08000207   Thumb Code     0  startup_stm32g431xx.o(.text)
    PVD_PVM_IRQHandler                       0x08000207   Thumb Code     0  startup_stm32g431xx.o(.text)
    RCC_IRQHandler                           0x08000207   Thumb Code     0  startup_stm32g431xx.o(.text)
    RNG_IRQHandler                           0x08000207   Thumb Code     0  startup_stm32g431xx.o(.text)
    RTC_Alarm_IRQHandler                     0x08000207   Thumb Code     0  startup_stm32g431xx.o(.text)
    RTC_TAMP_LSECSS_IRQHandler               0x08000207   Thumb Code     0  startup_stm32g431xx.o(.text)
    RTC_WKUP_IRQHandler                      0x08000207   Thumb Code     0  startup_stm32g431xx.o(.text)
    SAI1_IRQHandler                          0x08000207   Thumb Code     0  startup_stm32g431xx.o(.text)
    SPI1_IRQHandler                          0x08000207   Thumb Code     0  startup_stm32g431xx.o(.text)
    SPI2_IRQHandler                          0x08000207   Thumb Code     0  startup_stm32g431xx.o(.text)
    SPI3_IRQHandler                          0x08000207   Thumb Code     0  startup_stm32g431xx.o(.text)
    TIM1_BRK_TIM15_IRQHandler                0x08000207   Thumb Code     0  startup_stm32g431xx.o(.text)
    TIM1_CC_IRQHandler                       0x08000207   Thumb Code     0  startup_stm32g431xx.o(.text)
    TIM1_TRG_COM_TIM17_IRQHandler            0x08000207   Thumb Code     0  startup_stm32g431xx.o(.text)
    TIM4_IRQHandler                          0x08000207   Thumb Code     0  startup_stm32g431xx.o(.text)
    TIM6_DAC_IRQHandler                      0x08000207   Thumb Code     0  startup_stm32g431xx.o(.text)
    TIM7_IRQHandler                          0x08000207   Thumb Code     0  startup_stm32g431xx.o(.text)
    TIM8_BRK_IRQHandler                      0x08000207   Thumb Code     0  startup_stm32g431xx.o(.text)
    TIM8_CC_IRQHandler                       0x08000207   Thumb Code     0  startup_stm32g431xx.o(.text)
    TIM8_TRG_COM_IRQHandler                  0x08000207   Thumb Code     0  startup_stm32g431xx.o(.text)
    TIM8_UP_IRQHandler                       0x08000207   Thumb Code     0  startup_stm32g431xx.o(.text)
    UART4_IRQHandler                         0x08000207   Thumb Code     0  startup_stm32g431xx.o(.text)
    UCPD1_IRQHandler                         0x08000207   Thumb Code     0  startup_stm32g431xx.o(.text)
    USART1_IRQHandler                        0x08000207   Thumb Code     0  startup_stm32g431xx.o(.text)
    USART2_IRQHandler                        0x08000207   Thumb Code     0  startup_stm32g431xx.o(.text)
    USART3_IRQHandler                        0x08000207   Thumb Code     0  startup_stm32g431xx.o(.text)
    USBWakeUp_IRQHandler                     0x08000207   Thumb Code     0  startup_stm32g431xx.o(.text)
    USB_HP_IRQHandler                        0x08000207   Thumb Code     0  startup_stm32g431xx.o(.text)
    WWDG_IRQHandler                          0x08000207   Thumb Code     0  startup_stm32g431xx.o(.text)
    __aeabi_uldivmod                         0x08000211   Thumb Code    98  uldiv.o(.text)
    __aeabi_memcpy                           0x08000273   Thumb Code    36  memcpya.o(.text)
    __aeabi_memcpy4                          0x08000273   Thumb Code     0  memcpya.o(.text)
    __aeabi_memcpy8                          0x08000273   Thumb Code     0  memcpya.o(.text)
    __aeabi_memset                           0x08000297   Thumb Code    14  memseta.o(.text)
    __aeabi_memset4                          0x08000297   Thumb Code     0  memseta.o(.text)
    __aeabi_memset8                          0x08000297   Thumb Code     0  memseta.o(.text)
    __aeabi_memclr                           0x080002a5   Thumb Code     4  memseta.o(.text)
    __aeabi_memclr4                          0x080002a5   Thumb Code     0  memseta.o(.text)
    __aeabi_memclr8                          0x080002a5   Thumb Code     0  memseta.o(.text)
    _memset$wrapper                          0x080002a9   Thumb Code    18  memseta.o(.text)
    __aeabi_dadd                             0x080002bb   Thumb Code   322  dadd.o(.text)
    __aeabi_dsub                             0x080003fd   Thumb Code     6  dadd.o(.text)
    __aeabi_drsub                            0x08000403   Thumb Code     6  dadd.o(.text)
    __aeabi_dmul                             0x08000409   Thumb Code   228  dmul.o(.text)
    __aeabi_ddiv                             0x080004ed   Thumb Code   222  ddiv.o(.text)
    __aeabi_ui2d                             0x080005cb   Thumb Code    26  dfltui.o(.text)
    __aeabi_f2d                              0x080005e5   Thumb Code    38  f2d.o(.text)
    __aeabi_d2f                              0x0800060b   Thumb Code    56  d2f.o(.text)
    __aeabi_llsl                             0x08000643   Thumb Code    30  llshl.o(.text)
    _ll_shift_l                              0x08000643   Thumb Code     0  llshl.o(.text)
    __aeabi_llsr                             0x08000661   Thumb Code    32  llushr.o(.text)
    _ll_ushift_r                             0x08000661   Thumb Code     0  llushr.o(.text)
    __aeabi_lasr                             0x08000681   Thumb Code    36  llsshr.o(.text)
    _ll_sshift_r                             0x08000681   Thumb Code     0  llsshr.o(.text)
    __I$use$fp                               0x080006a5   Thumb Code     0  iusefp.o(.text)
    _float_round                             0x080006a5   Thumb Code    18  fepilogue.o(.text)
    _float_epilogue                          0x080006b7   Thumb Code    92  fepilogue.o(.text)
    _double_round                            0x08000713   Thumb Code    30  depilogue.o(.text)
    _double_epilogue                         0x08000731   Thumb Code   156  depilogue.o(.text)
    __scatterload                            0x080007cd   Thumb Code    28  init.o(.text)
    __scatterload_rt2                        0x080007cd   Thumb Code     0  init.o(.text)
    __aeabi_i2d                              0x080007f1   Thumb Code    34  dflti.o(.text)
    __aeabi_d2iz                             0x08000813   Thumb Code    62  dfixi.o(.text)
    __decompress                             0x08000851   Thumb Code     0  __dczerorl2.o(.text)
    __decompress1                            0x08000851   Thumb Code    86  __dczerorl2.o(.text)
    AppMain                                  0x080008a9   Thumb Code    50  appmain.o(i.AppMain)
    BusFault_Handler                         0x080008f1   Thumb Code     2  stm32g4xx_it.o(i.BusFault_Handler)
    Common_Parameters_Parsing                0x08000931   Thumb Code    90  usb_hidcommunication.o(i.Common_Parameters_Parsing)
    DMA1_Channel1_IRQHandler                 0x08000995   Thumb Code     6  stm32g4xx_it.o(i.DMA1_Channel1_IRQHandler)
    DebugMon_Handler                         0x08000a05   Thumb Code     2  stm32g4xx_it.o(i.DebugMon_Handler)
    Error_Handler                            0x08000a07   Thumb Code     4  main.o(i.Error_Handler)
    Generate_SVPWM                           0x08000a0d   Thumb Code   162  foc.o(i.Generate_SVPWM)
    Generate_Sector_Time                     0x08000ab5   Thumb Code   608  foc.o(i.Generate_Sector_Time)
    HAL_ADCEx_MultiModeConfigChannel         0x08000d31   Thumb Code   208  stm32g4xx_hal_adc_ex.o(i.HAL_ADCEx_MultiModeConfigChannel)
    HAL_ADC_ConfigChannel                    0x08000e09   Thumb Code   998  stm32g4xx_hal_adc.o(i.HAL_ADC_ConfigChannel)
    HAL_ADC_Init                             0x08001221   Thumb Code   476  stm32g4xx_hal_adc.o(i.HAL_ADC_Init)
    HAL_ADC_MspInit                          0x0800141d   Thumb Code   160  adc.o(i.HAL_ADC_MspInit)
    HAL_DMA_IRQHandler                       0x080014c9   Thumb Code   186  stm32g4xx_hal_dma.o(i.HAL_DMA_IRQHandler)
    HAL_DMA_Init                             0x08001585   Thumb Code   178  stm32g4xx_hal_dma.o(i.HAL_DMA_Init)
    HAL_Delay                                0x08001645   Thumb Code    32  stm32g4xx_hal.o(i.HAL_Delay)
    HAL_GPIO_Init                            0x08001669   Thumb Code   550  stm32g4xx_hal_gpio.o(i.HAL_GPIO_Init)
    HAL_GPIO_ReadPin                         0x080018b1   Thumb Code    10  stm32g4xx_hal_gpio.o(i.HAL_GPIO_ReadPin)
    HAL_GPIO_WritePin                        0x080018bb   Thumb Code    10  stm32g4xx_hal_gpio.o(i.HAL_GPIO_WritePin)
    HAL_GetTick                              0x080018c5   Thumb Code     6  stm32g4xx_hal.o(i.HAL_GetTick)
    HAL_IncTick                              0x080018d1   Thumb Code    12  stm32g4xx_hal.o(i.HAL_IncTick)
    HAL_Init                                 0x080018e1   Thumb Code    30  stm32g4xx_hal.o(i.HAL_Init)
    HAL_InitTick                             0x08001901   Thumb Code    58  stm32g4xx_hal.o(i.HAL_InitTick)
    HAL_MspInit                              0x08001945   Thumb Code    42  stm32g4xx_hal_msp.o(i.HAL_MspInit)
    HAL_NVIC_EnableIRQ                       0x08001975   Thumb Code    26  stm32g4xx_hal_cortex.o(i.HAL_NVIC_EnableIRQ)
    HAL_NVIC_SetPriority                     0x08001991   Thumb Code    60  stm32g4xx_hal_cortex.o(i.HAL_NVIC_SetPriority)
    HAL_NVIC_SetPriorityGrouping             0x080019d1   Thumb Code    26  stm32g4xx_hal_cortex.o(i.HAL_NVIC_SetPriorityGrouping)
    HAL_PCDEx_ActivateLPM                    0x080019f5   Thumb Code    36  stm32g4xx_hal_pcd_ex.o(i.HAL_PCDEx_ActivateLPM)
    HAL_PCDEx_LPM_Callback                   0x08001a19   Thumb Code    64  usbd_conf.o(i.HAL_PCDEx_LPM_Callback)
    HAL_PCDEx_PMAConfig                      0x08001a5d   Thumb Code    60  stm32g4xx_hal_pcd_ex.o(i.HAL_PCDEx_PMAConfig)
    HAL_PCD_DataInStageCallback              0x08001a99   Thumb Code    18  usbd_conf.o(i.HAL_PCD_DataInStageCallback)
    HAL_PCD_DataOutStageCallback             0x08001aab   Thumb Code    20  usbd_conf.o(i.HAL_PCD_DataOutStageCallback)
    HAL_PCD_EP_Close                         0x08001abf   Thumb Code    76  stm32g4xx_hal_pcd.o(i.HAL_PCD_EP_Close)
    HAL_PCD_EP_ClrStall                      0x08001b0b   Thumb Code    92  stm32g4xx_hal_pcd.o(i.HAL_PCD_EP_ClrStall)
    HAL_PCD_EP_Open                          0x08001f73   Thumb Code    96  stm32g4xx_hal_pcd.o(i.HAL_PCD_EP_Open)
    HAL_PCD_EP_Receive                       0x08001fd3   Thumb Code    50  stm32g4xx_hal_pcd.o(i.HAL_PCD_EP_Receive)
    HAL_PCD_EP_SetStall                      0x08002005   Thumb Code    96  stm32g4xx_hal_pcd.o(i.HAL_PCD_EP_SetStall)
    HAL_PCD_EP_Transmit                      0x08002065   Thumb Code    52  stm32g4xx_hal_pcd.o(i.HAL_PCD_EP_Transmit)
    HAL_PCD_IRQHandler                       0x08002099   Thumb Code   330  stm32g4xx_hal_pcd.o(i.HAL_PCD_IRQHandler)
    HAL_PCD_Init                             0x080021e3   Thumb Code   178  stm32g4xx_hal_pcd.o(i.HAL_PCD_Init)
    HAL_PCD_MspInit                          0x08002295   Thumb Code    80  usbd_conf.o(i.HAL_PCD_MspInit)
    HAL_PCD_ResetCallback                    0x080022ed   Thumb Code    38  usbd_conf.o(i.HAL_PCD_ResetCallback)
    HAL_PCD_ResumeCallback                   0x08002315   Thumb Code    34  usbd_conf.o(i.HAL_PCD_ResumeCallback)
    HAL_PCD_SOFCallback                      0x0800233d   Thumb Code     8  usbd_conf.o(i.HAL_PCD_SOFCallback)
    HAL_PCD_SetAddress                       0x08002345   Thumb Code    40  stm32g4xx_hal_pcd.o(i.HAL_PCD_SetAddress)
    HAL_PCD_SetupStageCallback               0x0800236d   Thumb Code    14  usbd_conf.o(i.HAL_PCD_SetupStageCallback)
    HAL_PCD_Start                            0x0800237b   Thumb Code    42  stm32g4xx_hal_pcd.o(i.HAL_PCD_Start)
    HAL_PCD_SuspendCallback                  0x080023a5   Thumb Code    30  usbd_conf.o(i.HAL_PCD_SuspendCallback)
    HAL_PWREx_ControlVoltageScaling          0x080023c9   Thumb Code   174  stm32g4xx_hal_pwr_ex.o(i.HAL_PWREx_ControlVoltageScaling)
    HAL_PWREx_DisableUCPDDeadBattery         0x08002485   Thumb Code    12  stm32g4xx_hal_pwr_ex.o(i.HAL_PWREx_DisableUCPDDeadBattery)
    HAL_RCCEx_PeriphCLKConfig                0x08002495   Thumb Code   638  stm32g4xx_hal_rcc_ex.o(i.HAL_RCCEx_PeriphCLKConfig)
    HAL_RCC_ClockConfig                      0x0800271d   Thumb Code   444  stm32g4xx_hal_rcc.o(i.HAL_RCC_ClockConfig)
    HAL_RCC_GetPCLK1Freq                     0x080028f9   Thumb Code    24  stm32g4xx_hal_rcc.o(i.HAL_RCC_GetPCLK1Freq)
    HAL_RCC_GetPCLK2Freq                     0x0800291d   Thumb Code    24  stm32g4xx_hal_rcc.o(i.HAL_RCC_GetPCLK2Freq)
    HAL_RCC_GetSysClockFreq                  0x08002941   Thumb Code    98  stm32g4xx_hal_rcc.o(i.HAL_RCC_GetSysClockFreq)
    HAL_RCC_OscConfig                        0x080029ad   Thumb Code  1036  stm32g4xx_hal_rcc.o(i.HAL_RCC_OscConfig)
    HAL_SYSTICK_Config                       0x08002db9   Thumb Code    40  stm32g4xx_hal_cortex.o(i.HAL_SYSTICK_Config)
    HAL_TIMEx_Break2Callback                 0x08002de1   Thumb Code     2  stm32g4xx_hal_tim_ex.o(i.HAL_TIMEx_Break2Callback)
    HAL_TIMEx_BreakCallback                  0x08002de3   Thumb Code     2  stm32g4xx_hal_tim_ex.o(i.HAL_TIMEx_BreakCallback)
    HAL_TIMEx_CommutCallback                 0x08002de5   Thumb Code     2  stm32g4xx_hal_tim_ex.o(i.HAL_TIMEx_CommutCallback)
    HAL_TIMEx_ConfigBreakDeadTime            0x08002de9   Thumb Code   164  stm32g4xx_hal_tim_ex.o(i.HAL_TIMEx_ConfigBreakDeadTime)
    HAL_TIMEx_DirectionChangeCallback        0x08002e95   Thumb Code     2  stm32g4xx_hal_tim_ex.o(i.HAL_TIMEx_DirectionChangeCallback)
    HAL_TIMEx_EncoderIndexCallback           0x08002e97   Thumb Code     2  stm32g4xx_hal_tim_ex.o(i.HAL_TIMEx_EncoderIndexCallback)
    HAL_TIMEx_IndexErrorCallback             0x08002e99   Thumb Code     2  stm32g4xx_hal_tim_ex.o(i.HAL_TIMEx_IndexErrorCallback)
    HAL_TIMEx_MasterConfigSynchronization    0x08002e9d   Thumb Code   132  stm32g4xx_hal_tim_ex.o(i.HAL_TIMEx_MasterConfigSynchronization)
    HAL_TIMEx_TransitionErrorCallback        0x08002f39   Thumb Code     2  stm32g4xx_hal_tim_ex.o(i.HAL_TIMEx_TransitionErrorCallback)
    HAL_TIM_Base_Init                        0x08002f3b   Thumb Code    98  stm32g4xx_hal_tim.o(i.HAL_TIM_Base_Init)
    HAL_TIM_Base_MspInit                     0x08002f9d   Thumb Code    86  tim.o(i.HAL_TIM_Base_MspInit)
    HAL_TIM_Base_Start_IT                    0x08002ffd   Thumb Code    94  stm32g4xx_hal_tim.o(i.HAL_TIM_Base_Start_IT)
    HAL_TIM_ConfigClockSource                0x08003075   Thumb Code   246  stm32g4xx_hal_tim.o(i.HAL_TIM_ConfigClockSource)
    HAL_TIM_IC_CaptureCallback               0x08003175   Thumb Code     2  stm32g4xx_hal_tim.o(i.HAL_TIM_IC_CaptureCallback)
    HAL_TIM_IRQHandler                       0x08003177   Thumb Code   508  stm32g4xx_hal_tim.o(i.HAL_TIM_IRQHandler)
    HAL_TIM_MspPostInit                      0x08003375   Thumb Code    74  tim.o(i.HAL_TIM_MspPostInit)
    HAL_TIM_OC_DelayElapsedCallback          0x080033c9   Thumb Code     2  stm32g4xx_hal_tim.o(i.HAL_TIM_OC_DelayElapsedCallback)
    HAL_TIM_PWM_ConfigChannel                0x080033cb   Thumb Code   292  stm32g4xx_hal_tim.o(i.HAL_TIM_PWM_ConfigChannel)
    HAL_TIM_PWM_Init                         0x080034ef   Thumb Code    98  stm32g4xx_hal_tim.o(i.HAL_TIM_PWM_Init)
    HAL_TIM_PWM_MspInit                      0x08003551   Thumb Code    50  tim.o(i.HAL_TIM_PWM_MspInit)
    HAL_TIM_PWM_PulseFinishedCallback        0x0800358d   Thumb Code     2  stm32g4xx_hal_tim.o(i.HAL_TIM_PWM_PulseFinishedCallback)
    HAL_TIM_PWM_Start                        0x08003591   Thumb Code   218  stm32g4xx_hal_tim.o(i.HAL_TIM_PWM_Start)
    HAL_TIM_PeriodElapsedCallback            0x0800368d   Thumb Code    58  appmain.o(i.HAL_TIM_PeriodElapsedCallback)
    HAL_TIM_TriggerCallback                  0x080036d1   Thumb Code     2  stm32g4xx_hal_tim.o(i.HAL_TIM_TriggerCallback)
    HAL_UARTEx_DisableFifoMode               0x080036d3   Thumb Code    62  stm32g4xx_hal_uart_ex.o(i.HAL_UARTEx_DisableFifoMode)
    HAL_UARTEx_SetRxFifoThreshold            0x08003711   Thumb Code    76  stm32g4xx_hal_uart_ex.o(i.HAL_UARTEx_SetRxFifoThreshold)
    HAL_UARTEx_SetTxFifoThreshold            0x0800375d   Thumb Code    76  stm32g4xx_hal_uart_ex.o(i.HAL_UARTEx_SetTxFifoThreshold)
    HAL_UART_Init                            0x080037a9   Thumb Code   106  stm32g4xx_hal_uart.o(i.HAL_UART_Init)
    HAL_UART_MspInit                         0x08003815   Thumb Code   114  usart.o(i.HAL_UART_MspInit)
    HardFault_Handler                        0x08003895   Thumb Code     2  stm32g4xx_it.o(i.HardFault_Handler)
    InvPark                                  0x080038d1   Thumb Code    44  foc.o(i.InvPark)
    MX_ADC1_Init                             0x08003955   Thumb Code   162  adc.o(i.MX_ADC1_Init)
    MX_DMA_Init                              0x08003a05   Thumb Code    56  dma.o(i.MX_DMA_Init)
    MX_GPIO_Init                             0x08003a41   Thumb Code   168  gpio.o(i.MX_GPIO_Init)
    MX_TIM1_Init                             0x08003af1   Thumb Code   204  tim.o(i.MX_TIM1_Init)
    MX_TIM2_Init                             0x08003bc5   Thumb Code    98  tim.o(i.MX_TIM2_Init)
    MX_TIM3_Init                             0x08003c2d   Thumb Code    94  tim.o(i.MX_TIM3_Init)
    MX_USART3_UART_Init                      0x08003c95   Thumb Code    94  usart.o(i.MX_USART3_UART_Init)
    MX_USB_Device_Init                       0x08003cfd   Thumb Code    66  usb_device.o(i.MX_USB_Device_Init)
    MemManage_Handler                        0x08003d51   Thumb Code     2  stm32g4xx_it.o(i.MemManage_Handler)
    NMI_Handler                              0x08003d53   Thumb Code     2  stm32g4xx_it.o(i.NMI_Handler)
    PendSV_Handler                           0x080040cf   Thumb Code     2  stm32g4xx_it.o(i.PendSV_Handler)
    SVC_Handler                              0x080040d1   Thumb Code     2  stm32g4xx_it.o(i.SVC_Handler)
    Sector_Determination                     0x080040dd   Thumb Code   106  foc.o(i.Sector_Determination)
    SysTick_Handler                          0x0800414d   Thumb Code     4  stm32g4xx_it.o(i.SysTick_Handler)
    SystemClock_Config                       0x08004151   Thumb Code   108  main.o(i.SystemClock_Config)
    SystemInit                               0x080041bd   Thumb Code    12  system_stm32g4xx.o(i.SystemInit)
    TIM1_UP_TIM16_IRQHandler                 0x080041cd   Thumb Code     6  stm32g4xx_it.o(i.TIM1_UP_TIM16_IRQHandler)
    TIM2_IRQHandler                          0x080041d9   Thumb Code     6  stm32g4xx_it.o(i.TIM2_IRQHandler)
    TIM3_IRQHandler                          0x080041e5   Thumb Code     6  stm32g4xx_it.o(i.TIM3_IRQHandler)
    TIM_Base_SetConfig                       0x080041f1   Thumb Code   146  stm32g4xx_hal_tim.o(i.TIM_Base_SetConfig)
    TIM_CCxChannelCmd                        0x080042a1   Thumb Code    26  stm32g4xx_hal_tim.o(i.TIM_CCxChannelCmd)
    TIM_ETR_SetConfig                        0x080042bb   Thumb Code    20  stm32g4xx_hal_tim.o(i.TIM_ETR_SetConfig)
    TIM_OC2_SetConfig                        0x08004381   Thumb Code   120  stm32g4xx_hal_tim.o(i.TIM_OC2_SetConfig)
    UART_AdvFeatureConfig                    0x0800469d   Thumb Code   200  stm32g4xx_hal_uart.o(i.UART_AdvFeatureConfig)
    UART_CheckIdleState                      0x08004765   Thumb Code    96  stm32g4xx_hal_uart.o(i.UART_CheckIdleState)
    UART_SetConfig                           0x080047c5   Thumb Code   582  stm32g4xx_hal_uart.o(i.UART_SetConfig)
    UART_WaitOnFlagUntilTimeout              0x08004a39   Thumb Code   198  stm32g4xx_hal_uart.o(i.UART_WaitOnFlagUntilTimeout)
    USBD_CUSTOM_HID_ConfigStrDescriptor      0x08004b01   Thumb Code    16  usbd_desc.o(i.USBD_CUSTOM_HID_ConfigStrDescriptor)
    USBD_CUSTOM_HID_DeviceDescriptor         0x08004b91   Thumb Code     8  usbd_desc.o(i.USBD_CUSTOM_HID_DeviceDescriptor)
    USBD_CUSTOM_HID_InterfaceStrDescriptor   0x08004c69   Thumb Code    16  usbd_desc.o(i.USBD_CUSTOM_HID_InterfaceStrDescriptor)
    USBD_CUSTOM_HID_LangIDStrDescriptor      0x08004c95   Thumb Code     8  usbd_desc.o(i.USBD_CUSTOM_HID_LangIDStrDescriptor)
    USBD_CUSTOM_HID_ManufacturerStrDescriptor 0x08004ca1   Thumb Code    16  usbd_desc.o(i.USBD_CUSTOM_HID_ManufacturerStrDescriptor)
    USBD_CUSTOM_HID_ProductStrDescriptor     0x08004cc9   Thumb Code    16  usbd_desc.o(i.USBD_CUSTOM_HID_ProductStrDescriptor)
    USBD_CUSTOM_HID_ReceivePacket            0x08004cfd   Thumb Code    24  usbd_customhid.o(i.USBD_CUSTOM_HID_ReceivePacket)
    USBD_CUSTOM_HID_RegisterInterface        0x08004d15   Thumb Code    14  usbd_customhid.o(i.USBD_CUSTOM_HID_RegisterInterface)
    USBD_CUSTOM_HID_SendReport               0x08004d23   Thumb Code    48  usbd_customhid.o(i.USBD_CUSTOM_HID_SendReport)
    USBD_CUSTOM_HID_SerialStrDescriptor      0x08004d55   Thumb Code    48  usbd_desc.o(i.USBD_CUSTOM_HID_SerialStrDescriptor)
    USBD_ClrClassConfig                      0x08004e95   Thumb Code    16  usbd_core.o(i.USBD_ClrClassConfig)
    USBD_CtlContinueRx                       0x08004ea5   Thumb Code    16  usbd_ioreq.o(i.USBD_CtlContinueRx)
    USBD_CtlContinueSendData                 0x08004eb5   Thumb Code    16  usbd_ioreq.o(i.USBD_CtlContinueSendData)
    USBD_CtlError                            0x08004ec5   Thumb Code    22  usbd_ctlreq.o(i.USBD_CtlError)
    USBD_CtlPrepareRx                        0x08004edb   Thumb Code    30  usbd_ioreq.o(i.USBD_CtlPrepareRx)
    USBD_CtlReceiveStatus                    0x08004ef9   Thumb Code    22  usbd_ioreq.o(i.USBD_CtlReceiveStatus)
    USBD_CtlSendData                         0x08004f0f   Thumb Code    26  usbd_ioreq.o(i.USBD_CtlSendData)
    USBD_CtlSendStatus                       0x08004f29   Thumb Code    22  usbd_ioreq.o(i.USBD_CtlSendStatus)
    USBD_GetString                           0x08005039   Thumb Code    72  usbd_ctlreq.o(i.USBD_GetString)
    USBD_Init                                0x08005099   Thumb Code    38  usbd_core.o(i.USBD_Init)
    USBD_LL_ClearStallEP                     0x080050bf   Thumb Code    18  usbd_conf.o(i.USBD_LL_ClearStallEP)
    USBD_LL_CloseEP                          0x080050d1   Thumb Code    18  usbd_conf.o(i.USBD_LL_CloseEP)
    USBD_LL_DataInStage                      0x080050e3   Thumb Code   168  usbd_core.o(i.USBD_LL_DataInStage)
    USBD_LL_DataOutStage                     0x0800518b   Thumb Code   108  usbd_core.o(i.USBD_LL_DataOutStage)
    USBD_LL_Init                             0x080051f9   Thumb Code   108  usbd_conf.o(i.USBD_LL_Init)
    USBD_LL_IsStallEP                        0x0800526d   Thumb Code    32  usbd_conf.o(i.USBD_LL_IsStallEP)
    USBD_LL_OpenEP                           0x0800528d   Thumb Code    24  usbd_conf.o(i.USBD_LL_OpenEP)
    USBD_LL_PrepareReceive                   0x080052a5   Thumb Code    18  usbd_conf.o(i.USBD_LL_PrepareReceive)
    USBD_LL_Reset                            0x080052b7   Thumb Code    90  usbd_core.o(i.USBD_LL_Reset)
    USBD_LL_Resume                           0x08005311   Thumb Code    20  usbd_core.o(i.USBD_LL_Resume)
    USBD_LL_SOF                              0x08005325   Thumb Code    32  usbd_core.o(i.USBD_LL_SOF)
    USBD_LL_SetSpeed                         0x08005345   Thumb Code     6  usbd_core.o(i.USBD_LL_SetSpeed)
    USBD_LL_SetUSBAddress                    0x0800534b   Thumb Code    18  usbd_conf.o(i.USBD_LL_SetUSBAddress)
    USBD_LL_SetupStage                       0x0800535d   Thumb Code    96  usbd_core.o(i.USBD_LL_SetupStage)
    USBD_LL_StallEP                          0x080053bd   Thumb Code    18  usbd_conf.o(i.USBD_LL_StallEP)
    USBD_LL_Start                            0x080053cf   Thumb Code    18  usbd_conf.o(i.USBD_LL_Start)
    USBD_LL_Suspend                          0x080053e1   Thumb Code    18  usbd_core.o(i.USBD_LL_Suspend)
    USBD_LL_Transmit                         0x080053f3   Thumb Code    18  usbd_conf.o(i.USBD_LL_Transmit)
    USBD_ParseSetupRequest                   0x08005405   Thumb Code    44  usbd_ctlreq.o(i.USBD_ParseSetupRequest)
    USBD_RegisterClass                       0x08005431   Thumb Code    36  usbd_core.o(i.USBD_RegisterClass)
    USBD_SetClassConfig                      0x08005455   Thumb Code    20  usbd_core.o(i.USBD_SetClassConfig)
    USBD_Start                               0x08005525   Thumb Code     4  usbd_core.o(i.USBD_Start)
    USBD_StdDevReq                           0x08005529   Thumb Code   276  usbd_ctlreq.o(i.USBD_StdDevReq)
    USBD_StdEPReq                            0x0800563d   Thumb Code   320  usbd_ctlreq.o(i.USBD_StdEPReq)
    USBD_StdItfReq                           0x0800577d   Thumb Code    82  usbd_ctlreq.o(i.USBD_StdItfReq)
    USBD_static_free                         0x080057cf   Thumb Code     2  usbd_conf.o(i.USBD_static_free)
    USBD_static_malloc                       0x080057d1   Thumb Code     4  usbd_conf.o(i.USBD_static_malloc)
    USB_ActivateEndpoint                     0x080057d9   Thumb Code   616  stm32g4xx_ll_usb.o(i.USB_ActivateEndpoint)
    USB_DeactivateEndpoint                   0x08005a41   Thumb Code   270  stm32g4xx_ll_usb.o(i.USB_DeactivateEndpoint)
    USB_DevConnect                           0x08005b4f   Thumb Code    14  stm32g4xx_ll_usb.o(i.USB_DevConnect)
    USB_DevInit                              0x08005b5d   Thumb Code    18  stm32g4xx_ll_usb.o(i.USB_DevInit)
    USB_DisableGlobalInt                     0x08005b6f   Thumb Code    16  stm32g4xx_ll_usb.o(i.USB_DisableGlobalInt)
    USB_EPClearStall                         0x08005b7f   Thumb Code   120  stm32g4xx_ll_usb.o(i.USB_EPClearStall)
    USB_EPSetStall                           0x08005bf7   Thumb Code    50  stm32g4xx_ll_usb.o(i.USB_EPSetStall)
    USB_EPStartXfer                          0x08005c29   Thumb Code  1158  stm32g4xx_ll_usb.o(i.USB_EPStartXfer)
    USB_EnableGlobalInt                      0x080060af   Thumb Code    18  stm32g4xx_ll_usb.o(i.USB_EnableGlobalInt)
    USB_LP_IRQHandler                        0x080060c1   Thumb Code     6  stm32g4xx_it.o(i.USB_LP_IRQHandler)
    USB_ReadInterrupts                       0x080060cd   Thumb Code     6  stm32g4xx_ll_usb.o(i.USB_ReadInterrupts)
    USB_ReadPMA                              0x080060d3   Thumb Code    40  stm32g4xx_ll_usb.o(i.USB_ReadPMA)
    USB_SetDevAddress                        0x080060fb   Thumb Code    12  stm32g4xx_ll_usb.o(i.USB_SetDevAddress)
    USB_WritePMA                             0x08006109   Thumb Code    38  stm32g4xx_ll_usb.o(i.USB_WritePMA)
    UsageFault_Handler                       0x0800612f   Thumb Code     2  stm32g4xx_it.o(i.UsageFault_Handler)
    _IIC_Ack                                 0x08006131   Thumb Code    66  iic.o(i._IIC_Ack)
    _IIC_Read                                0x08006173   Thumb Code    48  iic.o(i._IIC_Read)
    _IIC_Start                               0x080061a3   Thumb Code    26  iic.o(i._IIC_Start)
    _IIC_Stop                                0x080061bd   Thumb Code    38  iic.o(i._IIC_Stop)
    _IIC_Write                               0x080061e5   Thumb Code    66  iic.o(i._IIC_Write)
    _SCL_High                                0x08006229   Thumb Code    10  iic.o(i._SCL_High)
    _SCL_Low                                 0x08006239   Thumb Code    10  iic.o(i._SCL_Low)
    _SDA_High                                0x08006249   Thumb Code    10  iic.o(i._SDA_High)
    _SDA_Low                                 0x08006259   Thumb Code    10  iic.o(i._SDA_Low)
    _SDA_Read                                0x08006269   Thumb Code     8  iic.o(i._SDA_Read)
    __ARM_fpclassify                         0x08006275   Thumb Code    48  fpclassify.o(i.__ARM_fpclassify)
    __hardfp_cos                             0x080062c9   Thumb Code   180  cos.o(i.__hardfp_cos)
    __hardfp_sin                             0x08006391   Thumb Code   180  sin.o(i.__hardfp_sin)
    __ieee754_rem_pio2                       0x08006459   Thumb Code   938  rred.o(i.__ieee754_rem_pio2)
    __kernel_cos                             0x08006891   Thumb Code   322  cos_i.o(i.__kernel_cos)
    __kernel_poly                            0x08006a01   Thumb Code   248  poly.o(i.__kernel_poly)
    __kernel_sin                             0x08006af9   Thumb Code   280  sin_i.o(i.__kernel_sin)
    __mathlib_dbl_infnan                     0x08006c29   Thumb Code    20  dunder.o(i.__mathlib_dbl_infnan)
    __mathlib_dbl_invalid                    0x08006c41   Thumb Code    24  dunder.o(i.__mathlib_dbl_invalid)
    __mathlib_dbl_underflow                  0x08006c61   Thumb Code    24  dunder.o(i.__mathlib_dbl_underflow)
    __scatterload_copy                       0x08006c81   Thumb Code    14  handlers.o(i.__scatterload_copy)
    __scatterload_null                       0x08006c8f   Thumb Code     2  handlers.o(i.__scatterload_null)
    __scatterload_zeroinit                   0x08006c91   Thumb Code    14  handlers.o(i.__scatterload_zeroinit)
    __set_errno                              0x08006ca1   Thumb Code     6  errno.o(i.__set_errno)
    _iic_delay                               0x08006cad   Thumb Code     8  iic.o(i._iic_delay)
    cal_angle_sincos                         0x08006cb5   Thumb Code    82  foc.o(i.cal_angle_sincos)
    fabs                                     0x08006d15   Thumb Code    24  fabs.o(i.fabs)
    foc_init                                 0x08006d2d   Thumb Code    66  foc.o(i.foc_init)
    hid_recv_data                            0x08006d79   Thumb Code    40  usb_hidcommunication.o(i.hid_recv_data)
    hid_send_angle                           0x08006da5   Thumb Code    58  usb_hidcommunication.o(i.hid_send_angle)
    iic_read_data                            0x08006de5   Thumb Code    64  iic.o(i.iic_read_data)
    main                                     0x08006e25   Thumb Code   130  main.o(i.main)
    open_loop_control                        0x08006ead   Thumb Code    64  foc.o(i.open_loop_control)
    positioning_control                      0x08006ef1   Thumb Code    98  foc.o(i.positioning_control)
    pwm_halt                                 0x08006f59   Thumb Code    18  pwm.o(i.pwm_halt)
    pwm_init                                 0x08006f71   Thumb Code    44  pwm.o(i.pwm_init)
    pwm_update                               0x08006fa1   Thumb Code   154  pwm.o(i.pwm_update)
    read_as5600_angle                        0x08007049   Thumb Code   114  as5600.o(i.read_as5600_angle)
    set_foc_ud                               0x080070d1   Thumb Code     8  foc.o(i.set_foc_ud)
    set_foc_uq                               0x080070dd   Thumb Code     8  foc.o(i.set_foc_uq)
    to_electrical_angle                      0x080070e9   Thumb Code    34  foc.o(i.to_electrical_angle)
    UARTPrescTable                           0x08007118   Data          24  stm32g4xx_hal_uart.o(.constdata)
    AHBPrescTable                            0x08007140   Data          16  system_stm32g4xx.o(.constdata)
    APBPrescTable                            0x08007150   Data           8  system_stm32g4xx.o(.constdata)
    Region$$Table$$Base                      0x08007278   Number         0  anon$$obj.o(Region$$Table)
    Region$$Table$$Limit                     0x08007298   Number         0  anon$$obj.o(Region$$Table)
    CUSTOM_HID_Desc                          0x20000000   Data          32  usbd_desc.o(.data)
    USBD_LangIDDesc                          0x20000020   Data           4  usbd_desc.o(.data)
    USBD_CUSTOM_HID_DeviceDesc               0x20000024   Data          18  usbd_desc.o(.data)
    USBD_StringSerial                        0x20000038   Data          26  usbd_desc.o(.data)
    USBD_CustomHID_fops_FS                   0x20000078   Data          16  usbd_custom_hid_if.o(.data)
    uwTickPrio                               0x20000088   Data           4  stm32g4xx_hal.o(.data)
    uwTickFreq                               0x2000008c   Data           4  stm32g4xx_hal.o(.data)
    uwTick                                   0x20000090   Data           4  stm32g4xx_hal.o(.data)
    SystemCoreClock                          0x20000094   Data           4  system_stm32g4xx.o(.data)
    USBD_CUSTOM_HID                          0x2000009c   Data          56  usbd_customhid.o(.data)
    flag                                     0x200001f8   Data           4  appmain.o(.data)
    RUNNING_MODE                             0x200001fc   Data           4  appmain.o(.data)
    USB_Received_Count                       0x20000200   Data           1  usb_hidcommunication.o(.data)
    USB_Recive_Buffer                        0x20000201   Data           8  usb_hidcommunication.o(.data)
    hadc1                                    0x20000210   Data         108  adc.o(.bss)
    hdma_adc1                                0x2000027c   Data          96  adc.o(.bss)
    htim1                                    0x200002dc   Data          76  tim.o(.bss)
    htim2                                    0x20000328   Data          76  tim.o(.bss)
    htim3                                    0x20000374   Data          76  tim.o(.bss)
    huart3                                   0x200003c0   Data         144  usart.o(.bss)
    hpcd_USB_FS                              0x20000470   Data         756  usbd_conf.o(.bss)
    hUsbDeviceFS                             0x20000764   Data         720  usb_device.o(.bss)
    USBD_StrDesc                             0x20000a34   Data         512  usbd_desc.o(.bss)
    FOC_Parameter_M0                         0x20000c34   Data         104  foc.o(.bss)
    __initial_sp                             0x20002ca0   Data           0  startup_stm32g431xx.o(STACK)



==============================================================================

Memory Map of the image

  Image Entry point : 0x080001d9

  Load Region LR_IROM1 (Base: 0x08000000, Size: 0x000074a8, Max: 0x00020000, ABSOLUTE, COMPRESSED[0x000073a8])

    Execution Region ER_IROM1 (Exec base: 0x08000000, Load base: 0x08000000, Size: 0x00007298, Max: 0x00020000, ABSOLUTE)

    Exec Addr    Load Addr    Size         Type   Attr      Idx    E Section Name        Object

    0x08000000   0x08000000   0x000001d8   Data   RO            3    RESET               startup_stm32g431xx.o
    0x080001d8   0x080001d8   0x00000000   Code   RO         5853  * .ARM.Collect$$$$00000000  mc_w.l(entry.o)
    0x080001d8   0x080001d8   0x00000004   Code   RO         5904    .ARM.Collect$$$$00000001  mc_w.l(entry2.o)
    0x080001dc   0x080001dc   0x00000004   Code   RO         5907    .ARM.Collect$$$$00000004  mc_w.l(entry5.o)
    0x080001e0   0x080001e0   0x00000000   Code   RO         5909    .ARM.Collect$$$$00000008  mc_w.l(entry7b.o)
    0x080001e0   0x080001e0   0x00000000   Code   RO         5911    .ARM.Collect$$$$0000000A  mc_w.l(entry8b.o)
    0x080001e0   0x080001e0   0x00000008   Code   RO         5912    .ARM.Collect$$$$0000000B  mc_w.l(entry9a.o)
    0x080001e8   0x080001e8   0x00000000   Code   RO         5914    .ARM.Collect$$$$0000000D  mc_w.l(entry10a.o)
    0x080001e8   0x080001e8   0x00000000   Code   RO         5916    .ARM.Collect$$$$0000000F  mc_w.l(entry11a.o)
    0x080001e8   0x080001e8   0x00000004   Code   RO         5905    .ARM.Collect$$$$00002712  mc_w.l(entry2.o)
    0x080001ec   0x080001ec   0x00000024   Code   RO            4    .text               startup_stm32g431xx.o
    0x08000210   0x08000210   0x00000062   Code   RO         5856    .text               mc_w.l(uldiv.o)
    0x08000272   0x08000272   0x00000024   Code   RO         5858    .text               mc_w.l(memcpya.o)
    0x08000296   0x08000296   0x00000024   Code   RO         5860    .text               mc_w.l(memseta.o)
    0x080002ba   0x080002ba   0x0000014e   Code   RO         5864    .text               mf_w.l(dadd.o)
    0x08000408   0x08000408   0x000000e4   Code   RO         5866    .text               mf_w.l(dmul.o)
    0x080004ec   0x080004ec   0x000000de   Code   RO         5868    .text               mf_w.l(ddiv.o)
    0x080005ca   0x080005ca   0x0000001a   Code   RO         5870    .text               mf_w.l(dfltui.o)
    0x080005e4   0x080005e4   0x00000026   Code   RO         5872    .text               mf_w.l(f2d.o)
    0x0800060a   0x0800060a   0x00000038   Code   RO         5874    .text               mf_w.l(d2f.o)
    0x08000642   0x08000642   0x0000001e   Code   RO         5918    .text               mc_w.l(llshl.o)
    0x08000660   0x08000660   0x00000020   Code   RO         5920    .text               mc_w.l(llushr.o)
    0x08000680   0x08000680   0x00000024   Code   RO         5922    .text               mc_w.l(llsshr.o)
    0x080006a4   0x080006a4   0x00000000   Code   RO         5931    .text               mc_w.l(iusefp.o)
    0x080006a4   0x080006a4   0x0000006e   Code   RO         5932    .text               mf_w.l(fepilogue.o)
    0x08000712   0x08000712   0x000000ba   Code   RO         5934    .text               mf_w.l(depilogue.o)
    0x080007cc   0x080007cc   0x00000024   Code   RO         5948    .text               mc_w.l(init.o)
    0x080007f0   0x080007f0   0x00000022   Code   RO         5950    .text               mf_w.l(dflti.o)
    0x08000812   0x08000812   0x0000003e   Code   RO         5952    .text               mf_w.l(dfixi.o)
    0x08000850   0x08000850   0x00000056   Code   RO         5962    .text               mc_w.l(__dczerorl2.o)
    0x080008a6   0x080008a6   0x00000002   PAD
    0x080008a8   0x080008a8   0x00000048   Code   RO         5372    i.AppMain           appmain.o
    0x080008f0   0x080008f0   0x00000002   Code   RO          438    i.BusFault_Handler  stm32g4xx_it.o
    0x080008f2   0x080008f2   0x00000004   Code   RO          901    i.CUSTOM_HID_DeInit_FS  usbd_custom_hid_if.o
    0x080008f6   0x080008f6   0x00000004   Code   RO          902    i.CUSTOM_HID_Init_FS  usbd_custom_hid_if.o
    0x080008fa   0x080008fa   0x00000002   PAD
    0x080008fc   0x080008fc   0x00000034   Code   RO          903    i.CUSTOM_HID_OutEvent_FS  usbd_custom_hid_if.o
    0x08000930   0x08000930   0x00000064   Code   RO         5765    i.Common_Parameters_Parsing  usb_hidcommunication.o
    0x08000994   0x08000994   0x0000000c   Code   RO          439    i.DMA1_Channel1_IRQHandler  stm32g4xx_it.o
    0x080009a0   0x080009a0   0x00000040   Code   RO         2198    i.DMA_CalcDMAMUXChannelBaseAndMask  stm32g4xx_hal_dma.o
    0x080009e0   0x080009e0   0x00000024   Code   RO         2199    i.DMA_CalcDMAMUXRequestGenBaseAndMask  stm32g4xx_hal_dma.o
    0x08000a04   0x08000a04   0x00000002   Code   RO          440    i.DebugMon_Handler  stm32g4xx_it.o
    0x08000a06   0x08000a06   0x00000004   Code   RO           13    i.Error_Handler     main.o
    0x08000a0a   0x08000a0a   0x00000002   PAD
    0x08000a0c   0x08000a0c   0x000000a8   Code   RO         5600    i.Generate_SVPWM    foc.o
    0x08000ab4   0x08000ab4   0x0000027c   Code   RO         5601    i.Generate_Sector_Time  foc.o
    0x08000d30   0x08000d30   0x000000d8   Code   RO         3095    i.HAL_ADCEx_MultiModeConfigChannel  stm32g4xx_hal_adc_ex.o
    0x08000e08   0x08000e08   0x00000418   Code   RO         2847    i.HAL_ADC_ConfigChannel  stm32g4xx_hal_adc.o
    0x08001220   0x08001220   0x000001fc   Code   RO         2856    i.HAL_ADC_Init      stm32g4xx_hal_adc.o
    0x0800141c   0x0800141c   0x000000ac   Code   RO          247    i.HAL_ADC_MspInit   adc.o
    0x080014c8   0x080014c8   0x000000ba   Code   RO         2206    i.HAL_DMA_IRQHandler  stm32g4xx_hal_dma.o
    0x08001582   0x08001582   0x00000002   PAD
    0x08001584   0x08001584   0x000000c0   Code   RO         2207    i.HAL_DMA_Init      stm32g4xx_hal_dma.o
    0x08001644   0x08001644   0x00000024   Code   RO         1372    i.HAL_Delay         stm32g4xx_hal.o
    0x08001668   0x08001668   0x00000248   Code   RO         2063    i.HAL_GPIO_Init     stm32g4xx_hal_gpio.o
    0x080018b0   0x080018b0   0x0000000a   Code   RO         2065    i.HAL_GPIO_ReadPin  stm32g4xx_hal_gpio.o
    0x080018ba   0x080018ba   0x0000000a   Code   RO         2067    i.HAL_GPIO_WritePin  stm32g4xx_hal_gpio.o
    0x080018c4   0x080018c4   0x0000000c   Code   RO         1376    i.HAL_GetTick       stm32g4xx_hal.o
    0x080018d0   0x080018d0   0x00000010   Code   RO         1379    i.HAL_IncTick       stm32g4xx_hal.o
    0x080018e0   0x080018e0   0x0000001e   Code   RO         1380    i.HAL_Init          stm32g4xx_hal.o
    0x080018fe   0x080018fe   0x00000002   PAD
    0x08001900   0x08001900   0x00000044   Code   RO         1381    i.HAL_InitTick      stm32g4xx_hal.o
    0x08001944   0x08001944   0x00000030   Code   RO          544    i.HAL_MspInit       stm32g4xx_hal_msp.o
    0x08001974   0x08001974   0x0000001a   Code   RO         2710    i.HAL_NVIC_EnableIRQ  stm32g4xx_hal_cortex.o
    0x0800198e   0x0800198e   0x00000002   PAD
    0x08001990   0x08001990   0x00000040   Code   RO         2716    i.HAL_NVIC_SetPriority  stm32g4xx_hal_cortex.o
    0x080019d0   0x080019d0   0x00000024   Code   RO         2717    i.HAL_NVIC_SetPriorityGrouping  stm32g4xx_hal_cortex.o
    0x080019f4   0x080019f4   0x00000024   Code   RO         1168    i.HAL_PCDEx_ActivateLPM  stm32g4xx_hal_pcd_ex.o
    0x08001a18   0x08001a18   0x00000044   Code   RO          568    i.HAL_PCDEx_LPM_Callback  usbd_conf.o
    0x08001a5c   0x08001a5c   0x0000003c   Code   RO         1174    i.HAL_PCDEx_PMAConfig  stm32g4xx_hal_pcd_ex.o
    0x08001a98   0x08001a98   0x00000012   Code   RO          570    i.HAL_PCD_DataInStageCallback  usbd_conf.o
    0x08001aaa   0x08001aaa   0x00000014   Code   RO          571    i.HAL_PCD_DataOutStageCallback  usbd_conf.o
    0x08001abe   0x08001abe   0x0000004c   Code   RO          951    i.HAL_PCD_EP_Close  stm32g4xx_hal_pcd.o
    0x08001b0a   0x08001b0a   0x0000005c   Code   RO          952    i.HAL_PCD_EP_ClrStall  stm32g4xx_hal_pcd.o
    0x08001b66   0x08001b66   0x000000dc   Code   RO          953    i.HAL_PCD_EP_DB_Receive  stm32g4xx_hal_pcd.o
    0x08001c42   0x08001c42   0x00000330   Code   RO          954    i.HAL_PCD_EP_DB_Transmit  stm32g4xx_hal_pcd.o
    0x08001f72   0x08001f72   0x00000060   Code   RO          957    i.HAL_PCD_EP_Open   stm32g4xx_hal_pcd.o
    0x08001fd2   0x08001fd2   0x00000032   Code   RO          958    i.HAL_PCD_EP_Receive  stm32g4xx_hal_pcd.o
    0x08002004   0x08002004   0x00000060   Code   RO          959    i.HAL_PCD_EP_SetStall  stm32g4xx_hal_pcd.o
    0x08002064   0x08002064   0x00000034   Code   RO          960    i.HAL_PCD_EP_Transmit  stm32g4xx_hal_pcd.o
    0x08002098   0x08002098   0x0000014a   Code   RO          962    i.HAL_PCD_IRQHandler  stm32g4xx_hal_pcd.o
    0x080021e2   0x080021e2   0x000000b2   Code   RO          965    i.HAL_PCD_Init      stm32g4xx_hal_pcd.o
    0x08002294   0x08002294   0x00000058   Code   RO          576    i.HAL_PCD_MspInit   usbd_conf.o
    0x080022ec   0x080022ec   0x00000026   Code   RO          577    i.HAL_PCD_ResetCallback  usbd_conf.o
    0x08002312   0x08002312   0x00000002   PAD
    0x08002314   0x08002314   0x00000028   Code   RO          578    i.HAL_PCD_ResumeCallback  usbd_conf.o
    0x0800233c   0x0800233c   0x00000008   Code   RO          579    i.HAL_PCD_SOFCallback  usbd_conf.o
    0x08002344   0x08002344   0x00000028   Code   RO          971    i.HAL_PCD_SetAddress  stm32g4xx_hal_pcd.o
    0x0800236c   0x0800236c   0x0000000e   Code   RO          580    i.HAL_PCD_SetupStageCallback  usbd_conf.o
    0x0800237a   0x0800237a   0x0000002a   Code   RO          973    i.HAL_PCD_Start     stm32g4xx_hal_pcd.o
    0x080023a4   0x080023a4   0x00000024   Code   RO          581    i.HAL_PCD_SuspendCallback  usbd_conf.o
    0x080023c8   0x080023c8   0x000000bc   Code   RO         2466    i.HAL_PWREx_ControlVoltageScaling  stm32g4xx_hal_pwr_ex.o
    0x08002484   0x08002484   0x00000010   Code   RO         2478    i.HAL_PWREx_DisableUCPDDeadBattery  stm32g4xx_hal_pwr_ex.o
    0x08002494   0x08002494   0x00000288   Code   RO         1725    i.HAL_RCCEx_PeriphCLKConfig  stm32g4xx_hal_rcc_ex.o
    0x0800271c   0x0800271c   0x000001dc   Code   RO         1600    i.HAL_RCC_ClockConfig  stm32g4xx_hal_rcc.o
    0x080028f8   0x080028f8   0x00000024   Code   RO         1608    i.HAL_RCC_GetPCLK1Freq  stm32g4xx_hal_rcc.o
    0x0800291c   0x0800291c   0x00000024   Code   RO         1609    i.HAL_RCC_GetPCLK2Freq  stm32g4xx_hal_rcc.o
    0x08002940   0x08002940   0x0000006c   Code   RO         1610    i.HAL_RCC_GetSysClockFreq  stm32g4xx_hal_rcc.o
    0x080029ac   0x080029ac   0x0000040c   Code   RO         1613    i.HAL_RCC_OscConfig  stm32g4xx_hal_rcc.o
    0x08002db8   0x08002db8   0x00000028   Code   RO         2721    i.HAL_SYSTICK_Config  stm32g4xx_hal_cortex.o
    0x08002de0   0x08002de0   0x00000002   Code   RO         4003    i.HAL_TIMEx_Break2Callback  stm32g4xx_hal_tim_ex.o
    0x08002de2   0x08002de2   0x00000002   Code   RO         4004    i.HAL_TIMEx_BreakCallback  stm32g4xx_hal_tim_ex.o
    0x08002de4   0x08002de4   0x00000002   Code   RO         4005    i.HAL_TIMEx_CommutCallback  stm32g4xx_hal_tim_ex.o
    0x08002de6   0x08002de6   0x00000002   PAD
    0x08002de8   0x08002de8   0x000000ac   Code   RO         4008    i.HAL_TIMEx_ConfigBreakDeadTime  stm32g4xx_hal_tim_ex.o
    0x08002e94   0x08002e94   0x00000002   Code   RO         4016    i.HAL_TIMEx_DirectionChangeCallback  stm32g4xx_hal_tim_ex.o
    0x08002e96   0x08002e96   0x00000002   Code   RO         4030    i.HAL_TIMEx_EncoderIndexCallback  stm32g4xx_hal_tim_ex.o
    0x08002e98   0x08002e98   0x00000002   Code   RO         4044    i.HAL_TIMEx_IndexErrorCallback  stm32g4xx_hal_tim_ex.o
    0x08002e9a   0x08002e9a   0x00000002   PAD
    0x08002e9c   0x08002e9c   0x0000009c   Code   RO         4045    i.HAL_TIMEx_MasterConfigSynchronization  stm32g4xx_hal_tim_ex.o
    0x08002f38   0x08002f38   0x00000002   Code   RO         4066    i.HAL_TIMEx_TransitionErrorCallback  stm32g4xx_hal_tim_ex.o
    0x08002f3a   0x08002f3a   0x00000062   Code   RO         3289    i.HAL_TIM_Base_Init  stm32g4xx_hal_tim.o
    0x08002f9c   0x08002f9c   0x00000060   Code   RO          313    i.HAL_TIM_Base_MspInit  tim.o
    0x08002ffc   0x08002ffc   0x00000078   Code   RO         3294    i.HAL_TIM_Base_Start_IT  stm32g4xx_hal_tim.o
    0x08003074   0x08003074   0x00000100   Code   RO         3298    i.HAL_TIM_ConfigClockSource  stm32g4xx_hal_tim.o
    0x08003174   0x08003174   0x00000002   Code   RO         3323    i.HAL_TIM_IC_CaptureCallback  stm32g4xx_hal_tim.o
    0x08003176   0x08003176   0x000001fc   Code   RO         3337    i.HAL_TIM_IRQHandler  stm32g4xx_hal_tim.o
    0x08003372   0x08003372   0x00000002   PAD
    0x08003374   0x08003374   0x00000054   Code   RO          314    i.HAL_TIM_MspPostInit  tim.o
    0x080033c8   0x080033c8   0x00000002   Code   RO         3340    i.HAL_TIM_OC_DelayElapsedCallback  stm32g4xx_hal_tim.o
    0x080033ca   0x080033ca   0x00000124   Code   RO         3361    i.HAL_TIM_PWM_ConfigChannel  stm32g4xx_hal_tim.o
    0x080034ee   0x080034ee   0x00000062   Code   RO         3364    i.HAL_TIM_PWM_Init  stm32g4xx_hal_tim.o
    0x08003550   0x08003550   0x0000003c   Code   RO          316    i.HAL_TIM_PWM_MspInit  tim.o
    0x0800358c   0x0800358c   0x00000002   Code   RO         3367    i.HAL_TIM_PWM_PulseFinishedCallback  stm32g4xx_hal_tim.o
    0x0800358e   0x0800358e   0x00000002   PAD
    0x08003590   0x08003590   0x000000fc   Code   RO         3369    i.HAL_TIM_PWM_Start  stm32g4xx_hal_tim.o
    0x0800368c   0x0800368c   0x00000044   Code   RO         5373    i.HAL_TIM_PeriodElapsedCallback  appmain.o
    0x080036d0   0x080036d0   0x00000002   Code   RO         3380    i.HAL_TIM_TriggerCallback  stm32g4xx_hal_tim.o
    0x080036d2   0x080036d2   0x0000003e   Code   RO         4852    i.HAL_UARTEx_DisableFifoMode  stm32g4xx_hal_uart_ex.o
    0x08003710   0x08003710   0x0000004c   Code   RO         4860    i.HAL_UARTEx_SetRxFifoThreshold  stm32g4xx_hal_uart_ex.o
    0x0800375c   0x0800375c   0x0000004c   Code   RO         4861    i.HAL_UARTEx_SetTxFifoThreshold  stm32g4xx_hal_uart_ex.o
    0x080037a8   0x080037a8   0x0000006a   Code   RO         4461    i.HAL_UART_Init     stm32g4xx_hal_uart.o
    0x08003812   0x08003812   0x00000002   PAD
    0x08003814   0x08003814   0x00000080   Code   RO          385    i.HAL_UART_MspInit  usart.o
    0x08003894   0x08003894   0x00000002   Code   RO          441    i.HardFault_Handler  stm32g4xx_it.o
    0x08003896   0x08003896   0x00000002   PAD
    0x08003898   0x08003898   0x00000038   Code   RO          815    i.IntToUnicode      usbd_desc.o
    0x080038d0   0x080038d0   0x00000030   Code   RO         5602    i.InvPark           foc.o
    0x08003900   0x08003900   0x0000000c   Code   RO         2870    i.LL_ADC_GetOffsetChannel  stm32g4xx_hal_adc.o
    0x0800390c   0x0800390c   0x00000008   Code   RO         2871    i.LL_ADC_INJ_IsConversionOngoing  stm32g4xx_hal_adc.o
    0x08003914   0x08003914   0x00000008   Code   RO         2872    i.LL_ADC_REG_IsConversionOngoing  stm32g4xx_hal_adc.o
    0x0800391c   0x0800391c   0x00000008   Code   RO         3105    i.LL_ADC_REG_IsConversionOngoing  stm32g4xx_hal_adc_ex.o
    0x08003924   0x08003924   0x0000001e   Code   RO         2875    i.LL_ADC_SetChannelSamplingTime  stm32g4xx_hal_adc.o
    0x08003942   0x08003942   0x00000010   Code   RO         2876    i.LL_ADC_SetOffsetState  stm32g4xx_hal_adc.o
    0x08003952   0x08003952   0x00000002   PAD
    0x08003954   0x08003954   0x000000b0   Code   RO          248    i.MX_ADC1_Init      adc.o
    0x08003a04   0x08003a04   0x0000003c   Code   RO          288    i.MX_DMA_Init       dma.o
    0x08003a40   0x08003a40   0x000000b0   Code   RO          222    i.MX_GPIO_Init      gpio.o
    0x08003af0   0x08003af0   0x000000d4   Code   RO          317    i.MX_TIM1_Init      tim.o
    0x08003bc4   0x08003bc4   0x00000068   Code   RO          318    i.MX_TIM2_Init      tim.o
    0x08003c2c   0x08003c2c   0x00000068   Code   RO          319    i.MX_TIM3_Init      tim.o
    0x08003c94   0x08003c94   0x00000068   Code   RO          386    i.MX_USART3_UART_Init  usart.o
    0x08003cfc   0x08003cfc   0x00000054   Code   RO          780    i.MX_USB_Device_Init  usb_device.o
    0x08003d50   0x08003d50   0x00000002   Code   RO          442    i.MemManage_Handler  stm32g4xx_it.o
    0x08003d52   0x08003d52   0x00000002   Code   RO          443    i.NMI_Handler       stm32g4xx_it.o
    0x08003d54   0x08003d54   0x0000037a   Code   RO          976    i.PCD_EP_ISR_Handler  stm32g4xx_hal_pcd.o
    0x080040ce   0x080040ce   0x00000002   Code   RO          444    i.PendSV_Handler    stm32g4xx_it.o
    0x080040d0   0x080040d0   0x00000002   Code   RO          445    i.SVC_Handler       stm32g4xx_it.o
    0x080040d2   0x080040d2   0x0000000a   Code   RO         5140    i.SWAPBYTE          usbd_ctlreq.o
    0x080040dc   0x080040dc   0x00000070   Code   RO         5604    i.Sector_Determination  foc.o
    0x0800414c   0x0800414c   0x00000004   Code   RO          446    i.SysTick_Handler   stm32g4xx_it.o
    0x08004150   0x08004150   0x0000006c   Code   RO           14    i.SystemClock_Config  main.o
    0x080041bc   0x080041bc   0x00000010   Code   RO         4965    i.SystemInit        system_stm32g4xx.o
    0x080041cc   0x080041cc   0x0000000c   Code   RO          447    i.TIM1_UP_TIM16_IRQHandler  stm32g4xx_it.o
    0x080041d8   0x080041d8   0x0000000c   Code   RO          448    i.TIM2_IRQHandler   stm32g4xx_it.o
    0x080041e4   0x080041e4   0x0000000c   Code   RO          449    i.TIM3_IRQHandler   stm32g4xx_it.o
    0x080041f0   0x080041f0   0x000000b0   Code   RO         3382    i.TIM_Base_SetConfig  stm32g4xx_hal_tim.o
    0x080042a0   0x080042a0   0x0000001a   Code   RO         3383    i.TIM_CCxChannelCmd  stm32g4xx_hal_tim.o
    0x080042ba   0x080042ba   0x00000014   Code   RO         3393    i.TIM_ETR_SetConfig  stm32g4xx_hal_tim.o
    0x080042ce   0x080042ce   0x00000002   PAD
    0x080042d0   0x080042d0   0x00000014   Code   RO         3394    i.TIM_ITRx_SetConfig  stm32g4xx_hal_tim.o
    0x080042e4   0x080042e4   0x0000009c   Code   RO         3395    i.TIM_OC1_SetConfig  stm32g4xx_hal_tim.o
    0x08004380   0x08004380   0x00000090   Code   RO         3396    i.TIM_OC2_SetConfig  stm32g4xx_hal_tim.o
    0x08004410   0x08004410   0x00000090   Code   RO         3397    i.TIM_OC3_SetConfig  stm32g4xx_hal_tim.o
    0x080044a0   0x080044a0   0x00000090   Code   RO         3398    i.TIM_OC4_SetConfig  stm32g4xx_hal_tim.o
    0x08004530   0x08004530   0x00000070   Code   RO         3399    i.TIM_OC5_SetConfig  stm32g4xx_hal_tim.o
    0x080045a0   0x080045a0   0x00000070   Code   RO         3400    i.TIM_OC6_SetConfig  stm32g4xx_hal_tim.o
    0x08004610   0x08004610   0x00000022   Code   RO         3402    i.TIM_TI1_ConfigInputStage  stm32g4xx_hal_tim.o
    0x08004632   0x08004632   0x00000024   Code   RO         3404    i.TIM_TI2_ConfigInputStage  stm32g4xx_hal_tim.o
    0x08004656   0x08004656   0x00000002   PAD
    0x08004658   0x08004658   0x00000044   Code   RO         4865    i.UARTEx_SetNbDataToProcess  stm32g4xx_hal_uart_ex.o
    0x0800469c   0x0800469c   0x000000c8   Code   RO         4475    i.UART_AdvFeatureConfig  stm32g4xx_hal_uart.o
    0x08004764   0x08004764   0x00000060   Code   RO         4476    i.UART_CheckIdleState  stm32g4xx_hal_uart.o
    0x080047c4   0x080047c4   0x00000274   Code   RO         4493    i.UART_SetConfig    stm32g4xx_hal_uart.o
    0x08004a38   0x08004a38   0x000000c6   Code   RO         4500    i.UART_WaitOnFlagUntilTimeout  stm32g4xx_hal_uart.o
    0x08004afe   0x08004afe   0x00000002   PAD
    0x08004b00   0x08004b00   0x00000028   Code   RO          816    i.USBD_CUSTOM_HID_ConfigStrDescriptor  usbd_desc.o
    0x08004b28   0x08004b28   0x0000000c   Code   RO         5273    i.USBD_CUSTOM_HID_DataIn  usbd_customhid.o
    0x08004b34   0x08004b34   0x0000001e   Code   RO         5274    i.USBD_CUSTOM_HID_DataOut  usbd_customhid.o
    0x08004b52   0x08004b52   0x0000003e   Code   RO         5275    i.USBD_CUSTOM_HID_DeInit  usbd_customhid.o
    0x08004b90   0x08004b90   0x0000000c   Code   RO          817    i.USBD_CUSTOM_HID_DeviceDescriptor  usbd_desc.o
    0x08004b9c   0x08004b9c   0x0000002a   Code   RO         5276    i.USBD_CUSTOM_HID_EP0_RxReady  usbd_customhid.o
    0x08004bc6   0x08004bc6   0x00000002   PAD
    0x08004bc8   0x08004bc8   0x0000000c   Code   RO         5277    i.USBD_CUSTOM_HID_GetDeviceQualifierDesc  usbd_customhid.o
    0x08004bd4   0x08004bd4   0x0000000c   Code   RO         5278    i.USBD_CUSTOM_HID_GetFSCfgDesc  usbd_customhid.o
    0x08004be0   0x08004be0   0x0000000c   Code   RO         5279    i.USBD_CUSTOM_HID_GetHSCfgDesc  usbd_customhid.o
    0x08004bec   0x08004bec   0x0000000c   Code   RO         5280    i.USBD_CUSTOM_HID_GetOtherSpeedCfgDesc  usbd_customhid.o
    0x08004bf8   0x08004bf8   0x00000070   Code   RO         5281    i.USBD_CUSTOM_HID_Init  usbd_customhid.o
    0x08004c68   0x08004c68   0x0000002c   Code   RO          818    i.USBD_CUSTOM_HID_InterfaceStrDescriptor  usbd_desc.o
    0x08004c94   0x08004c94   0x0000000c   Code   RO          819    i.USBD_CUSTOM_HID_LangIDStrDescriptor  usbd_desc.o
    0x08004ca0   0x08004ca0   0x00000028   Code   RO          820    i.USBD_CUSTOM_HID_ManufacturerStrDescriptor  usbd_desc.o
    0x08004cc8   0x08004cc8   0x00000034   Code   RO          821    i.USBD_CUSTOM_HID_ProductStrDescriptor  usbd_desc.o
    0x08004cfc   0x08004cfc   0x00000018   Code   RO         5282    i.USBD_CUSTOM_HID_ReceivePacket  usbd_customhid.o
    0x08004d14   0x08004d14   0x0000000e   Code   RO         5283    i.USBD_CUSTOM_HID_RegisterInterface  usbd_customhid.o
    0x08004d22   0x08004d22   0x00000030   Code   RO         5284    i.USBD_CUSTOM_HID_SendReport  usbd_customhid.o
    0x08004d52   0x08004d52   0x00000002   PAD
    0x08004d54   0x08004d54   0x00000038   Code   RO          822    i.USBD_CUSTOM_HID_SerialStrDescriptor  usbd_desc.o
    0x08004d8c   0x08004d8c   0x00000108   Code   RO         5285    i.USBD_CUSTOM_HID_Setup  usbd_customhid.o
    0x08004e94   0x08004e94   0x00000010   Code   RO         5002    i.USBD_ClrClassConfig  usbd_core.o
    0x08004ea4   0x08004ea4   0x00000010   Code   RO         5213    i.USBD_CtlContinueRx  usbd_ioreq.o
    0x08004eb4   0x08004eb4   0x00000010   Code   RO         5214    i.USBD_CtlContinueSendData  usbd_ioreq.o
    0x08004ec4   0x08004ec4   0x00000016   Code   RO         5141    i.USBD_CtlError     usbd_ctlreq.o
    0x08004eda   0x08004eda   0x0000001e   Code   RO         5215    i.USBD_CtlPrepareRx  usbd_ioreq.o
    0x08004ef8   0x08004ef8   0x00000016   Code   RO         5216    i.USBD_CtlReceiveStatus  usbd_ioreq.o
    0x08004f0e   0x08004f0e   0x0000001a   Code   RO         5217    i.USBD_CtlSendData  usbd_ioreq.o
    0x08004f28   0x08004f28   0x00000016   Code   RO         5218    i.USBD_CtlSendStatus  usbd_ioreq.o
    0x08004f3e   0x08004f3e   0x000000fa   Code   RO         5142    i.USBD_GetDescriptor  usbd_ctlreq.o
    0x08005038   0x08005038   0x00000048   Code   RO         5143    i.USBD_GetString    usbd_ctlreq.o
    0x08005080   0x08005080   0x00000018   Code   RO          582    i.USBD_Get_USB_Status  usbd_conf.o
    0x08005098   0x08005098   0x00000026   Code   RO         5004    i.USBD_Init         usbd_core.o
    0x080050be   0x080050be   0x00000012   Code   RO          583    i.USBD_LL_ClearStallEP  usbd_conf.o
    0x080050d0   0x080050d0   0x00000012   Code   RO          584    i.USBD_LL_CloseEP   usbd_conf.o
    0x080050e2   0x080050e2   0x000000a8   Code   RO         5005    i.USBD_LL_DataInStage  usbd_core.o
    0x0800518a   0x0800518a   0x0000006c   Code   RO         5006    i.USBD_LL_DataOutStage  usbd_core.o
    0x080051f6   0x080051f6   0x00000002   PAD
    0x080051f8   0x080051f8   0x00000074   Code   RO          589    i.USBD_LL_Init      usbd_conf.o
    0x0800526c   0x0800526c   0x00000020   Code   RO          590    i.USBD_LL_IsStallEP  usbd_conf.o
    0x0800528c   0x0800528c   0x00000018   Code   RO          591    i.USBD_LL_OpenEP    usbd_conf.o
    0x080052a4   0x080052a4   0x00000012   Code   RO          592    i.USBD_LL_PrepareReceive  usbd_conf.o
    0x080052b6   0x080052b6   0x0000005a   Code   RO         5011    i.USBD_LL_Reset     usbd_core.o
    0x08005310   0x08005310   0x00000014   Code   RO         5012    i.USBD_LL_Resume    usbd_core.o
    0x08005324   0x08005324   0x00000020   Code   RO         5013    i.USBD_LL_SOF       usbd_core.o
    0x08005344   0x08005344   0x00000006   Code   RO         5014    i.USBD_LL_SetSpeed  usbd_core.o
    0x0800534a   0x0800534a   0x00000012   Code   RO          593    i.USBD_LL_SetUSBAddress  usbd_conf.o
    0x0800535c   0x0800535c   0x00000060   Code   RO         5015    i.USBD_LL_SetupStage  usbd_core.o
    0x080053bc   0x080053bc   0x00000012   Code   RO          594    i.USBD_LL_StallEP   usbd_conf.o
    0x080053ce   0x080053ce   0x00000012   Code   RO          595    i.USBD_LL_Start     usbd_conf.o
    0x080053e0   0x080053e0   0x00000012   Code   RO         5016    i.USBD_LL_Suspend   usbd_core.o
    0x080053f2   0x080053f2   0x00000012   Code   RO          597    i.USBD_LL_Transmit  usbd_conf.o
    0x08005404   0x08005404   0x0000002c   Code   RO         5144    i.USBD_ParseSetupRequest  usbd_ctlreq.o
    0x08005430   0x08005430   0x00000024   Code   RO         5017    i.USBD_RegisterClass  usbd_core.o
    0x08005454   0x08005454   0x00000014   Code   RO         5019    i.USBD_SetClassConfig  usbd_core.o
    0x08005468   0x08005468   0x000000bc   Code   RO         5145    i.USBD_SetConfig    usbd_ctlreq.o
    0x08005524   0x08005524   0x00000004   Code   RO         5020    i.USBD_Start        usbd_core.o
    0x08005528   0x08005528   0x00000114   Code   RO         5146    i.USBD_StdDevReq    usbd_ctlreq.o
    0x0800563c   0x0800563c   0x00000140   Code   RO         5147    i.USBD_StdEPReq     usbd_ctlreq.o
    0x0800577c   0x0800577c   0x00000052   Code   RO         5148    i.USBD_StdItfReq    usbd_ctlreq.o
    0x080057ce   0x080057ce   0x00000002   Code   RO          598    i.USBD_static_free  usbd_conf.o
    0x080057d0   0x080057d0   0x00000008   Code   RO          599    i.USBD_static_malloc  usbd_conf.o
    0x080057d8   0x080057d8   0x00000268   Code   RO         1233    i.USB_ActivateEndpoint  stm32g4xx_ll_usb.o
    0x08005a40   0x08005a40   0x0000010e   Code   RO         1237    i.USB_DeactivateEndpoint  stm32g4xx_ll_usb.o
    0x08005b4e   0x08005b4e   0x0000000e   Code   RO         1238    i.USB_DevConnect    stm32g4xx_ll_usb.o
    0x08005b5c   0x08005b5c   0x00000012   Code   RO         1240    i.USB_DevInit       stm32g4xx_ll_usb.o
    0x08005b6e   0x08005b6e   0x00000010   Code   RO         1241    i.USB_DisableGlobalInt  stm32g4xx_ll_usb.o
    0x08005b7e   0x08005b7e   0x00000078   Code   RO         1242    i.USB_EPClearStall  stm32g4xx_ll_usb.o
    0x08005bf6   0x08005bf6   0x00000032   Code   RO         1243    i.USB_EPSetStall    stm32g4xx_ll_usb.o
    0x08005c28   0x08005c28   0x00000486   Code   RO         1244    i.USB_EPStartXfer   stm32g4xx_ll_usb.o
    0x080060ae   0x080060ae   0x00000012   Code   RO         1245    i.USB_EnableGlobalInt  stm32g4xx_ll_usb.o
    0x080060c0   0x080060c0   0x0000000c   Code   RO          450    i.USB_LP_IRQHandler  stm32g4xx_it.o
    0x080060cc   0x080060cc   0x00000006   Code   RO         1246    i.USB_ReadInterrupts  stm32g4xx_ll_usb.o
    0x080060d2   0x080060d2   0x00000028   Code   RO         1247    i.USB_ReadPMA       stm32g4xx_ll_usb.o
    0x080060fa   0x080060fa   0x0000000c   Code   RO         1249    i.USB_SetDevAddress  stm32g4xx_ll_usb.o
    0x08006106   0x08006106   0x00000002   PAD
    0x08006108   0x08006108   0x00000026   Code   RO         1251    i.USB_WritePMA      stm32g4xx_ll_usb.o
    0x0800612e   0x0800612e   0x00000002   Code   RO          451    i.UsageFault_Handler  stm32g4xx_it.o
    0x08006130   0x08006130   0x00000042   Code   RO         5461    i._IIC_Ack          iic.o
    0x08006172   0x08006172   0x00000030   Code   RO         5462    i._IIC_Read         iic.o
    0x080061a2   0x080061a2   0x0000001a   Code   RO         5463    i._IIC_Start        iic.o
    0x080061bc   0x080061bc   0x00000026   Code   RO         5464    i._IIC_Stop         iic.o
    0x080061e2   0x080061e2   0x00000002   PAD
    0x080061e4   0x080061e4   0x00000042   Code   RO         5465    i._IIC_Write        iic.o
    0x08006226   0x08006226   0x00000002   PAD
    0x08006228   0x08006228   0x00000010   Code   RO         5466    i._SCL_High         iic.o
    0x08006238   0x08006238   0x00000010   Code   RO         5467    i._SCL_Low          iic.o
    0x08006248   0x08006248   0x00000010   Code   RO         5468    i._SDA_High         iic.o
    0x08006258   0x08006258   0x00000010   Code   RO         5470    i._SDA_Low          iic.o
    0x08006268   0x08006268   0x0000000c   Code   RO         5472    i._SDA_Read         iic.o
    0x08006274   0x08006274   0x00000030   Code   RO         5944    i.__ARM_fpclassify  m_wm.l(fpclassify.o)
    0x080062a4   0x080062a4   0x00000020   Code   RO         2723    i.__NVIC_SetPriority  stm32g4xx_hal_cortex.o
    0x080062c4   0x080062c4   0x00000004   PAD
    0x080062c8   0x080062c8   0x000000c8   Code   RO         5829    i.__hardfp_cos      m_wm.l(cos.o)
    0x08006390   0x08006390   0x000000c8   Code   RO         5841    i.__hardfp_sin      m_wm.l(sin.o)
    0x08006458   0x08006458   0x00000438   Code   RO         5893    i.__ieee754_rem_pio2  m_wm.l(rred.o)
    0x08006890   0x08006890   0x00000170   Code   RO         5876    i.__kernel_cos      m_wm.l(cos_i.o)
    0x08006a00   0x08006a00   0x000000f8   Code   RO         5946    i.__kernel_poly     m_wm.l(poly.o)
    0x08006af8   0x08006af8   0x00000130   Code   RO         5898    i.__kernel_sin      m_wm.l(sin_i.o)
    0x08006c28   0x08006c28   0x00000014   Code   RO         5880    i.__mathlib_dbl_infnan  m_wm.l(dunder.o)
    0x08006c3c   0x08006c3c   0x00000004   PAD
    0x08006c40   0x08006c40   0x00000020   Code   RO         5882    i.__mathlib_dbl_invalid  m_wm.l(dunder.o)
    0x08006c60   0x08006c60   0x00000020   Code   RO         5885    i.__mathlib_dbl_underflow  m_wm.l(dunder.o)
    0x08006c80   0x08006c80   0x0000000e   Code   RO         5956    i.__scatterload_copy  mc_w.l(handlers.o)
    0x08006c8e   0x08006c8e   0x00000002   Code   RO         5957    i.__scatterload_null  mc_w.l(handlers.o)
    0x08006c90   0x08006c90   0x0000000e   Code   RO         5958    i.__scatterload_zeroinit  mc_w.l(handlers.o)
    0x08006c9e   0x08006c9e   0x00000002   PAD
    0x08006ca0   0x08006ca0   0x0000000c   Code   RO         5926    i.__set_errno       mc_w.l(errno.o)
    0x08006cac   0x08006cac   0x00000008   Code   RO         5473    i._iic_delay        iic.o
    0x08006cb4   0x08006cb4   0x00000060   Code   RO         5605    i.cal_angle_sincos  foc.o
    0x08006d14   0x08006d14   0x00000018   Code   RO         5940    i.fabs              m_wm.l(fabs.o)
    0x08006d2c   0x08006d2c   0x0000004c   Code   RO         5606    i.foc_init          foc.o
    0x08006d78   0x08006d78   0x0000002c   Code   RO         5766    i.hid_recv_data     usb_hidcommunication.o
    0x08006da4   0x08006da4   0x00000040   Code   RO         5771    i.hid_send_angle    usb_hidcommunication.o
    0x08006de4   0x08006de4   0x00000040   Code   RO         5474    i.iic_read_data     iic.o
    0x08006e24   0x08006e24   0x00000088   Code   RO           15    i.main              main.o
    0x08006eac   0x08006eac   0x00000044   Code   RO         5607    i.open_loop_control  foc.o
    0x08006ef0   0x08006ef0   0x00000068   Code   RO         5608    i.positioning_control  foc.o
    0x08006f58   0x08006f58   0x00000018   Code   RO         5560    i.pwm_halt          pwm.o
    0x08006f70   0x08006f70   0x00000030   Code   RO         5561    i.pwm_init          pwm.o
    0x08006fa0   0x08006fa0   0x000000a8   Code   RO         5562    i.pwm_update        pwm.o
    0x08007048   0x08007048   0x00000088   Code   RO         5427    i.read_as5600_angle  as5600.o
    0x080070d0   0x080070d0   0x0000000c   Code   RO         5609    i.set_foc_ud        foc.o
    0x080070dc   0x080070dc   0x0000000c   Code   RO         5610    i.set_foc_uq        foc.o
    0x080070e8   0x080070e8   0x00000030   Code   RO         5613    i.to_electrical_angle  foc.o
    0x08007118   0x08007118   0x00000018   Data   RO         4501    .constdata          stm32g4xx_hal_uart.o
    0x08007130   0x08007130   0x00000010   Data   RO         4866    .constdata          stm32g4xx_hal_uart_ex.o
    0x08007140   0x08007140   0x00000010   Data   RO         4966    .constdata          system_stm32g4xx.o
    0x08007150   0x08007150   0x00000008   Data   RO         4967    .constdata          system_stm32g4xx.o
    0x08007158   0x08007158   0x00000030   Data   RO         5877    .constdata          m_wm.l(cos_i.o)
    0x08007188   0x08007188   0x000000c8   Data   RO         5895    .constdata          m_wm.l(rred.o)
    0x08007250   0x08007250   0x00000028   Data   RO         5899    .constdata          m_wm.l(sin_i.o)
    0x08007278   0x08007278   0x00000020   Data   RO         5954    Region$$Table       anon$$obj.o


    Execution Region RW_IRAM1 (Exec base: 0x20000000, Load base: 0x08007298, Size: 0x00002ca0, Max: 0x00008000, ABSOLUTE, COMPRESSED[0x00000110])

    Exec Addr    Load Addr    Size         Type   Attr      Idx    E Section Name        Object

    0x20000000   COMPRESSED   0x00000020   Data   RW          824    .data               usbd_desc.o
    0x20000020   COMPRESSED   0x00000032   Data   RW          825    .data               usbd_desc.o
    0x20000052   COMPRESSED   0x00000002   PAD
    0x20000054   COMPRESSED   0x00000022   Data   RW          904    .data               usbd_custom_hid_if.o
    0x20000076   COMPRESSED   0x00000002   PAD
    0x20000078   COMPRESSED   0x00000010   Data   RW          905    .data               usbd_custom_hid_if.o
    0x20000088   COMPRESSED   0x0000000c   Data   RW         1400    .data               stm32g4xx_hal.o
    0x20000094   COMPRESSED   0x00000004   Data   RW         4968    .data               system_stm32g4xx.o
    0x20000098   COMPRESSED   0x00000001   Data   RW         5149    .data               usbd_ctlreq.o
    0x20000099   COMPRESSED   0x00000003   PAD
    0x2000009c   COMPRESSED   0x00000038   Data   RW         5287    .data               usbd_customhid.o
    0x200000d4   COMPRESSED   0x00000123   Data   RW         5288    .data               usbd_customhid.o
    0x200001f7   COMPRESSED   0x00000001   PAD
    0x200001f8   COMPRESSED   0x00000008   Data   RW         5374    .data               appmain.o
    0x20000200   COMPRESSED   0x00000009   Data   RW         5772    .data               usb_hidcommunication.o
    0x20000209   COMPRESSED   0x00000003   PAD
    0x2000020c   COMPRESSED   0x00000004   Data   RW         5927    .data               mc_w.l(errno.o)
    0x20000210        -       0x000000cc   Zero   RW          249    .bss                adc.o
    0x200002dc        -       0x000000e4   Zero   RW          320    .bss                tim.o
    0x200003c0        -       0x00000090   Zero   RW          389    .bss                usart.o
    0x20000450        -       0x00000314   Zero   RW          600    .bss                usbd_conf.o
    0x20000764        -       0x000002d0   Zero   RW          781    .bss                usb_device.o
    0x20000a34        -       0x00000200   Zero   RW          823    .bss                usbd_desc.o
    0x20000c34        -       0x00000068   Zero   RW         5614    .bss                foc.o
    0x20000c9c   COMPRESSED   0x00000004   PAD
    0x20000ca0        -       0x00002000   Zero   RW            1    STACK               startup_stm32g431xx.o


==============================================================================

Image component sizes


      Code (inc. data)   RO Data    RW Data    ZI Data      Debug   Object Name

       348         26          0          0        204       2051   adc.o
       140         32          0          8          0       1938   appmain.o
       136         22          0          0          0        696   as5600.o
        60          4          0          0          0        866   dma.o
      1380        100          0          0        104       8496   foc.o
       176          8          0          0          0       1015   gpio.o
       392         28          0          0          0       6687   iic.o
       248          6          0          0          0     700055   main.o
       240         24          0          0          0       1635   pwm.o
        36          8        472          0       8192        864   startup_stm32g431xx.o
       162         24          0         12          0       4521   stm32g4xx_hal.o
      1630         82          0          0          0      73351   stm32g4xx_hal_adc.o
       224          8          0          0          0      67751   stm32g4xx_hal_adc_ex.o
       198         14          0          0          0      34007   stm32g4xx_hal_cortex.o
       478         30          0          0          0       3496   stm32g4xx_hal_dma.o
       604         34          0          0          0       3115   stm32g4xx_hal_gpio.o
        48          6          0          0          0        918   stm32g4xx_hal_msp.o
      2978          0          0          0          0      14525   stm32g4xx_hal_pcd.o
        96          0          0          0          0       2032   stm32g4xx_hal_pcd_ex.o
       204         18          0          0          0       1461   stm32g4xx_hal_pwr_ex.o
      1692         88          0          0          0       6440   stm32g4xx_hal_rcc.o
       648         10          0          0          0       1932   stm32g4xx_hal_rcc_ex.o
      2756        260          0          0          0      18864   stm32g4xx_hal_tim.o
       342         32          0          0          0       6604   stm32g4xx_hal_tim_ex.o
      1228         66         24          0          0      24550   stm32g4xx_hal_uart.o
       282          6         16          0          0       3801   stm32g4xx_hal_uart_ex.o
        80         30          0          0          0       6916   stm32g4xx_it.o
      2376          0          0          0          0      14760   stm32g4xx_ll_usb.o
        16          4         24          4          0       1211   system_stm32g4xx.o
       660         54          0          0        228       4656   tim.o
       232         24          0          0        144       1962   usart.o
        84         18          0          0        720        864   usb_device.o
       208         20          0          9          0       3304   usb_hidcommunication.o
       662         36          0          0        788      15427   usbd_conf.o
       652          0          0          0          0      10299   usbd_core.o
      1264         22          0          1          0      14664   usbd_ctlreq.o
        60         12          0         50          0       2561   usbd_custom_hid_if.o
       656         32          0        347          0      12671   usbd_customhid.o
       312        128          0         82        512       6597   usbd_desc.o
       132          0          0          0          0       4724   usbd_ioreq.o

    ----------------------------------------------------------------------
     24168       1316        568        524      10896    1092287   Object Totals
         0          0         32          0          0          0   (incl. Generated)
        48          0          0         11          4          0   (incl. Padding)

    ----------------------------------------------------------------------

      Code (inc. data)   RO Data    RW Data    ZI Data      Debug   Library Member Name

       200         20          0          0          0        164   cos.o
       368         46         48          0          0        200   cos_i.o
        84         16          0          0          0        372   dunder.o
        24          0          0          0          0        124   fabs.o
        48          0          0          0          0        124   fpclassify.o
       248          0          0          0          0        152   poly.o
      1080        142        200          0          0        188   rred.o
       200         20          0          0          0        164   sin.o
       304         24         40          0          0        208   sin_i.o
        86          0          0          0          0          0   __dczerorl2.o
         0          0          0          0          0          0   entry.o
         0          0          0          0          0          0   entry10a.o
         0          0          0          0          0          0   entry11a.o
         8          4          0          0          0          0   entry2.o
         4          0          0          0          0          0   entry5.o
         0          0          0          0          0          0   entry7b.o
         0          0          0          0          0          0   entry8b.o
         8          4          0          0          0          0   entry9a.o
        12          6          0          4          0         68   errno.o
        30          0          0          0          0          0   handlers.o
        36          8          0          0          0         68   init.o
         0          0          0          0          0          0   iusefp.o
        30          0          0          0          0         68   llshl.o
        36          0          0          0          0         68   llsshr.o
        32          0          0          0          0         68   llushr.o
        36          0          0          0          0         68   memcpya.o
        36          0          0          0          0        108   memseta.o
        98          0          0          0          0         92   uldiv.o
        56          0          0          0          0         88   d2f.o
       334          0          0          0          0        148   dadd.o
       222          0          0          0          0        100   ddiv.o
       186          0          0          0          0        176   depilogue.o
        62          0          0          0          0         80   dfixi.o
        34          0          0          0          0         76   dflti.o
        26          0          0          0          0         76   dfltui.o
       228          0          0          0          0         96   dmul.o
        38          0          0          0          0         68   f2d.o
       110          0          0          0          0        168   fepilogue.o

    ----------------------------------------------------------------------
      4312        290        288          4          0       3380   Library Totals
         8          0          0          0          0          0   (incl. Padding)

    ----------------------------------------------------------------------

      Code (inc. data)   RO Data    RW Data    ZI Data      Debug   Library Name

      2556        268        288          0          0       1696   m_wm.l
       452         22          0          4          0        608   mc_w.l
      1296          0          0          0          0       1076   mf_w.l

    ----------------------------------------------------------------------
      4312        290        288          4          0       3380   Library Totals

    ----------------------------------------------------------------------

==============================================================================


      Code (inc. data)   RO Data    RW Data    ZI Data      Debug   

     28480       1606        856        528      10896    1071171   Grand Totals
     28480       1606        856        272      10896    1071171   ELF Image Totals (compressed)
     28480       1606        856        272          0          0   ROM Totals

==============================================================================

    Total RO  Size (Code + RO Data)                29336 (  28.65kB)
    Total RW  Size (RW Data + ZI Data)             11424 (  11.16kB)
    Total ROM Size (Code + RO Data + RW Data)      29608 (  28.91kB)

==============================================================================

