<html>
<body>
<pre>
<h1>µVision Build Log</h1>
<h2>Tool Versions:</h2>
IDE-Version: ¦ÌVision V5.29.0.0
Copyright (C) 2019 ARM Ltd and ARM Germany GmbH. All rights reserved.
License Information: wu huipeng, wu, LIC=IK1BF-617D5-KPWZY-ID09T-JGC9W-RV72M
 
Tool Versions:
Toolchain:       MDK-ARM Plus  Version: 5.29.0.0
Toolchain Path:  C:\Keil_v5\ARM\ARMCC\Bin
C Compiler:      Armcc.exe V5.06 update 6 (build 750)
Assembler:       Armasm.exe V5.06 update 6 (build 750)
Linker/Locator:  ArmLink.exe V5.06 update 6 (build 750)
Library Manager: ArmAr.exe V5.06 update 6 (build 750)
Hex Converter:   FromElf.exe V5.06 update 6 (build 750)
CPU DLL:         SARMCM3.DLL V5.29.0.0
Dialog DLL:      DCM.DLL V1.17.3.0
Target DLL:      CMSIS_AGDI.dll V1.32.0.0
Dialog DLL:      TCM.DLL V1.36.5.0
 
<h2>Project:</h2>
F:\Gitee\STM32G431CBT6\4008_FOC_HID\3.Software\STM32G431_FOC_HID\MDK-ARM\STM32G431_FOC_HID.uvprojx
Project File Date:  04/24/2023

<h2>Output:</h2>
*** Using Compiler 'V5.06 update 6 (build 750)', folder: 'C:\Keil_v5\ARM\ARMCC\Bin'
Build target 'STM32G431_FOC_HID'
compiling AppMain.c...
../BSP/AS5600.h(14): warning:  #1295-D: Deprecated declaration read_as5600_angle - give arg types
  float read_as5600_angle();
../BSP/electricity_get.h(13): warning:  #1295-D: Deprecated declaration start_adc - give arg types
  void start_adc();
../BSP/electricity_get.h(14): warning:  #1295-D: Deprecated declaration get_adc_value - give arg types
  int get_adc_value();
../BSP/electricity_get.h(18): warning:  #1-D: last line of file ends without a newline
  #endif
..\UserApp\AppMain.c(38): warning:  #128-D: loop is not reachable
  	while(1){
..\UserApp\AppMain.c: 5 warnings, 0 errors
compiling FOC.c...
..\BSP\AS5600.h(14): warning:  #1295-D: Deprecated declaration read_as5600_angle - give arg types
  float read_as5600_angle();
..\BSP\FOC.c(58): warning:  #1035-D: single-precision operand implicitly converted to double-precision
      float K = ROOT_SIGN_3 * FOC_Parameter_M0.Ts / FOC_Parameter_M0.Udc;
..\BSP\FOC.c(63): warning:  #1035-D: single-precision operand implicitly converted to double-precision
      U3 =  0.8660254037844386* FOC_Parameter_M0.Ualpha - FOC_Parameter_M0.Ubeta/2;
..\BSP\FOC.c(176): warning:  #1035-D: single-precision operand implicitly converted to double-precision
      FOC_Parameter_M0.Ualpha = FOC_Parameter_M0.Desire_Ud * cos(angle  * 0.0174532922222) - FOC_Parameter_M0.Desire_Uq * sin(angle * 0.0174532922222);
..\BSP\FOC.c(176): warning:  #1035-D: single-precision operand implicitly converted to double-precision
      FOC_Parameter_M0.Ualpha = FOC_Parameter_M0.Desire_Ud * cos(angle  * 0.0174532922222) - FOC_Parameter_M0.Desire_Uq * sin(angle * 0.0174532922222);
..\BSP\FOC.c(177): warning:  #1035-D: single-precision operand implicitly converted to double-precision
      FOC_Parameter_M0.Ubeta  = FOC_Parameter_M0.Desire_Ud * sin(angle  * 0.0174532922222) + FOC_Parameter_M0.Desire_Uq * cos(angle * 0.0174532922222);
..\BSP\FOC.c(177): warning:  #1035-D: single-precision operand implicitly converted to double-precision
      FOC_Parameter_M0.Ubeta  = FOC_Parameter_M0.Desire_Ud * sin(angle  * 0.0174532922222) + FOC_Parameter_M0.Desire_Uq * cos(angle * 0.0174532922222);
..\BSP\FOC.c(231): warning:  #1035-D: single-precision operand implicitly converted to double-precision
  	angle = to_electrical_angle(angle+10.9);
..\BSP\FOC.c: 8 warnings, 0 errors
linking...
Program Size: Code=28460 RO-data=860 RW-data=408 ZI-data=13328  
FromELF: creating hex file...
"STM32G431_FOC_HID\STM32G431_FOC_HID.axf" - 0 Error(s), 13 Warning(s).

<h2>Software Packages used:</h2>

Package Vendor: ARM
                http://www.keil.com/pack/ARM.CMSIS.5.6.0.pack
                ARM.CMSIS.5.6.0
                CMSIS (Cortex Microcontroller Software Interface Standard)
   * Component: CORE Version: 5.3.0

Package Vendor: Keil
                https://www.keil.com/pack/Keil.STM32G4xx_DFP.1.5.0.pack
                Keil.STM32G4xx_DFP.1.5.0
                STMicroelectronics STM32G4 Series Device Support, Drivers and Examples

<h2>Collection of Component include folders:</h2>
  .\RTE\_STM32G431_FOC_HID
  C:\Users\HP\AppData\Local\Arm\Packs\ARM\CMSIS\5.6.0\CMSIS\Core\Include
  C:\Users\HP\AppData\Local\Arm\Packs\Keil\STM32G4xx_DFP\1.5.0\Drivers\CMSIS\Device\ST\STM32G4xx\Include

<h2>Collection of Component Files used:</h2>

   * Component: ARM::CMSIS:CORE:5.3.0
Build Time Elapsed:  00:00:02
</pre>
</body>
</html>
