Component: ARM Compiler 5.06 update 6 (build 750) Tool: armlink [4d35ed]

==============================================================================

Section Cross References

    startup_stm32g431xx.o(RESET) refers to startup_stm32g431xx.o(STACK) for __initial_sp
    startup_stm32g431xx.o(RESET) refers to startup_stm32g431xx.o(.text) for Reset_Handler
    startup_stm32g431xx.o(RESET) refers to stm32g4xx_it.o(i.NMI_Handler) for NMI_Handler
    startup_stm32g431xx.o(RESET) refers to stm32g4xx_it.o(i.HardFault_Handler) for HardFault_Handler
    startup_stm32g431xx.o(RESET) refers to stm32g4xx_it.o(i.MemManage_Handler) for MemManage_Handler
    startup_stm32g431xx.o(RESET) refers to stm32g4xx_it.o(i.BusFault_Handler) for BusFault_Handler
    startup_stm32g431xx.o(RESET) refers to stm32g4xx_it.o(i.UsageFault_Handler) for UsageFault_Handler
    startup_stm32g431xx.o(RESET) refers to stm32g4xx_it.o(i.SVC_Handler) for SVC_Handler
    startup_stm32g431xx.o(RESET) refers to stm32g4xx_it.o(i.DebugMon_Handler) for DebugMon_Handler
    startup_stm32g431xx.o(RESET) refers to stm32g4xx_it.o(i.PendSV_Handler) for PendSV_Handler
    startup_stm32g431xx.o(RESET) refers to stm32g4xx_it.o(i.SysTick_Handler) for SysTick_Handler
    startup_stm32g431xx.o(RESET) refers to stm32g4xx_it.o(i.ADC1_2_IRQHandler) for ADC1_2_IRQHandler
    startup_stm32g431xx.o(RESET) refers to stm32g4xx_it.o(i.USB_LP_IRQHandler) for USB_LP_IRQHandler
    startup_stm32g431xx.o(RESET) refers to stm32g4xx_it.o(i.TIM1_BRK_TIM15_IRQHandler) for TIM1_BRK_TIM15_IRQHandler
    startup_stm32g431xx.o(RESET) refers to stm32g4xx_it.o(i.TIM2_IRQHandler) for TIM2_IRQHandler
    startup_stm32g431xx.o(RESET) refers to stm32g4xx_it.o(i.TIM3_IRQHandler) for TIM3_IRQHandler
    startup_stm32g431xx.o(.text) refers to system_stm32g4xx.o(i.SystemInit) for SystemInit
    startup_stm32g431xx.o(.text) refers to entry.o(.ARM.Collect$$$$00000000) for __main
    main.o(i.SystemClock_Config) refers to memseta.o(.text) for __aeabi_memclr4
    main.o(i.SystemClock_Config) refers to stm32g4xx_hal_pwr_ex.o(i.HAL_PWREx_ControlVoltageScaling) for HAL_PWREx_ControlVoltageScaling
    main.o(i.SystemClock_Config) refers to stm32g4xx_hal_rcc.o(i.HAL_RCC_OscConfig) for HAL_RCC_OscConfig
    main.o(i.SystemClock_Config) refers to stm32g4xx_hal_rcc.o(i.HAL_RCC_ClockConfig) for HAL_RCC_ClockConfig
    main.o(i.main) refers to stm32g4xx_hal.o(i.HAL_Init) for HAL_Init
    main.o(i.main) refers to main.o(i.SystemClock_Config) for SystemClock_Config
    main.o(i.main) refers to memseta.o(.text) for __aeabi_memclr4
    main.o(i.main) refers to stm32g4xx_hal_gpio.o(i.HAL_GPIO_WritePin) for HAL_GPIO_WritePin
    main.o(i.main) refers to stm32g4xx_hal_gpio.o(i.HAL_GPIO_Init) for HAL_GPIO_Init
    main.o(i.main) refers to gpio.o(i.MX_GPIO_Init) for MX_GPIO_Init
    main.o(i.main) refers to usb_device.o(i.MX_USB_Device_Init) for MX_USB_Device_Init
    main.o(i.main) refers to adc.o(i.MX_ADC1_Init) for MX_ADC1_Init
    main.o(i.main) refers to tim.o(i.MX_TIM1_Init) for MX_TIM1_Init
    main.o(i.main) refers to tim.o(i.MX_TIM2_Init) for MX_TIM2_Init
    main.o(i.main) refers to tim.o(i.MX_TIM3_Init) for MX_TIM3_Init
    main.o(i.main) refers to usart.o(i.MX_USART3_UART_Init) for MX_USART3_UART_Init
    main.o(i.main) refers to stm32g4xx_hal.o(i.HAL_Delay) for HAL_Delay
    main.o(i.main) refers to appmain.o(i.AppMain) for AppMain
    gpio.o(i.MX_GPIO_Init) refers to memseta.o(.text) for __aeabi_memclr4
    gpio.o(i.MX_GPIO_Init) refers to stm32g4xx_hal_gpio.o(i.HAL_GPIO_WritePin) for HAL_GPIO_WritePin
    gpio.o(i.MX_GPIO_Init) refers to stm32g4xx_hal_gpio.o(i.HAL_GPIO_Init) for HAL_GPIO_Init
    adc.o(i.HAL_ADC_MspDeInit) refers to stm32g4xx_hal_gpio.o(i.HAL_GPIO_DeInit) for HAL_GPIO_DeInit
    adc.o(i.HAL_ADC_MspDeInit) refers to stm32g4xx_hal_cortex.o(i.HAL_NVIC_DisableIRQ) for HAL_NVIC_DisableIRQ
    adc.o(i.HAL_ADC_MspInit) refers to memseta.o(.text) for __aeabi_memclr4
    adc.o(i.HAL_ADC_MspInit) refers to stm32g4xx_hal_rcc_ex.o(i.HAL_RCCEx_PeriphCLKConfig) for HAL_RCCEx_PeriphCLKConfig
    adc.o(i.HAL_ADC_MspInit) refers to main.o(i.Error_Handler) for Error_Handler
    adc.o(i.HAL_ADC_MspInit) refers to stm32g4xx_hal_gpio.o(i.HAL_GPIO_Init) for HAL_GPIO_Init
    adc.o(i.HAL_ADC_MspInit) refers to stm32g4xx_hal_cortex.o(i.HAL_NVIC_SetPriority) for HAL_NVIC_SetPriority
    adc.o(i.HAL_ADC_MspInit) refers to stm32g4xx_hal_cortex.o(i.HAL_NVIC_EnableIRQ) for HAL_NVIC_EnableIRQ
    adc.o(i.MX_ADC1_Init) refers to memseta.o(.text) for __aeabi_memclr4
    adc.o(i.MX_ADC1_Init) refers to stm32g4xx_hal_adc.o(i.HAL_ADC_Init) for HAL_ADC_Init
    adc.o(i.MX_ADC1_Init) refers to main.o(i.Error_Handler) for Error_Handler
    adc.o(i.MX_ADC1_Init) refers to stm32g4xx_hal_adc_ex.o(i.HAL_ADCEx_MultiModeConfigChannel) for HAL_ADCEx_MultiModeConfigChannel
    adc.o(i.MX_ADC1_Init) refers to stm32g4xx_hal_adc.o(i.HAL_ADC_ConfigChannel) for HAL_ADC_ConfigChannel
[...]
    i.USBD_CtlReceiveStatus                  0x080050e0   Section        0  usbd_ioreq.o(i.USBD_CtlReceiveStatus)
    i.USBD_CtlSendData                       0x080050f6   Section        0  usbd_ioreq.o(i.USBD_CtlSendData)
    i.USBD_CtlSendStatus                     0x08005110   Section        0  usbd_ioreq.o(i.USBD_CtlSendStatus)
    i.USBD_GetDescriptor                     0x08005126   Section        0  usbd_ctlreq.o(i.USBD_GetDescriptor)
    USBD_GetDescriptor                       0x08005127   Thumb Code   250  usbd_ctlreq.o(i.USBD_GetDescriptor)
    i.USBD_GetString                         0x08005220   Section        0  usbd_ctlreq.o(i.USBD_GetString)
    i.USBD_Get_USB_Status                    0x08005268   Section        0  usbd_conf.o(i.USBD_Get_USB_Status)
    USBD_Get_USB_Status                      0x08005269   Thumb Code    24  usbd_conf.o(i.USBD_Get_USB_Status)
    i.USBD_Init                              0x08005280   Section        0  usbd_core.o(i.USBD_Init)
    i.USBD_LL_ClearStallEP                   0x080052a6   Section        0  usbd_conf.o(i.USBD_LL_ClearStallEP)
    i.USBD_LL_CloseEP                        0x080052b8   Section        0  usbd_conf.o(i.USBD_LL_CloseEP)
    i.USBD_LL_DataInStage                    0x080052ca   Section        0  usbd_core.o(i.USBD_LL_DataInStage)
    i.USBD_LL_DataOutStage                   0x08005372   Section        0  usbd_core.o(i.USBD_LL_DataOutStage)
    i.USBD_LL_Init                           0x080053e0   Section        0  usbd_conf.o(i.USBD_LL_Init)
    i.USBD_LL_IsStallEP                      0x08005454   Section        0  usbd_conf.o(i.USBD_LL_IsStallEP)
    i.USBD_LL_OpenEP                         0x08005474   Section        0  usbd_conf.o(i.USBD_LL_OpenEP)
    i.USBD_LL_PrepareReceive                 0x0800548c   Section        0  usbd_conf.o(i.USBD_LL_PrepareReceive)
    i.USBD_LL_Reset                          0x0800549e   Section        0  usbd_core.o(i.USBD_LL_Reset)
    i.USBD_LL_Resume                         0x080054f8   Section        0  usbd_core.o(i.USBD_LL_Resume)
    i.USBD_LL_SOF                            0x0800550c   Section        0  usbd_core.o(i.USBD_LL_SOF)
    i.USBD_LL_SetSpeed                       0x0800552c   Section        0  usbd_core.o(i.USBD_LL_SetSpeed)
    i.USBD_LL_SetUSBAddress                  0x08005532   Section        0  usbd_conf.o(i.USBD_LL_SetUSBAddress)
    i.USBD_LL_SetupStage                     0x08005544   Section        0  usbd_core.o(i.USBD_LL_SetupStage)
    i.USBD_LL_StallEP                        0x080055a4   Section        0  usbd_conf.o(i.USBD_LL_StallEP)
    i.USBD_LL_Start                          0x080055b6   Section        0  usbd_conf.o(i.USBD_LL_Start)
    i.USBD_LL_Suspend                        0x080055c8   Section        0  usbd_core.o(i.USBD_LL_Suspend)
    i.USBD_LL_Transmit                       0x080055da   Section        0  usbd_conf.o(i.USBD_LL_Transmit)
    i.USBD_ParseSetupRequest                 0x080055ec   Section        0  usbd_ctlreq.o(i.USBD_ParseSetupRequest)
    i.USBD_RegisterClass                     0x08005618   Section        0  usbd_core.o(i.USBD_RegisterClass)
    i.USBD_SetClassConfig                    0x0800563c   Section        0  usbd_core.o(i.USBD_SetClassConfig)
    i.USBD_SetConfig                         0x08005650   Section        0  usbd_ctlreq.o(i.USBD_SetConfig)
    USBD_SetConfig                           0x08005651   Thumb Code   182  usbd_ctlreq.o(i.USBD_SetConfig)
    i.USBD_Start                             0x0800570c   Section        0  usbd_core.o(i.USBD_Start)
    i.USBD_StdDevReq                         0x08005710   Section        0  usbd_ctlreq.o(i.USBD_StdDevReq)
    i.USBD_StdEPReq                          0x08005824   Section        0  usbd_ctlreq.o(i.USBD_StdEPReq)
    i.USBD_StdItfReq                         0x08005964   Section        0  usbd_ctlreq.o(i.USBD_StdItfReq)
    i.USBD_static_free                       0x080059b6   Section        0  usbd_conf.o(i.USBD_static_free)
    i.USBD_static_malloc                     0x080059b8   Section        0  usbd_conf.o(i.USBD_static_malloc)
    i.USB_ActivateEndpoint                   0x080059c0   Section        0  stm32g4xx_ll_usb.o(i.USB_ActivateEndpoint)
    i.USB_DeactivateEndpoint                 0x08005c28   Section        0  stm32g4xx_ll_usb.o(i.USB_DeactivateEndpoint)
    i.USB_DevConnect                         0x08005d36   Section        0  stm32g4xx_ll_usb.o(i.USB_DevConnect)
    i.USB_DevInit                            0x08005d44   Section        0  stm32g4xx_ll_usb.o(i.USB_DevInit)
    i.USB_DisableGlobalInt                   0x08005d56   Section        0  stm32g4xx_ll_usb.o(i.USB_DisableGlobalInt)
    i.USB_EPClearStall                       0x08005d66   Section        0  stm32g4xx_ll_usb.o(i.USB_EPClearStall)
    i.USB_EPSetStall                         0x08005dde   Section        0  stm32g4xx_ll_usb.o(i.USB_EPSetStall)
    i.USB_EPStartXfer                        0x08005e10   Section        0  stm32g4xx_ll_usb.o(i.USB_EPStartXfer)
    i.USB_EnableGlobalInt                    0x08006296   Section        0  stm32g4xx_ll_usb.o(i.USB_EnableGlobalInt)
    i.USB_LP_IRQHandler                      0x080062a8   Section        0  stm32g4xx_it.o(i.USB_LP_IRQHandler)
    i.USB_ReadInterrupts                     0x080062b4   Section        0  stm32g4xx_ll_usb.o(i.USB_ReadInterrupts)
    i.USB_ReadPMA                            0x080062ba   Section        0  stm32g4xx_ll_usb.o(i.USB_ReadPMA)
    i.USB_SetDevAddress                      0x080062e2   Section        0  stm32g4xx_ll_usb.o(i.USB_SetDevAddress)
    i.USB_WritePMA                           0x080062f0   Section        0  stm32g4xx_ll_usb.o(i.USB_WritePMA)
    i.UsageFault_Handler                     0x08006316   Section        0  stm32g4xx_it.o(i.UsageFault_Handler)
    i.__ARM_fpclassify                       0x08006318   Section        0  fpclassify.o(i.__ARM_fpclassify)
    i.__NVIC_SetPriority                     0x08006348   Section        0  stm32g4xx_hal_cortex.o(i.__NVIC_SetPriority)
    __NVIC_SetPriority                       0x08006349   Thumb Code    32  stm32g4xx_hal_cortex.o(i.__NVIC_SetPriority)
    i.__hardfp_cos                           0x08006368   Section        0  cos.o(i.__hardfp_cos)
    i.__hardfp_sin                           0x08006430   Section        0  sin.o(i.__hardfp_sin)
    i.__ieee754_rem_pio2                     0x080064f8   Section        0  rred.o(i.__ieee754_rem_pio2)
    i.__kernel_cos                           0x08006930   Section        0  cos_i.o(i.__kernel_cos)
    i.__kernel_poly                          0x08006aa0   Section        0  poly.o(i.__kernel_poly)
    i.__kernel_sin                           0x08006b98   Section        0  sin_i.o(i.__kernel_sin)
    i.__mathlib_dbl_infnan                   0x08006cc8   Section        0  dunder.o(i.__mathlib_dbl_infnan)
    i.__mathlib_dbl_invalid                  0x08006ce0   Section        0  dunder.o(i.__mathlib_dbl_invalid)
    i.__mathlib_dbl_underflow                0x08006d00   Section        0  dunder.o(i.__mathlib_dbl_underflow)
    i.__scatterload_copy                     0x08006d20   Section       14  handlers.o(i.__scatterload_copy)
    i.__scatterload_null                     0x08006d2e   Section        2  handlers.o(i.__scatterload_null)
    i.__scatterload_zeroinit                 0x08006d30   Section       14  handlers.o(i.__scatterload_zeroinit)
    i.__set_errno                            0x08006d40   Section        0  errno.o(i.__set_errno)
    i.fabs                                   0x08006d4c   Section        0  fabs.o(i.fabs)
    i.foc_init                               0x08006d64   Section        0  foc.o(i.foc_init)
    i.get_adc_value                          0x08006da8   Section        0  electricity_get.o(i.get_adc_value)
    i.main                                   0x08006de8   Section        0  main.o(i.main)
    i.open_loop_control                      0x08006e6c   Section        0  foc.o(i.open_loop_control)
    i.pwm_init                               0x08006eb0   Section        0  pwm.o(i.pwm_init)
    i.pwm_update                             0x08006ee0   Section        0  pwm.o(i.pwm_update)
    i.start_adc                              0x08006f88   Section        0  electricity_get.o(i.start_adc)
    .constdata                               0x08006f94   Section       24  stm32g4xx_hal_uart.o(.constdata)
    .constdata                               0x08006fac   Section       16  stm32g4xx_hal_uart_ex.o(.constdata)
    numerator                                0x08006fac   Data           8  stm32g4xx_hal_uart_ex.o(.constdata)
    denominator                              0x08006fb4   Data           8  stm32g4xx_hal_uart_ex.o(.constdata)
    .constdata                               0x08006fbc   Section       16  system_stm32g4xx.o(.constdata)
    .constdata                               0x08006fcc   Section        8  system_stm32g4xx.o(.constdata)
    .constdata                               0x08006fd8   Section       48  cos_i.o(.constdata)
    C                                        0x08006fd8   Data          48  cos_i.o(.constdata)
    .constdata                               0x08007008   Section      200  rred.o(.constdata)
    pio2s                                    0x08007008   Data          48  rred.o(.constdata)
    twooverpi                                0x08007038   Data         152  rred.o(.constdata)
    .constdata                               0x080070d0   Section       40  sin_i.o(.constdata)
    S                                        0x080070d0   Data          40  sin_i.o(.constdata)
    .data                                    0x20000000   Section       32  usbd_desc.o(.data)
    .data                                    0x20000020   Section       50  usbd_desc.o(.data)
    .data                                    0x20000054   Section       34  usbd_custom_hid_if.o(.data)
    CUSTOM_HID_ReportDesc_FS                 0x20000054   Data          34  usbd_custom_hid_if.o(.data)
    .data                                    0x20000078   Section       16  usbd_custom_hid_if.o(.data)
    .data                                    0x20000088   Section       12  stm32g4xx_hal.o(.data)
    .data                                    0x20000094   Section        4  system_stm32g4xx.o(.data)
    .data                                    0x20000098   Section        1  usbd_ctlreq.o(.data)
    cfgidx                                   0x20000098   Data           1  usbd_ctlreq.o(.data)
    .data                                    0x2000009c   Section       56  usbd_customhid.o(.data)
    .data                                    0x200000d4   Section      291  usbd_customhid.o(.data)
    USBD_CUSTOM_HID_CfgFSDesc                0x200000d4   Data          66  usbd_customhid.o(.data)
    USBD_CUSTOM_HID_CfgHSDesc                0x20000118   Data          66  usbd_customhid.o(.data)
    USBD_CUSTOM_HID_OtherSpeedCfgDesc        0x2000015c   Data          66  usbd_customhid.o(.data)
    USBD_CUSTOM_HID_Desc                     0x200001a0   Data           9  usbd_customhid.o(.data)
    USBD_CUSTOM_HID_DeviceQualifierDesc      0x200001ac   Data          10  usbd_customhid.o(.data)
    HID_KEYBOARD_ReportDesc                  0x200001b8   Data          63  usbd_customhid.o(.data)
    .data                                    0x200001f8   Section        4  appmain.o(.data)
    .data                                    0x200001fc   Section        4  electricity_get.o(.data)
    .data                                    0x20000200   Section        1  usb_hidcommunication.o(.data)
    .data                                    0x20000201   Section        8  usb_hidcommunication.o(.data)
    .data                                    0x2000020c   Section        4  errno.o(.data)
    _errno                                   0x2000020c   Data           4  errno.o(.data)
    .bss                                     0x20000210   Section      108  adc.o(.bss)
    .bss                                     0x2000027c   Section      228  tim.o(.bss)
    .bss                                     0x20000360   Section      144  usart.o(.bss)
    .bss                                     0x200003f0   Section      788  usbd_conf.o(.bss)
    mem                                      0x200003f0   Data          32  usbd_conf.o(.bss)
    .bss                                     0x20000704   Section      720  usb_device.o(.bss)
    .bss                                     0x200009d4   Section      512  usbd_desc.o(.bss)
    .bss                                     0x20000bd4   Section       76  foc.o(.bss)
    STACK                                    0x20000c20   Section     8192  startup_stm32g431xx.o(STACK)

    Global Symbols

    Symbol Name                              Value     Ov Type        Size  Object(Section)

    BuildAttributes$$THM_ISAv4$E$P$D$K$B$S$7EM$VFPi3$EXTD16$VFPS$VFMA$PE$A:L22UL41UL21$X:L11$S22US41US21$IEEE1$IW$USESV6$~STKCKD$USESV7$~SHL$OTIME$ROPI$IEEEX$EBA8$MICROLIB$REQ8$PRES8$EABIv2 0x00000000   Number         0  anon$$obj.o ABSOLUTE
    __ARM_use_no_argv                        0x00000000   Number         0  main.o ABSOLUTE
    __cpp_initialize__aeabi_                  - Undefined Weak Reference
    __cxa_finalize                            - Undefined Weak Reference
    _clock_init                               - Undefined Weak Reference
    _microlib_exit                            - Undefined Weak Reference
    __Vectors_Size                           0x000001d8   Number         0  startup_stm32g431xx.o ABSOLUTE
    __Vectors                                0x08000000   Data           4  startup_stm32g431xx.o(RESET)
    __Vectors_End                            0x080001d8   Data           0  startup_stm32g431xx.o(RESET)
    __main                                   0x080001d9   Thumb Code     0  entry.o(.ARM.Collect$$$$00000000)
    _main_stk                                0x080001d9   Thumb Code     0  entry2.o(.ARM.Collect$$$$00000001)
    _main_scatterload                        0x080001dd   Thumb Code     0  entry5.o(.ARM.Collect$$$$00000004)
    __main_after_scatterload                 0x080001e1   Thumb Code     0  entry5.o(.ARM.Collect$$$$00000004)
    _main_clock                              0x080001e1   Thumb Code     0  entry7b.o(.ARM.Collect$$$$00000008)
    _main_cpp_init                           0x080001e1   Thumb Code     0  entry8b.o(.ARM.Collect$$$$0000000A)
    _main_init                               0x080001e1   Thumb Code     0  entry9a.o(.ARM.Collect$$$$0000000B)
    __rt_final_cpp                           0x080001e9   Thumb Code     0  entry10a.o(.ARM.Collect$$$$0000000D)
    __rt_final_exit                          0x080001e9   Thumb Code     0  entry11a.o(.ARM.Collect$$$$0000000F)
    Reset_Handler                            0x080001ed   Thumb Code     8  startup_stm32g431xx.o(.text)
    COMP1_2_3_IRQHandler                     0x08000207   Thumb Code     0  startup_stm32g431xx.o(.text)
    COMP4_IRQHandler                         0x08000207   Thumb Code     0  startup_stm32g431xx.o(.text)
    CORDIC_IRQHandler                        0x08000207   Thumb Code     0  startup_stm32g431xx.o(.text)
    CRS_IRQHandler                           0x08000207   Thumb Code     0  startup_stm32g431xx.o(.text)
    DMA1_Channel1_IRQHandler                 0x08000207   Thumb Code     0  startup_stm32g431xx.o(.text)
    DMA1_Channel2_IRQHandler                 0x08000207   Thumb Code     0  startup_stm32g431xx.o(.text)
    DMA1_Channel3_IRQHandler                 0x08000207   Thumb Code     0  startup_stm32g431xx.o(.text)
    DMA1_Channel4_IRQHandler                 0x08000207   Thumb Code     0  startup_stm32g431xx.o(.text)
    DMA1_Channel5_IRQHandler                 0x08000207   Thumb Code     0  startup_stm32g431xx.o(.text)
    DMA1_Channel6_IRQHandler                 0x08000207   Thumb Code     0  startup_stm32g431xx.o(.text)
    DMA2_Channel1_IRQHandler                 0x08000207   Thumb Code     0  startup_stm32g431xx.o(.text)
    DMA2_Channel2_IRQHandler                 0x08000207   Thumb Code     0  startup_stm32g431xx.o(.text)
    DMA2_Channel3_IRQHandler                 0x08000207   Thumb Code     0  startup_stm32g431xx.o(.text)
    DMA2_Channel4_IRQHandler                 0x08000207   Thumb Code     0  startup_stm32g431xx.o(.text)
    DMA2_Channel5_IRQHandler                 0x08000207   Thumb Code     0  startup_stm32g431xx.o(.text)
    DMA2_Channel6_IRQHandler                 0x08000207   Thumb Code     0  startup_stm32g431xx.o(.text)
    DMAMUX_OVR_IRQHandler                    0x08000207   Thumb Code     0  startup_stm32g431xx.o(.text)
    EXTI0_IRQHandler                         0x08000207   Thumb Code     0  startup_stm32g431xx.o(.text)
    EXTI15_10_IRQHandler                     0x08000207   Thumb Code     0  startup_stm32g431xx.o(.text)
    EXTI1_IRQHandler                         0x08000207   Thumb Code     0  startup_stm32g431xx.o(.text)
    EXTI2_IRQHandler                         0x08000207   Thumb Code     0  startup_stm32g431xx.o(.text)
    EXTI3_IRQHandler                         0x08000207   Thumb Code     0  startup_stm32g431xx.o(.text)
    EXTI4_IRQHandler                         0x08000207   Thumb Code     0  startup_stm32g431xx.o(.text)
    EXTI9_5_IRQHandler                       0x08000207   Thumb Code     0  startup_stm32g431xx.o(.text)
    FDCAN1_IT0_IRQHandler                    0x08000207   Thumb Code     0  startup_stm32g431xx.o(.text)
    FDCAN1_IT1_IRQHandler                    0x08000207   Thumb Code     0  startup_stm32g431xx.o(.text)
    FLASH_IRQHandler                         0x08000207   Thumb Code     0  startup_stm32g431xx.o(.text)
    FMAC_IRQHandler                          0x08000207   Thumb Code     0  startup_stm32g431xx.o(.text)
    FPU_IRQHandler                           0x08000207   Thumb Code     0  startup_stm32g431xx.o(.text)
    I2C1_ER_IRQHandler                       0x08000207   Thumb Code     0  startup_stm32g431xx.o(.text)
    I2C1_EV_IRQHandler                       0x08000207   Thumb Code     0  startup_stm32g431xx.o(.text)
    I2C2_ER_IRQHandler                       0x08000207   Thumb Code     0  startup_stm32g431xx.o(.text)
    I2C2_EV_IRQHandler                       0x08000207   Thumb Code     0  startup_stm32g431xx.o(.text)
    I2C3_ER_IRQHandler                       0x08000207   Thumb Code     0  startup_stm32g431xx.o(.text)
    I2C3_EV_IRQHandler                       0x08000207   Thumb Code     0  startup_stm32g431xx.o(.text)
    LPTIM1_IRQHandler                        0x08000207   Thumb Code     0  startup_stm32g431xx.o(.text)
    LPUART1_IRQHandler                       0x08000207   Thumb Code     0  startup_stm32g431xx.o(.text)
    PVD_PVM_IRQHandler                       0x08000207   Thumb Code     0  startup_stm32g431xx.o(.text)
    RCC_IRQHandler                           0x08000207   Thumb Code     0  startup_stm32g431xx.o(.text)
    RNG_IRQHandler                           0x08000207   Thumb Code     0  startup_stm32g431xx.o(.text)
    RTC_Alarm_IRQHandler                     0x08000207   Thumb Code     0  startup_stm32g431xx.o(.text)
    RTC_TAMP_LSECSS_IRQHandler               0x08000207   Thumb Code     0  startup_stm32g431xx.o(.text)
    RTC_WKUP_IRQHandler                      0x08000207   Thumb Code     0  startup_stm32g431xx.o(.text)
    SAI1_IRQHandler                          0x08000207   Thumb Code     0  startup_stm32g431xx.o(.text)
    SPI1_IRQHandler                          0x08000207   Thumb Code     0  startup_stm32g431xx.o(.text)
    SPI2_IRQHandler                          0x08000207   Thumb Code     0  startup_stm32g431xx.o(.text)
    SPI3_IRQHandler                          0x08000207   Thumb Code     0  startup_stm32g431xx.o(.text)
    TIM1_CC_IRQHandler                       0x08000207   Thumb Code     0  startup_stm32g431xx.o(.text)
    TIM1_TRG_COM_TIM17_IRQHandler            0x08000207   Thumb Code     0  startup_stm32g431xx.o(.text)
    TIM1_UP_TIM16_IRQHandler                 0x08000207   Thumb Code     0  startup_stm32g431xx.o(.text)
    TIM4_IRQHandler                          0x08000207   Thumb Code     0  startup_stm32g431xx.o(.text)
    TIM6_DAC_IRQHandler                      0x08000207   Thumb Code     0  startup_stm32g431xx.o(.text)
    TIM7_IRQHandler                          0x08000207   Thumb Code     0  startup_stm32g431xx.o(.text)
    TIM8_BRK_IRQHandler                      0x08000207   Thumb Code     0  startup_stm32g431xx.o(.text)
    TIM8_CC_IRQHandler                       0x08000207   Thumb Code     0  startup_stm32g431xx.o(.text)
    TIM8_TRG_COM_IRQHandler                  0x08000207   Thumb Code     0  startup_stm32g431xx.o(.text)
    TIM8_UP_IRQHandler                       0x08000207   Thumb Code     0  startup_stm32g431xx.o(.text)
    UART4_IRQHandler                         0x08000207   Thumb Code     0  startup_stm32g431xx.o(.text)
    UCPD1_IRQHandler                         0x08000207   Thumb Code     0  startup_stm32g431xx.o(.text)
    USART1_IRQHandler                        0x08000207   Thumb Code     0  startup_stm32g431xx.o(.text)
    USART2_IRQHandler                        0x08000207   Thumb Code     0  startup_stm32g431xx.o(.text)
    USART3_IRQHandler                        0x08000207   Thumb Code     0  startup_stm32g431xx.o(.text)
    USBWakeUp_IRQHandler                     0x08000207   Thumb Code     0  startup_stm32g431xx.o(.text)
    USB_HP_IRQHandler                        0x08000207   Thumb Code     0  startup_stm32g431xx.o(.text)
    WWDG_IRQHandler                          0x08000207   Thumb Code     0  startup_stm32g431xx.o(.text)
    __aeabi_uldivmod                         0x08000211   Thumb Code    98  uldiv.o(.text)
    __aeabi_memcpy                           0x08000273   Thumb Code    36  memcpya.o(.text)
    __aeabi_memcpy4                          0x08000273   Thumb Code     0  memcpya.o(.text)
    __aeabi_memcpy8                          0x08000273   Thumb Code     0  memcpya.o(.text)
    __aeabi_memset                           0x08000297   Thumb Code    14  memseta.o(.text)
    __aeabi_memset4                          0x08000297   Thumb Code     0  memseta.o(.text)
    __aeabi_memset8                          0x08000297   Thumb Code     0  memseta.o(.text)
    __aeabi_memclr                           0x080002a5   Thumb Code     4  memseta.o(.text)
    __aeabi_memclr4                          0x080002a5   Thumb Code     0  memseta.o(.text)
    __aeabi_memclr8                          0x080002a5   Thumb Code     0  memseta.o(.text)
    _memset$wrapper                          0x080002a9   Thumb Code    18  memseta.o(.text)
    __aeabi_dadd                             0x080002bb   Thumb Code   322  dadd.o(.text)
    __aeabi_dsub                             0x080003fd   Thumb Code     6  dadd.o(.text)
    __aeabi_drsub                            0x08000403   Thumb Code     6  dadd.o(.text)
    __aeabi_dmul                             0x08000409   Thumb Code   228  dmul.o(.text)
    __aeabi_ddiv                             0x080004ed   Thumb Code   222  ddiv.o(.text)
    __aeabi_ui2d                             0x080005cb   Thumb Code    26  dfltui.o(.text)
    __aeabi_f2d                              0x080005e5   Thumb Code    38  f2d.o(.text)
    __aeabi_d2f                              0x0800060b   Thumb Code    56  d2f.o(.text)
    __aeabi_llsl                             0x08000643   Thumb Code    30  llshl.o(.text)
    _ll_shift_l                              0x08000643   Thumb Code     0  llshl.o(.text)
    __aeabi_llsr                             0x08000661   Thumb Code    32  llushr.o(.text)
    _ll_ushift_r                             0x08000661   Thumb Code     0  llushr.o(.text)
    __aeabi_lasr                             0x08000681   Thumb Code    36  llsshr.o(.text)
    _ll_sshift_r                             0x08000681   Thumb Code     0  llsshr.o(.text)
    __I$use$fp                               0x080006a5   Thumb Code     0  iusefp.o(.text)
    _float_round                             0x080006a5   Thumb Code    18  fepilogue.o(.text)
    _float_epilogue                          0x080006b7   Thumb Code    92  fepilogue.o(.text)
    _double_round                            0x08000713   Thumb Code    30  depilogue.o(.text)
    _double_epilogue                         0x08000731   Thumb Code   156  depilogue.o(.text)
    __scatterload                            0x080007cd   Thumb Code    28  init.o(.text)
    __scatterload_rt2                        0x080007cd   Thumb Code     0  init.o(.text)
    __aeabi_i2d                              0x080007f1   Thumb Code    34  dflti.o(.text)
    __aeabi_d2iz                             0x08000813   Thumb Code    62  dfixi.o(.text)
    __decompress                             0x08000851   Thumb Code     0  __dczerorl2.o(.text)
    __decompress1                            0x08000851   Thumb Code    86  __dczerorl2.o(.text)
    ADC1_2_IRQHandler                        0x080008a9   Thumb Code     6  stm32g4xx_it.o(i.ADC1_2_IRQHandler)
    ADC_Enable                               0x080008b5   Thumb Code   110  stm32g4xx_hal_adc.o(i.ADC_Enable)
    AppMain                                  0x08000929   Thumb Code    20  appmain.o(i.AppMain)
    BusFault_Handler                         0x08000941   Thumb Code     2  stm32g4xx_it.o(i.BusFault_Handler)
    DebugMon_Handler                         0x0800098d   Thumb Code     2  stm32g4xx_it.o(i.DebugMon_Handler)
    Error_Handler                            0x0800098f   Thumb Code     4  main.o(i.Error_Handler)
    Generate_SVPWM                           0x08000995   Thumb Code   162  foc.o(i.Generate_SVPWM)
    Generate_Sector_Time                     0x08000a3d   Thumb Code   608  foc.o(i.Generate_Sector_Time)
    HAL_ADCEx_EndOfSamplingCallback          0x08000cb9   Thumb Code     2  stm32g4xx_hal_adc_ex.o(i.HAL_ADCEx_EndOfSamplingCallback)
    HAL_ADCEx_InjectedConvCpltCallback       0x08000cbb   Thumb Code     2  stm32g4xx_hal_adc_ex.o(i.HAL_ADCEx_InjectedConvCpltCallback)
    HAL_ADCEx_InjectedQueueOverflowCallback  0x08000cbd   Thumb Code     2  stm32g4xx_hal_adc_ex.o(i.HAL_ADCEx_InjectedQueueOverflowCallback)
    HAL_ADCEx_LevelOutOfWindow2Callback      0x08000cbf   Thumb Code     2  stm32g4xx_hal_adc_ex.o(i.HAL_ADCEx_LevelOutOfWindow2Callback)
    HAL_ADCEx_LevelOutOfWindow3Callback      0x08000cc1   Thumb Code     2  stm32g4xx_hal_adc_ex.o(i.HAL_ADCEx_LevelOutOfWindow3Callback)
    HAL_ADCEx_MultiModeConfigChannel         0x08000cc5   Thumb Code   208  stm32g4xx_hal_adc_ex.o(i.HAL_ADCEx_MultiModeConfigChannel)
    HAL_ADC_ConfigChannel                    0x08000d9d   Thumb Code   998  stm32g4xx_hal_adc.o(i.HAL_ADC_ConfigChannel)
    HAL_ADC_ConvCpltCallback                 0x080011b5   Thumb Code    14  electricity_get.o(i.HAL_ADC_ConvCpltCallback)
    HAL_ADC_ErrorCallback                    0x080011cd   Thumb Code     2  stm32g4xx_hal_adc.o(i.HAL_ADC_ErrorCallback)
    HAL_ADC_GetValue                         0x080011cf   Thumb Code     6  stm32g4xx_hal_adc.o(i.HAL_ADC_GetValue)
    HAL_ADC_IRQHandler                       0x080011d5   Thumb Code   612  stm32g4xx_hal_adc.o(i.HAL_ADC_IRQHandler)
    HAL_ADC_Init                             0x08001441   Thumb Code   476  stm32g4xx_hal_adc.o(i.HAL_ADC_Init)
    HAL_ADC_LevelOutOfWindowCallback         0x0800163d   Thumb Code     2  stm32g4xx_hal_adc.o(i.HAL_ADC_LevelOutOfWindowCallback)
    HAL_ADC_MspInit                          0x08001641   Thumb Code   128  adc.o(i.HAL_ADC_MspInit)
    HAL_ADC_Start_IT                         0x080016c5   Thumb Code   362  stm32g4xx_hal_adc.o(i.HAL_ADC_Start_IT)
    HAL_Delay                                0x0800183d   Thumb Code    32  stm32g4xx_hal.o(i.HAL_Delay)
    HAL_GPIO_Init                            0x08001861   Thumb Code   550  stm32g4xx_hal_gpio.o(i.HAL_GPIO_Init)
    HAL_GPIO_WritePin                        0x08001aa9   Thumb Code    10  stm32g4xx_hal_gpio.o(i.HAL_GPIO_WritePin)
    HAL_GetTick                              0x08001ab5   Thumb Code     6  stm32g4xx_hal.o(i.HAL_GetTick)
    HAL_IncTick                              0x08001ac1   Thumb Code    12  stm32g4xx_hal.o(i.HAL_IncTick)
    HAL_Init                                 0x08001ad1   Thumb Code    30  stm32g4xx_hal.o(i.HAL_Init)
    HAL_InitTick                             0x08001af1   Thumb Code    58  stm32g4xx_hal.o(i.HAL_InitTick)
    HAL_MspInit                              0x08001b35   Thumb Code    42  stm32g4xx_hal_msp.o(i.HAL_MspInit)
    HAL_NVIC_EnableIRQ                       0x08001b65   Thumb Code    26  stm32g4xx_hal_cortex.o(i.HAL_NVIC_EnableIRQ)
    HAL_NVIC_SetPriority                     0x08001b81   Thumb Code    60  stm32g4xx_hal_cortex.o(i.HAL_NVIC_SetPriority)
    HAL_NVIC_SetPriorityGrouping             0x08001bc1   Thumb Code    26  stm32g4xx_hal_cortex.o(i.HAL_NVIC_SetPriorityGrouping)
    HAL_PCDEx_ActivateLPM                    0x08001be5   Thumb Code    36  stm32g4xx_hal_pcd_ex.o(i.HAL_PCDEx_ActivateLPM)
    HAL_PCDEx_LPM_Callback                   0x08001c09   Thumb Code    64  usbd_conf.o(i.HAL_PCDEx_LPM_Callback)
    HAL_PCDEx_PMAConfig                      0x08001c4d   Thumb Code    60  stm32g4xx_hal_pcd_ex.o(i.HAL_PCDEx_PMAConfig)
    HAL_PCD_DataInStageCallback              0x08001c89   Thumb Code    18  usbd_conf.o(i.HAL_PCD_DataInStageCallback)
    HAL_PCD_DataOutStageCallback             0x08001c9b   Thumb Code    20  usbd_conf.o(i.HAL_PCD_DataOutStageCallback)
    HAL_PCD_EP_Close                         0x08001caf   Thumb Code    76  stm32g4xx_hal_pcd.o(i.HAL_PCD_EP_Close)
    HAL_PCD_EP_ClrStall                      0x08001cfb   Thumb Code    92  stm32g4xx_hal_pcd.o(i.HAL_PCD_EP_ClrStall)
    HAL_PCD_EP_Open                          0x08002163   Thumb Code    96  stm32g4xx_hal_pcd.o(i.HAL_PCD_EP_Open)
    HAL_PCD_EP_Receive                       0x080021c3   Thumb Code    50  stm32g4xx_hal_pcd.o(i.HAL_PCD_EP_Receive)
    HAL_PCD_EP_SetStall                      0x080021f5   Thumb Code    96  stm32g4xx_hal_pcd.o(i.HAL_PCD_EP_SetStall)
    HAL_PCD_EP_Transmit                      0x08002255   Thumb Code    52  stm32g4xx_hal_pcd.o(i.HAL_PCD_EP_Transmit)
    HAL_PCD_IRQHandler                       0x08002289   Thumb Code   330  stm32g4xx_hal_pcd.o(i.HAL_PCD_IRQHandler)
    HAL_PCD_Init                             0x080023d3   Thumb Code   178  stm32g4xx_hal_pcd.o(i.HAL_PCD_Init)
    HAL_PCD_MspInit                          0x08002485   Thumb Code    80  usbd_conf.o(i.HAL_PCD_MspInit)
    HAL_PCD_ResetCallback                    0x080024dd   Thumb Code    38  usbd_conf.o(i.HAL_PCD_ResetCallback)
    HAL_PCD_ResumeCallback                   0x08002505   Thumb Code    34  usbd_conf.o(i.HAL_PCD_ResumeCallback)
    HAL_PCD_SOFCallback                      0x0800252d   Thumb Code     8  usbd_conf.o(i.HAL_PCD_SOFCallback)
    HAL_PCD_SetAddress                       0x08002535   Thumb Code    40  stm32g4xx_hal_pcd.o(i.HAL_PCD_SetAddress)
    HAL_PCD_SetupStageCallback               0x0800255d   Thumb Code    14  usbd_conf.o(i.HAL_PCD_SetupStageCallback)
    HAL_PCD_Start                            0x0800256b   Thumb Code    42  stm32g4xx_hal_pcd.o(i.HAL_PCD_Start)
    HAL_PCD_SuspendCallback                  0x08002595   Thumb Code    30  usbd_conf.o(i.HAL_PCD_SuspendCallback)
    HAL_PWREx_ControlVoltageScaling          0x080025b9   Thumb Code   174  stm32g4xx_hal_pwr_ex.o(i.HAL_PWREx_ControlVoltageScaling)
    HAL_PWREx_DisableUCPDDeadBattery         0x08002675   Thumb Code    12  stm32g4xx_hal_pwr_ex.o(i.HAL_PWREx_DisableUCPDDeadBattery)
    HAL_RCCEx_PeriphCLKConfig                0x08002685   Thumb Code   638  stm32g4xx_hal_rcc_ex.o(i.HAL_RCCEx_PeriphCLKConfig)
    HAL_RCC_ClockConfig                      0x0800290d   Thumb Code   444  stm32g4xx_hal_rcc.o(i.HAL_RCC_ClockConfig)
    HAL_RCC_GetPCLK1Freq                     0x08002ae9   Thumb Code    24  stm32g4xx_hal_rcc.o(i.HAL_RCC_GetPCLK1Freq)
    HAL_RCC_GetPCLK2Freq                     0x08002b0d   Thumb Code    24  stm32g4xx_hal_rcc.o(i.HAL_RCC_GetPCLK2Freq)
    HAL_RCC_GetSysClockFreq                  0x08002b31   Thumb Code    98  stm32g4xx_hal_rcc.o(i.HAL_RCC_GetSysClockFreq)
    HAL_RCC_OscConfig                        0x08002b9d   Thumb Code  1036  stm32g4xx_hal_rcc.o(i.HAL_RCC_OscConfig)
    HAL_SYSTICK_Config                       0x08002fa9   Thumb Code    40  stm32g4xx_hal_cortex.o(i.HAL_SYSTICK_Config)
    HAL_TIMEx_Break2Callback                 0x08002fd1   Thumb Code     2  stm32g4xx_hal_tim_ex.o(i.HAL_TIMEx_Break2Callback)
    HAL_TIMEx_BreakCallback                  0x08002fd3   Thumb Code     2  stm32g4xx_hal_tim_ex.o(i.HAL_TIMEx_BreakCallback)
    HAL_TIMEx_CommutCallback                 0x08002fd5   Thumb Code     2  stm32g4xx_hal_tim_ex.o(i.HAL_TIMEx_CommutCallback)
    HAL_TIMEx_ConfigBreakDeadTime            0x08002fd9   Thumb Code   164  stm32g4xx_hal_tim_ex.o(i.HAL_TIMEx_ConfigBreakDeadTime)
    HAL_TIMEx_DirectionChangeCallback        0x08003085   Thumb Code     2  stm32g4xx_hal_tim_ex.o(i.HAL_TIMEx_DirectionChangeCallback)
    HAL_TIMEx_EncoderIndexCallback           0x08003087   Thumb Code     2  stm32g4xx_hal_tim_ex.o(i.HAL_TIMEx_EncoderIndexCallback)
    HAL_TIMEx_IndexErrorCallback             0x08003089   Thumb Code     2  stm32g4xx_hal_tim_ex.o(i.HAL_TIMEx_IndexErrorCallback)
    HAL_TIMEx_MasterConfigSynchronization    0x0800308d   Thumb Code   132  stm32g4xx_hal_tim_ex.o(i.HAL_TIMEx_MasterConfigSynchronization)
    HAL_TIMEx_TransitionErrorCallback        0x08003129   Thumb Code     2  stm32g4xx_hal_tim_ex.o(i.HAL_TIMEx_TransitionErrorCallback)
    HAL_TIM_Base_Init                        0x0800312b   Thumb Code    98  stm32g4xx_hal_tim.o(i.HAL_TIM_Base_Init)
    HAL_TIM_Base_MspInit                     0x0800318d   Thumb Code    86  tim.o(i.HAL_TIM_Base_MspInit)
    HAL_TIM_ConfigClockSource                0x080031ed   Thumb Code   246  stm32g4xx_hal_tim.o(i.HAL_TIM_ConfigClockSource)
    HAL_TIM_IC_CaptureCallback               0x080032ed   Thumb Code     2  stm32g4xx_hal_tim.o(i.HAL_TIM_IC_CaptureCallback)
    HAL_TIM_IRQHandler                       0x080032ef   Thumb Code   508  stm32g4xx_hal_tim.o(i.HAL_TIM_IRQHandler)
    HAL_TIM_MspPostInit                      0x080034ed   Thumb Code    74  tim.o(i.HAL_TIM_MspPostInit)
    HAL_TIM_OC_DelayElapsedCallback          0x08003541   Thumb Code     2  stm32g4xx_hal_tim.o(i.HAL_TIM_OC_DelayElapsedCallback)
    HAL_TIM_PWM_ConfigChannel                0x08003543   Thumb Code   292  stm32g4xx_hal_tim.o(i.HAL_TIM_PWM_ConfigChannel)
    HAL_TIM_PWM_Init                         0x08003667   Thumb Code    98  stm32g4xx_hal_tim.o(i.HAL_TIM_PWM_Init)
    HAL_TIM_PWM_MspInit                      0x080036c9   Thumb Code    50  tim.o(i.HAL_TIM_PWM_MspInit)
    HAL_TIM_PWM_PulseFinishedCallback        0x08003705   Thumb Code     2  stm32g4xx_hal_tim.o(i.HAL_TIM_PWM_PulseFinishedCallback)
    HAL_TIM_PWM_Start                        0x08003709   Thumb Code   218  stm32g4xx_hal_tim.o(i.HAL_TIM_PWM_Start)
    HAL_TIM_PeriodElapsedCallback            0x08003805   Thumb Code    38  appmain.o(i.HAL_TIM_PeriodElapsedCallback)
    HAL_TIM_TriggerCallback                  0x08003839   Thumb Code     2  stm32g4xx_hal_tim.o(i.HAL_TIM_TriggerCallback)
    HAL_UARTEx_DisableFifoMode               0x0800383b   Thumb Code    62  stm32g4xx_hal_uart_ex.o(i.HAL_UARTEx_DisableFifoMode)
    HAL_UARTEx_SetRxFifoThreshold            0x08003879   Thumb Code    76  stm32g4xx_hal_uart_ex.o(i.HAL_UARTEx_SetRxFifoThreshold)
    HAL_UARTEx_SetTxFifoThreshold            0x080038c5   Thumb Code    76  stm32g4xx_hal_uart_ex.o(i.HAL_UARTEx_SetTxFifoThreshold)
    HAL_UART_Init                            0x08003911   Thumb Code   106  stm32g4xx_hal_uart.o(i.HAL_UART_Init)
    HAL_UART_MspInit                         0x0800397d   Thumb Code   114  usart.o(i.HAL_UART_MspInit)
    HardFault_Handler                        0x080039fd   Thumb Code     2  stm32g4xx_it.o(i.HardFault_Handler)
    InvPark                                  0x08003a39   Thumb Code   242  foc.o(i.InvPark)
    MX_ADC1_Init                             0x08003b9d   Thumb Code   136  adc.o(i.MX_ADC1_Init)
    MX_GPIO_Init                             0x08003c2d   Thumb Code   168  gpio.o(i.MX_GPIO_Init)
    MX_TIM1_Init                             0x08003cdd   Thumb Code   204  tim.o(i.MX_TIM1_Init)
    MX_TIM2_Init                             0x08003db1   Thumb Code    98  tim.o(i.MX_TIM2_Init)
    MX_TIM3_Init                             0x08003e19   Thumb Code    94  tim.o(i.MX_TIM3_Init)
    MX_USART3_UART_Init                      0x08003e81   Thumb Code    94  usart.o(i.MX_USART3_UART_Init)
    MX_USB_Device_Init                       0x08003ee9   Thumb Code    66  usb_device.o(i.MX_USB_Device_Init)
    MemManage_Handler                        0x08003f3d   Thumb Code     2  stm32g4xx_it.o(i.MemManage_Handler)
    NMI_Handler                              0x08003f3f   Thumb Code     2  stm32g4xx_it.o(i.NMI_Handler)
    PendSV_Handler                           0x080042bb   Thumb Code     2  stm32g4xx_it.o(i.PendSV_Handler)
    SVC_Handler                              0x080042bd   Thumb Code     2  stm32g4xx_it.o(i.SVC_Handler)
    Sector_Determination                     0x080042c9   Thumb Code   104  foc.o(i.Sector_Determination)
    SysTick_Handler                          0x08004335   Thumb Code     4  stm32g4xx_it.o(i.SysTick_Handler)
    SystemClock_Config                       0x08004339   Thumb Code   108  main.o(i.SystemClock_Config)
    SystemInit                               0x080043a5   Thumb Code    12  system_stm32g4xx.o(i.SystemInit)
    TIM1_BRK_TIM15_IRQHandler                0x080043b5   Thumb Code     6  stm32g4xx_it.o(i.TIM1_BRK_TIM15_IRQHandler)
    TIM2_IRQHandler                          0x080043c1   Thumb Code     6  stm32g4xx_it.o(i.TIM2_IRQHandler)
    TIM3_IRQHandler                          0x080043cd   Thumb Code     6  stm32g4xx_it.o(i.TIM3_IRQHandler)
    TIM_Base_SetConfig                       0x080043d9   Thumb Code   146  stm32g4xx_hal_tim.o(i.TIM_Base_SetConfig)
    TIM_CCxChannelCmd                        0x08004489   Thumb Code    26  stm32g4xx_hal_tim.o(i.TIM_CCxChannelCmd)
    TIM_ETR_SetConfig                        0x080044a3   Thumb Code    20  stm32g4xx_hal_tim.o(i.TIM_ETR_SetConfig)
    TIM_OC2_SetConfig                        0x08004569   Thumb Code   120  stm32g4xx_hal_tim.o(i.TIM_OC2_SetConfig)
    UART_AdvFeatureConfig                    0x08004885   Thumb Code   200  stm32g4xx_hal_uart.o(i.UART_AdvFeatureConfig)
    UART_CheckIdleState                      0x0800494d   Thumb Code    96  stm32g4xx_hal_uart.o(i.UART_CheckIdleState)
    UART_SetConfig                           0x080049ad   Thumb Code   582  stm32g4xx_hal_uart.o(i.UART_SetConfig)
    UART_WaitOnFlagUntilTimeout              0x08004c21   Thumb Code   198  stm32g4xx_hal_uart.o(i.UART_WaitOnFlagUntilTimeout)
    USBD_CUSTOM_HID_ConfigStrDescriptor      0x08004ce9   Thumb Code    16  usbd_desc.o(i.USBD_CUSTOM_HID_ConfigStrDescriptor)
    USBD_CUSTOM_HID_DeviceDescriptor         0x08004d79   Thumb Code     8  usbd_desc.o(i.USBD_CUSTOM_HID_DeviceDescriptor)
    USBD_CUSTOM_HID_InterfaceStrDescriptor   0x08004e51   Thumb Code    16  usbd_desc.o(i.USBD_CUSTOM_HID_InterfaceStrDescriptor)
    USBD_CUSTOM_HID_LangIDStrDescriptor      0x08004e7d   Thumb Code     8  usbd_desc.o(i.USBD_CUSTOM_HID_LangIDStrDescriptor)
    USBD_CUSTOM_HID_ManufacturerStrDescriptor 0x08004e89   Thumb Code    16  usbd_desc.o(i.USBD_CUSTOM_HID_ManufacturerStrDescriptor)
    USBD_CUSTOM_HID_ProductStrDescriptor     0x08004eb1   Thumb Code    16  usbd_desc.o(i.USBD_CUSTOM_HID_ProductStrDescriptor)
    USBD_CUSTOM_HID_ReceivePacket            0x08004ee5   Thumb Code    24  usbd_customhid.o(i.USBD_CUSTOM_HID_ReceivePacket)
    USBD_CUSTOM_HID_RegisterInterface        0x08004efd   Thumb Code    14  usbd_customhid.o(i.USBD_CUSTOM_HID_RegisterInterface)
    USBD_CUSTOM_HID_SendReport               0x08004f0b   Thumb Code    48  usbd_customhid.o(i.USBD_CUSTOM_HID_SendReport)
    USBD_CUSTOM_HID_SerialStrDescriptor      0x08004f3d   Thumb Code    48  usbd_desc.o(i.USBD_CUSTOM_HID_SerialStrDescriptor)
    USBD_ClrClassConfig                      0x0800507d   Thumb Code    16  usbd_core.o(i.USBD_ClrClassConfig)
    USBD_CtlContinueRx                       0x0800508d   Thumb Code    16  usbd_ioreq.o(i.USBD_CtlContinueRx)
    USBD_CtlContinueSendData                 0x0800509d   Thumb Code    16  usbd_ioreq.o(i.USBD_CtlContinueSendData)
    USBD_CtlError                            0x080050ad   Thumb Code    22  usbd_ctlreq.o(i.USBD_CtlError)
    USBD_CtlPrepareRx                        0x080050c3   Thumb Code    30  usbd_ioreq.o(i.USBD_CtlPrepareRx)
    USBD_CtlReceiveStatus                    0x080050e1   Thumb Code    22  usbd_ioreq.o(i.USBD_CtlReceiveStatus)
    USBD_CtlSendData                         0x080050f7   Thumb Code    26  usbd_ioreq.o(i.USBD_CtlSendData)
    USBD_CtlSendStatus                       0x08005111   Thumb Code    22  usbd_ioreq.o(i.USBD_CtlSendStatus)
    USBD_GetString                           0x08005221   Thumb Code    72  usbd_ctlreq.o(i.USBD_GetString)
    USBD_Init                                0x08005281   Thumb Code    38  usbd_core.o(i.USBD_Init)
    USBD_LL_ClearStallEP                     0x080052a7   Thumb Code    18  usbd_conf.o(i.USBD_LL_ClearStallEP)
    USBD_LL_CloseEP                          0x080052b9   Thumb Code    18  usbd_conf.o(i.USBD_LL_CloseEP)
    USBD_LL_DataInStage                      0x080052cb   Thumb Code   168  usbd_core.o(i.USBD_LL_DataInStage)
    USBD_LL_DataOutStage                     0x08005373   Thumb Code   108  usbd_core.o(i.USBD_LL_DataOutStage)
    USBD_LL_Init                             0x080053e1   Thumb Code   108  usbd_conf.o(i.USBD_LL_Init)
    USBD_LL_IsStallEP                        0x08005455   Thumb Code    32  usbd_conf.o(i.USBD_LL_IsStallEP)
    USBD_LL_OpenEP                           0x08005475   Thumb Code    24  usbd_conf.o(i.USBD_LL_OpenEP)
    USBD_LL_PrepareReceive                   0x0800548d   Thumb Code    18  usbd_conf.o(i.USBD_LL_PrepareReceive)
    USBD_LL_Reset                            0x0800549f   Thumb Code    90  usbd_core.o(i.USBD_LL_Reset)
    USBD_LL_Resume                           0x080054f9   Thumb Code    20  usbd_core.o(i.USBD_LL_Resume)
    USBD_LL_SOF                              0x0800550d   Thumb Code    32  usbd_core.o(i.USBD_LL_SOF)
    USBD_LL_SetSpeed                         0x0800552d   Thumb Code     6  usbd_core.o(i.USBD_LL_SetSpeed)
    USBD_LL_SetUSBAddress                    0x08005533   Thumb Code    18  usbd_conf.o(i.USBD_LL_SetUSBAddress)
    USBD_LL_SetupStage                       0x08005545   Thumb Code    96  usbd_core.o(i.USBD_LL_SetupStage)
    USBD_LL_StallEP                          0x080055a5   Thumb Code    18  usbd_conf.o(i.USBD_LL_StallEP)
    USBD_LL_Start                            0x080055b7   Thumb Code    18  usbd_conf.o(i.USBD_LL_Start)
    USBD_LL_Suspend                          0x080055c9   Thumb Code    18  usbd_core.o(i.USBD_LL_Suspend)
    USBD_LL_Transmit                         0x080055db   Thumb Code    18  usbd_conf.o(i.USBD_LL_Transmit)
    USBD_ParseSetupRequest                   0x080055ed   Thumb Code    44  usbd_ctlreq.o(i.USBD_ParseSetupRequest)
    USBD_RegisterClass                       0x08005619   Thumb Code    36  usbd_core.o(i.USBD_RegisterClass)
    USBD_SetClassConfig                      0x0800563d   Thumb Code    20  usbd_core.o(i.USBD_SetClassConfig)
    USBD_Start                               0x0800570d   Thumb Code     4  usbd_core.o(i.USBD_Start)
    USBD_StdDevReq                           0x08005711   Thumb Code   276  usbd_ctlreq.o(i.USBD_StdDevReq)
    USBD_StdEPReq                            0x08005825   Thumb Code   320  usbd_ctlreq.o(i.USBD_StdEPReq)
    USBD_StdItfReq                           0x08005965   Thumb Code    82  usbd_ctlreq.o(i.USBD_StdItfReq)
    USBD_static_free                         0x080059b7   Thumb Code     2  usbd_conf.o(i.USBD_static_free)
    USBD_static_malloc                       0x080059b9   Thumb Code     4  usbd_conf.o(i.USBD_static_malloc)
    USB_ActivateEndpoint                     0x080059c1   Thumb Code   616  stm32g4xx_ll_usb.o(i.USB_ActivateEndpoint)
    USB_DeactivateEndpoint                   0x08005c29   Thumb Code   270  stm32g4xx_ll_usb.o(i.USB_DeactivateEndpoint)
    USB_DevConnect                           0x08005d37   Thumb Code    14  stm32g4xx_ll_usb.o(i.USB_DevConnect)
    USB_DevInit                              0x08005d45   Thumb Code    18  stm32g4xx_ll_usb.o(i.USB_DevInit)
    USB_DisableGlobalInt                     0x08005d57   Thumb Code    16  stm32g4xx_ll_usb.o(i.USB_DisableGlobalInt)
    USB_EPClearStall                         0x08005d67   Thumb Code   120  stm32g4xx_ll_usb.o(i.USB_EPClearStall)
    USB_EPSetStall                           0x08005ddf   Thumb Code    50  stm32g4xx_ll_usb.o(i.USB_EPSetStall)
    USB_EPStartXfer                          0x08005e11   Thumb Code  1158  stm32g4xx_ll_usb.o(i.USB_EPStartXfer)
    USB_EnableGlobalInt                      0x08006297   Thumb Code    18  stm32g4xx_ll_usb.o(i.USB_EnableGlobalInt)
    USB_LP_IRQHandler                        0x080062a9   Thumb Code     6  stm32g4xx_it.o(i.USB_LP_IRQHandler)
    USB_ReadInterrupts                       0x080062b5   Thumb Code     6  stm32g4xx_ll_usb.o(i.USB_ReadInterrupts)
    USB_ReadPMA                              0x080062bb   Thumb Code    40  stm32g4xx_ll_usb.o(i.USB_ReadPMA)
    USB_SetDevAddress                        0x080062e3   Thumb Code    12  stm32g4xx_ll_usb.o(i.USB_SetDevAddress)
    USB_WritePMA                             0x080062f1   Thumb Code    38  stm32g4xx_ll_usb.o(i.USB_WritePMA)
    UsageFault_Handler                       0x08006317   Thumb Code     2  stm32g4xx_it.o(i.UsageFault_Handler)
    __ARM_fpclassify                         0x08006319   Thumb Code    48  fpclassify.o(i.__ARM_fpclassify)
    __hardfp_cos                             0x08006369   Thumb Code   180  cos.o(i.__hardfp_cos)
    __hardfp_sin                             0x08006431   Thumb Code   180  sin.o(i.__hardfp_sin)
    __ieee754_rem_pio2                       0x080064f9   Thumb Code   938  rred.o(i.__ieee754_rem_pio2)
    __kernel_cos                             0x08006931   Thumb Code   322  cos_i.o(i.__kernel_cos)
    __kernel_poly                            0x08006aa1   Thumb Code   248  poly.o(i.__kernel_poly)
    __kernel_sin                             0x08006b99   Thumb Code   280  sin_i.o(i.__kernel_sin)
    __mathlib_dbl_infnan                     0x08006cc9   Thumb Code    20  dunder.o(i.__mathlib_dbl_infnan)
    __mathlib_dbl_invalid                    0x08006ce1   Thumb Code    24  dunder.o(i.__mathlib_dbl_invalid)
    __mathlib_dbl_underflow                  0x08006d01   Thumb Code    24  dunder.o(i.__mathlib_dbl_underflow)
    __scatterload_copy                       0x08006d21   Thumb Code    14  handlers.o(i.__scatterload_copy)
    __scatterload_null                       0x08006d2f   Thumb Code     2  handlers.o(i.__scatterload_null)
    __scatterload_zeroinit                   0x08006d31   Thumb Code    14  handlers.o(i.__scatterload_zeroinit)
    __set_errno                              0x08006d41   Thumb Code     6  errno.o(i.__set_errno)
    fabs                                     0x08006d4d   Thumb Code    24  fabs.o(i.fabs)
    foc_init                                 0x08006d65   Thumb Code    58  foc.o(i.foc_init)
    get_adc_value                            0x08006da9   Thumb Code    48  electricity_get.o(i.get_adc_value)
    main                                     0x08006de9   Thumb Code   126  main.o(i.main)
    open_loop_control                        0x08006e6d   Thumb Code    54  foc.o(i.open_loop_control)
    pwm_init                                 0x08006eb1   Thumb Code    44  pwm.o(i.pwm_init)
    pwm_update                               0x08006ee1   Thumb Code   154  pwm.o(i.pwm_update)
    start_adc                                0x08006f89   Thumb Code     6  electricity_get.o(i.start_adc)
    UARTPrescTable                           0x08006f94   Data          24  stm32g4xx_hal_uart.o(.constdata)
    AHBPrescTable                            0x08006fbc   Data          16  system_stm32g4xx.o(.constdata)
    APBPrescTable                            0x08006fcc   Data           8  system_stm32g4xx.o(.constdata)
    Region$$Table$$Base                      0x080070f8   Number         0  anon$$obj.o(Region$$Table)
    Region$$Table$$Limit                     0x08007118   Number         0  anon$$obj.o(Region$$Table)
    CUSTOM_HID_Desc                          0x20000000   Data          32  usbd_desc.o(.data)
    USBD_LangIDDesc                          0x20000020   Data           4  usbd_desc.o(.data)
    USBD_CUSTOM_HID_DeviceDesc               0x20000024   Data          18  usbd_desc.o(.data)
    USBD_StringSerial                        0x20000038   Data          26  usbd_desc.o(.data)
    USBD_CustomHID_fops_FS                   0x20000078   Data          16  usbd_custom_hid_if.o(.data)
    uwTickPrio                               0x20000088   Data           4  stm32g4xx_hal.o(.data)
    uwTickFreq                               0x2000008c   Data           4  stm32g4xx_hal.o(.data)
    uwTick                                   0x20000090   Data           4  stm32g4xx_hal.o(.data)
    SystemCoreClock                          0x20000094   Data           4  system_stm32g4xx.o(.data)
    USBD_CUSTOM_HID                          0x2000009c   Data          56  usbd_customhid.o(.data)
    I                                        0x200001f8   Data           4  appmain.o(.data)
    ADC_VALUE                                0x200001fc   Data           4  electricity_get.o(.data)
    USB_Received_Count                       0x20000200   Data           1  usb_hidcommunication.o(.data)
    USB_Recive_Buffer                        0x20000201   Data           8  usb_hidcommunication.o(.data)
    hadc1                                    0x20000210   Data         108  adc.o(.bss)
    htim1                                    0x2000027c   Data          76  tim.o(.bss)
    htim2                                    0x200002c8   Data          76  tim.o(.bss)
    htim3                                    0x20000314   Data          76  tim.o(.bss)
    huart3                                   0x20000360   Data         144  usart.o(.bss)
    hpcd_USB_FS                              0x20000410   Data         756  usbd_conf.o(.bss)
    hUsbDeviceFS                             0x20000704   Data         720  usb_device.o(.bss)
    USBD_StrDesc                             0x200009d4   Data         512  usbd_desc.o(.bss)
    FOC_Parameter_M0                         0x20000bd4   Data          76  foc.o(.bss)
    __initial_sp                             0x20002c20   Data           0  startup_stm32g431xx.o(STACK)



==============================================================================

Memory Map of the image

  Image Entry point : 0x080001d9

  Load Region LR_IROM1 (Base: 0x08000000, Size: 0x00007328, Max: 0x00020000, ABSOLUTE, COMPRESSED[0x00007228])

    Execution Region ER_IROM1 (Exec base: 0x08000000, Load base: 0x08000000, Size: 0x00007118, Max: 0x00020000, ABSOLUTE)

    Exec Addr    Load Addr    Size         Type   Attr      Idx    E Section Name        Object

    0x08000000   0x08000000   0x000001d8   Data   RO            3    RESET               startup_stm32g431xx.o
    0x080001d8   0x080001d8   0x00000000   Code   RO         5764  * .ARM.Collect$$$$00000000  mc_w.l(entry.o)
    0x080001d8   0x080001d8   0x00000004   Code   RO         5815    .ARM.Collect$$$$00000001  mc_w.l(entry2.o)
    0x080001dc   0x080001dc   0x00000004   Code   RO         5818    .ARM.Collect$$$$00000004  mc_w.l(entry5.o)
    0x080001e0   0x080001e0   0x00000000   Code   RO         5820    .ARM.Collect$$$$00000008  mc_w.l(entry7b.o)
    0x080001e0   0x080001e0   0x00000000   Code   RO         5822    .ARM.Collect$$$$0000000A  mc_w.l(entry8b.o)
    0x080001e0   0x080001e0   0x00000008   Code   RO         5823    .ARM.Collect$$$$0000000B  mc_w.l(entry9a.o)
    0x080001e8   0x080001e8   0x00000000   Code   RO         5825    .ARM.Collect$$$$0000000D  mc_w.l(entry10a.o)
    0x080001e8   0x080001e8   0x00000000   Code   RO         5827    .ARM.Collect$$$$0000000F  mc_w.l(entry11a.o)
    0x080001e8   0x080001e8   0x00000004   Code   RO         5816    .ARM.Collect$$$$00002712  mc_w.l(entry2.o)
    0x080001ec   0x080001ec   0x00000024   Code   RO            4    .text               startup_stm32g431xx.o
    0x08000210   0x08000210   0x00000062   Code   RO         5767    .text               mc_w.l(uldiv.o)
    0x08000272   0x08000272   0x00000024   Code   RO         5769    .text               mc_w.l(memcpya.o)
    0x08000296   0x08000296   0x00000024   Code   RO         5771    .text               mc_w.l(memseta.o)
    0x080002ba   0x080002ba   0x0000014e   Code   RO         5775    .text               mf_w.l(dadd.o)
    0x08000408   0x08000408   0x000000e4   Code   RO         5777    .text               mf_w.l(dmul.o)
    0x080004ec   0x080004ec   0x000000de   Code   RO         5779    .text               mf_w.l(ddiv.o)
    0x080005ca   0x080005ca   0x0000001a   Code   RO         5781    .text               mf_w.l(dfltui.o)
    0x080005e4   0x080005e4   0x00000026   Code   RO         5783    .text               mf_w.l(f2d.o)
    0x0800060a   0x0800060a   0x00000038   Code   RO         5785    .text               mf_w.l(d2f.o)
    0x08000642   0x08000642   0x0000001e   Code   RO         5829    .text               mc_w.l(llshl.o)
    0x08000660   0x08000660   0x00000020   Code   RO         5831    .text               mc_w.l(llushr.o)
    0x08000680   0x08000680   0x00000024   Code   RO         5833    .text               mc_w.l(llsshr.o)
    0x080006a4   0x080006a4   0x00000000   Code   RO         5842    .text               mc_w.l(iusefp.o)
    0x080006a4   0x080006a4   0x0000006e   Code   RO         5843    .text               mf_w.l(fepilogue.o)
    0x08000712   0x08000712   0x000000ba   Code   RO         5845    .text               mf_w.l(depilogue.o)
    0x080007cc   0x080007cc   0x00000024   Code   RO         5859    .text               mc_w.l(init.o)
    0x080007f0   0x080007f0   0x00000022   Code   RO         5861    .text               mf_w.l(dflti.o)
    0x08000812   0x08000812   0x0000003e   Code   RO         5863    .text               mf_w.l(dfixi.o)
    0x08000850   0x08000850   0x00000056   Code   RO         5873    .text               mc_w.l(__dczerorl2.o)
    0x080008a6   0x080008a6   0x00000002   PAD
    0x080008a8   0x080008a8   0x0000000c   Code   RO          398    i.ADC1_2_IRQHandler  stm32g4xx_it.o
    0x080008b4   0x080008b4   0x00000074   Code   RO         2818    i.ADC_Enable        stm32g4xx_hal_adc.o
    0x08000928   0x08000928   0x00000018   Code   RO         5345    i.AppMain           appmain.o
    0x08000940   0x08000940   0x00000002   Code   RO          399    i.BusFault_Handler  stm32g4xx_it.o
    0x08000942   0x08000942   0x00000004   Code   RO          874    i.CUSTOM_HID_DeInit_FS  usbd_custom_hid_if.o
    0x08000946   0x08000946   0x00000004   Code   RO          875    i.CUSTOM_HID_Init_FS  usbd_custom_hid_if.o
    0x0800094a   0x0800094a   0x00000002   PAD
    0x0800094c   0x0800094c   0x00000040   Code   RO          876    i.CUSTOM_HID_OutEvent_FS  usbd_custom_hid_if.o
    0x0800098c   0x0800098c   0x00000002   Code   RO          400    i.DebugMon_Handler  stm32g4xx_it.o
    0x0800098e   0x0800098e   0x00000004   Code   RO           13    i.Error_Handler     main.o
    0x08000992   0x08000992   0x00000002   PAD
    0x08000994   0x08000994   0x000000a8   Code   RO         5571    i.Generate_SVPWM    foc.o
    0x08000a3c   0x08000a3c   0x0000027c   Code   RO         5572    i.Generate_Sector_Time  foc.o
    0x08000cb8   0x08000cb8   0x00000002   Code   RO         3055    i.HAL_ADCEx_EndOfSamplingCallback  stm32g4xx_hal_adc_ex.o
    0x08000cba   0x08000cba   0x00000002   Code   RO         3058    i.HAL_ADCEx_InjectedConvCpltCallback  stm32g4xx_hal_adc_ex.o
    0x08000cbc   0x08000cbc   0x00000002   Code   RO         3061    i.HAL_ADCEx_InjectedQueueOverflowCallback  stm32g4xx_hal_adc_ex.o
    0x08000cbe   0x08000cbe   0x00000002   Code   RO         3066    i.HAL_ADCEx_LevelOutOfWindow2Callback  stm32g4xx_hal_adc_ex.o
    0x08000cc0   0x08000cc0   0x00000002   Code   RO         3067    i.HAL_ADCEx_LevelOutOfWindow3Callback  stm32g4xx_hal_adc_ex.o
    0x08000cc2   0x08000cc2   0x00000002   PAD
    0x08000cc4   0x08000cc4   0x000000d8   Code   RO         3068    i.HAL_ADCEx_MultiModeConfigChannel  stm32g4xx_hal_adc_ex.o
    0x08000d9c   0x08000d9c   0x00000418   Code   RO         2820    i.HAL_ADC_ConfigChannel  stm32g4xx_hal_adc.o
    0x080011b4   0x080011b4   0x00000018   Code   RO         5682    i.HAL_ADC_ConvCpltCallback  electricity_get.o
    0x080011cc   0x080011cc   0x00000002   Code   RO         2824    i.HAL_ADC_ErrorCallback  stm32g4xx_hal_adc.o
    0x080011ce   0x080011ce   0x00000006   Code   RO         2827    i.HAL_ADC_GetValue  stm32g4xx_hal_adc.o
    0x080011d4   0x080011d4   0x0000026c   Code   RO         2828    i.HAL_ADC_IRQHandler  stm32g4xx_hal_adc.o
    0x08001440   0x08001440   0x000001fc   Code   RO         2829    i.HAL_ADC_Init      stm32g4xx_hal_adc.o
    0x0800163c   0x0800163c   0x00000002   Code   RO         2830    i.HAL_ADC_LevelOutOfWindowCallback  stm32g4xx_hal_adc.o
    0x0800163e   0x0800163e   0x00000002   PAD
    0x08001640   0x08001640   0x00000084   Code   RO          231    i.HAL_ADC_MspInit   adc.o
    0x080016c4   0x080016c4   0x00000178   Code   RO         2838    i.HAL_ADC_Start_IT  stm32g4xx_hal_adc.o
    0x0800183c   0x0800183c   0x00000024   Code   RO         1345    i.HAL_Delay         stm32g4xx_hal.o
    0x08001860   0x08001860   0x00000248   Code   RO         2036    i.HAL_GPIO_Init     stm32g4xx_hal_gpio.o
    0x08001aa8   0x08001aa8   0x0000000a   Code   RO         2040    i.HAL_GPIO_WritePin  stm32g4xx_hal_gpio.o
    0x08001ab2   0x08001ab2   0x00000002   PAD
    0x08001ab4   0x08001ab4   0x0000000c   Code   RO         1349    i.HAL_GetTick       stm32g4xx_hal.o
    0x08001ac0   0x08001ac0   0x00000010   Code   RO         1352    i.HAL_IncTick       stm32g4xx_hal.o
    0x08001ad0   0x08001ad0   0x0000001e   Code   RO         1353    i.HAL_Init          stm32g4xx_hal.o
    0x08001aee   0x08001aee   0x00000002   PAD
    0x08001af0   0x08001af0   0x00000044   Code   RO         1354    i.HAL_InitTick      stm32g4xx_hal.o
    0x08001b34   0x08001b34   0x00000030   Code   RO          504    i.HAL_MspInit       stm32g4xx_hal_msp.o
    0x08001b64   0x08001b64   0x0000001a   Code   RO         2683    i.HAL_NVIC_EnableIRQ  stm32g4xx_hal_cortex.o
    0x08001b7e   0x08001b7e   0x00000002   PAD
    0x08001b80   0x08001b80   0x00000040   Code   RO         2689    i.HAL_NVIC_SetPriority  stm32g4xx_hal_cortex.o
    0x08001bc0   0x08001bc0   0x00000024   Code   RO         2690    i.HAL_NVIC_SetPriorityGrouping  stm32g4xx_hal_cortex.o
    0x08001be4   0x08001be4   0x00000024   Code   RO         1141    i.HAL_PCDEx_ActivateLPM  stm32g4xx_hal_pcd_ex.o
    0x08001c08   0x08001c08   0x00000044   Code   RO          528    i.HAL_PCDEx_LPM_Callback  usbd_conf.o
    0x08001c4c   0x08001c4c   0x0000003c   Code   RO         1147    i.HAL_PCDEx_PMAConfig  stm32g4xx_hal_pcd_ex.o
    0x08001c88   0x08001c88   0x00000012   Code   RO          530    i.HAL_PCD_DataInStageCallback  usbd_conf.o
    0x08001c9a   0x08001c9a   0x00000014   Code   RO          531    i.HAL_PCD_DataOutStageCallback  usbd_conf.o
    0x08001cae   0x08001cae   0x0000004c   Code   RO          924    i.HAL_PCD_EP_Close  stm32g4xx_hal_pcd.o
    0x08001cfa   0x08001cfa   0x0000005c   Code   RO          925    i.HAL_PCD_EP_ClrStall  stm32g4xx_hal_pcd.o
    0x08001d56   0x08001d56   0x000000dc   Code   RO          926    i.HAL_PCD_EP_DB_Receive  stm32g4xx_hal_pcd.o
    0x08001e32   0x08001e32   0x00000330   Code   RO          927    i.HAL_PCD_EP_DB_Transmit  stm32g4xx_hal_pcd.o
    0x08002162   0x08002162   0x00000060   Code   RO          930    i.HAL_PCD_EP_Open   stm32g4xx_hal_pcd.o
    0x080021c2   0x080021c2   0x00000032   Code   RO          931    i.HAL_PCD_EP_Receive  stm32g4xx_hal_pcd.o
    0x080021f4   0x080021f4   0x00000060   Code   RO          932    i.HAL_PCD_EP_SetStall  stm32g4xx_hal_pcd.o
    0x08002254   0x08002254   0x00000034   Code   RO          933    i.HAL_PCD_EP_Transmit  stm32g4xx_hal_pcd.o
    0x08002288   0x08002288   0x0000014a   Code   RO          935    i.HAL_PCD_IRQHandler  stm32g4xx_hal_pcd.o
    0x080023d2   0x080023d2   0x000000b2   Code   RO          938    i.HAL_PCD_Init      stm32g4xx_hal_pcd.o
    0x08002484   0x08002484   0x00000058   Code   RO          536    i.HAL_PCD_MspInit   usbd_conf.o
    0x080024dc   0x080024dc   0x00000026   Code   RO          537    i.HAL_PCD_ResetCallback  usbd_conf.o
    0x08002502   0x08002502   0x00000002   PAD
    0x08002504   0x08002504   0x00000028   Code   RO          538    i.HAL_PCD_ResumeCallback  usbd_conf.o
    0x0800252c   0x0800252c   0x00000008   Code   RO          539    i.HAL_PCD_SOFCallback  usbd_conf.o
    0x08002534   0x08002534   0x00000028   Code   RO          944    i.HAL_PCD_SetAddress  stm32g4xx_hal_pcd.o
    0x0800255c   0x0800255c   0x0000000e   Code   RO          540    i.HAL_PCD_SetupStageCallback  usbd_conf.o
    0x0800256a   0x0800256a   0x0000002a   Code   RO          946    i.HAL_PCD_Start     stm32g4xx_hal_pcd.o
    0x08002594   0x08002594   0x00000024   Code   RO          541    i.HAL_PCD_SuspendCallback  usbd_conf.o
    0x080025b8   0x080025b8   0x000000bc   Code   RO         2439    i.HAL_PWREx_ControlVoltageScaling  stm32g4xx_hal_pwr_ex.o
    0x08002674   0x08002674   0x00000010   Code   RO         2451    i.HAL_PWREx_DisableUCPDDeadBattery  stm32g4xx_hal_pwr_ex.o
    0x08002684   0x08002684   0x00000288   Code   RO         1698    i.HAL_RCCEx_PeriphCLKConfig  stm32g4xx_hal_rcc_ex.o
    0x0800290c   0x0800290c   0x000001dc   Code   RO         1573    i.HAL_RCC_ClockConfig  stm32g4xx_hal_rcc.o
    0x08002ae8   0x08002ae8   0x00000024   Code   RO         1581    i.HAL_RCC_GetPCLK1Freq  stm32g4xx_hal_rcc.o
    0x08002b0c   0x08002b0c   0x00000024   Code   RO         1582    i.HAL_RCC_GetPCLK2Freq  stm32g4xx_hal_rcc.o
    0x08002b30   0x08002b30   0x0000006c   Code   RO         1583    i.HAL_RCC_GetSysClockFreq  stm32g4xx_hal_rcc.o
    0x08002b9c   0x08002b9c   0x0000040c   Code   RO         1586    i.HAL_RCC_OscConfig  stm32g4xx_hal_rcc.o
    0x08002fa8   0x08002fa8   0x00000028   Code   RO         2694    i.HAL_SYSTICK_Config  stm32g4xx_hal_cortex.o
    0x08002fd0   0x08002fd0   0x00000002   Code   RO         3976    i.HAL_TIMEx_Break2Callback  stm32g4xx_hal_tim_ex.o
    0x08002fd2   0x08002fd2   0x00000002   Code   RO         3977    i.HAL_TIMEx_BreakCallback  stm32g4xx_hal_tim_ex.o
    0x08002fd4   0x08002fd4   0x00000002   Code   RO         3978    i.HAL_TIMEx_CommutCallback  stm32g4xx_hal_tim_ex.o
    0x08002fd6   0x08002fd6   0x00000002   PAD
    0x08002fd8   0x08002fd8   0x000000ac   Code   RO         3981    i.HAL_TIMEx_ConfigBreakDeadTime  stm32g4xx_hal_tim_ex.o
    0x08003084   0x08003084   0x00000002   Code   RO         3989    i.HAL_TIMEx_DirectionChangeCallback  stm32g4xx_hal_tim_ex.o
    0x08003086   0x08003086   0x00000002   Code   RO         4003    i.HAL_TIMEx_EncoderIndexCallback  stm32g4xx_hal_tim_ex.o
    0x08003088   0x08003088   0x00000002   Code   RO         4017    i.HAL_TIMEx_IndexErrorCallback  stm32g4xx_hal_tim_ex.o
    0x0800308a   0x0800308a   0x00000002   PAD
    0x0800308c   0x0800308c   0x0000009c   Code   RO         4018    i.HAL_TIMEx_MasterConfigSynchronization  stm32g4xx_hal_tim_ex.o
    0x08003128   0x08003128   0x00000002   Code   RO         4039    i.HAL_TIMEx_TransitionErrorCallback  stm32g4xx_hal_tim_ex.o
    0x0800312a   0x0800312a   0x00000062   Code   RO         3262    i.HAL_TIM_Base_Init  stm32g4xx_hal_tim.o
    0x0800318c   0x0800318c   0x00000060   Code   RO          273    i.HAL_TIM_Base_MspInit  tim.o
    0x080031ec   0x080031ec   0x00000100   Code   RO         3271    i.HAL_TIM_ConfigClockSource  stm32g4xx_hal_tim.o
    0x080032ec   0x080032ec   0x00000002   Code   RO         3296    i.HAL_TIM_IC_CaptureCallback  stm32g4xx_hal_tim.o
    0x080032ee   0x080032ee   0x000001fc   Code   RO         3310    i.HAL_TIM_IRQHandler  stm32g4xx_hal_tim.o
    0x080034ea   0x080034ea   0x00000002   PAD
    0x080034ec   0x080034ec   0x00000054   Code   RO          274    i.HAL_TIM_MspPostInit  tim.o
    0x08003540   0x08003540   0x00000002   Code   RO         3313    i.HAL_TIM_OC_DelayElapsedCallback  stm32g4xx_hal_tim.o
    0x08003542   0x08003542   0x00000124   Code   RO         3334    i.HAL_TIM_PWM_ConfigChannel  stm32g4xx_hal_tim.o
    0x08003666   0x08003666   0x00000062   Code   RO         3337    i.HAL_TIM_PWM_Init  stm32g4xx_hal_tim.o
    0x080036c8   0x080036c8   0x0000003c   Code   RO          276    i.HAL_TIM_PWM_MspInit  tim.o
    0x08003704   0x08003704   0x00000002   Code   RO         3340    i.HAL_TIM_PWM_PulseFinishedCallback  stm32g4xx_hal_tim.o
    0x08003706   0x08003706   0x00000002   PAD
    0x08003708   0x08003708   0x000000fc   Code   RO         3342    i.HAL_TIM_PWM_Start  stm32g4xx_hal_tim.o
    0x08003804   0x08003804   0x00000034   Code   RO         5346    i.HAL_TIM_PeriodElapsedCallback  appmain.o
    0x08003838   0x08003838   0x00000002   Code   RO         3353    i.HAL_TIM_TriggerCallback  stm32g4xx_hal_tim.o
    0x0800383a   0x0800383a   0x0000003e   Code   RO         4825    i.HAL_UARTEx_DisableFifoMode  stm32g4xx_hal_uart_ex.o
    0x08003878   0x08003878   0x0000004c   Code   RO         4833    i.HAL_UARTEx_SetRxFifoThreshold  stm32g4xx_hal_uart_ex.o
    0x080038c4   0x080038c4   0x0000004c   Code   RO         4834    i.HAL_UARTEx_SetTxFifoThreshold  stm32g4xx_hal_uart_ex.o
    0x08003910   0x08003910   0x0000006a   Code   RO         4434    i.HAL_UART_Init     stm32g4xx_hal_uart.o
    0x0800397a   0x0800397a   0x00000002   PAD
    0x0800397c   0x0800397c   0x00000080   Code   RO          345    i.HAL_UART_MspInit  usart.o
    0x080039fc   0x080039fc   0x00000002   Code   RO          401    i.HardFault_Handler  stm32g4xx_it.o
    0x080039fe   0x080039fe   0x00000002   PAD
    0x08003a00   0x08003a00   0x00000038   Code   RO          788    i.IntToUnicode      usbd_desc.o
    0x08003a38   0x08003a38   0x00000100   Code   RO         5573    i.InvPark           foc.o
    0x08003b38   0x08003b38   0x0000000c   Code   RO         2843    i.LL_ADC_GetOffsetChannel  stm32g4xx_hal_adc.o
    0x08003b44   0x08003b44   0x00000008   Code   RO         2844    i.LL_ADC_INJ_IsConversionOngoing  stm32g4xx_hal_adc.o
    0x08003b4c   0x08003b4c   0x00000008   Code   RO         2845    i.LL_ADC_REG_IsConversionOngoing  stm32g4xx_hal_adc.o
    0x08003b54   0x08003b54   0x00000008   Code   RO         3078    i.LL_ADC_REG_IsConversionOngoing  stm32g4xx_hal_adc_ex.o
    0x08003b5c   0x08003b5c   0x00000010   Code   RO         2846    i.LL_ADC_REG_IsTriggerSourceSWStart  stm32g4xx_hal_adc.o
    0x08003b6c   0x08003b6c   0x0000001e   Code   RO         2848    i.LL_ADC_SetChannelSamplingTime  stm32g4xx_hal_adc.o
    0x08003b8a   0x08003b8a   0x00000010   Code   RO         2849    i.LL_ADC_SetOffsetState  stm32g4xx_hal_adc.o
    0x08003b9a   0x08003b9a   0x00000002   PAD
    0x08003b9c   0x08003b9c   0x00000090   Code   RO          232    i.MX_ADC1_Init      adc.o
    0x08003c2c   0x08003c2c   0x000000b0   Code   RO          206    i.MX_GPIO_Init      gpio.o
    0x08003cdc   0x08003cdc   0x000000d4   Code   RO          277    i.MX_TIM1_Init      tim.o
    0x08003db0   0x08003db0   0x00000068   Code   RO          278    i.MX_TIM2_Init      tim.o
    0x08003e18   0x08003e18   0x00000068   Code   RO          279    i.MX_TIM3_Init      tim.o
    0x08003e80   0x08003e80   0x00000068   Code   RO          346    i.MX_USART3_UART_Init  usart.o
    0x08003ee8   0x08003ee8   0x00000054   Code   RO          753    i.MX_USB_Device_Init  usb_device.o
    0x08003f3c   0x08003f3c   0x00000002   Code   RO          402    i.MemManage_Handler  stm32g4xx_it.o
    0x08003f3e   0x08003f3e   0x00000002   Code   RO          403    i.NMI_Handler       stm32g4xx_it.o
    0x08003f40   0x08003f40   0x0000037a   Code   RO          949    i.PCD_EP_ISR_Handler  stm32g4xx_hal_pcd.o
    0x080042ba   0x080042ba   0x00000002   Code   RO          404    i.PendSV_Handler    stm32g4xx_it.o
    0x080042bc   0x080042bc   0x00000002   Code   RO          405    i.SVC_Handler       stm32g4xx_it.o
    0x080042be   0x080042be   0x0000000a   Code   RO         5113    i.SWAPBYTE          usbd_ctlreq.o
    0x080042c8   0x080042c8   0x0000006c   Code   RO         5575    i.Sector_Determination  foc.o
    0x08004334   0x08004334   0x00000004   Code   RO          406    i.SysTick_Handler   stm32g4xx_it.o
    0x08004338   0x08004338   0x0000006c   Code   RO           14    i.SystemClock_Config  main.o
    0x080043a4   0x080043a4   0x00000010   Code   RO         4938    i.SystemInit        system_stm32g4xx.o
    0x080043b4   0x080043b4   0x0000000c   Code   RO          407    i.TIM1_BRK_TIM15_IRQHandler  stm32g4xx_it.o
    0x080043c0   0x080043c0   0x0000000c   Code   RO          408    i.TIM2_IRQHandler   stm32g4xx_it.o
    0x080043cc   0x080043cc   0x0000000c   Code   RO          409    i.TIM3_IRQHandler   stm32g4xx_it.o
    0x080043d8   0x080043d8   0x000000b0   Code   RO         3355    i.TIM_Base_SetConfig  stm32g4xx_hal_tim.o
    0x08004488   0x08004488   0x0000001a   Code   RO         3356    i.TIM_CCxChannelCmd  stm32g4xx_hal_tim.o
    0x080044a2   0x080044a2   0x00000014   Code   RO         3366    i.TIM_ETR_SetConfig  stm32g4xx_hal_tim.o
    0x080044b6   0x080044b6   0x00000002   PAD
    0x080044b8   0x080044b8   0x00000014   Code   RO         3367    i.TIM_ITRx_SetConfig  stm32g4xx_hal_tim.o
    0x080044cc   0x080044cc   0x0000009c   Code   RO         3368    i.TIM_OC1_SetConfig  stm32g4xx_hal_tim.o
    0x08004568   0x08004568   0x00000090   Code   RO         3369    i.TIM_OC2_SetConfig  stm32g4xx_hal_tim.o
    0x080045f8   0x080045f8   0x00000090   Code   RO         3370    i.TIM_OC3_SetConfig  stm32g4xx_hal_tim.o
    0x08004688   0x08004688   0x00000090   Code   RO         3371    i.TIM_OC4_SetConfig  stm32g4xx_hal_tim.o
    0x08004718   0x08004718   0x00000070   Code   RO         3372    i.TIM_OC5_SetConfig  stm32g4xx_hal_tim.o
    0x08004788   0x08004788   0x00000070   Code   RO         3373    i.TIM_OC6_SetConfig  stm32g4xx_hal_tim.o
    0x080047f8   0x080047f8   0x00000022   Code   RO         3375    i.TIM_TI1_ConfigInputStage  stm32g4xx_hal_tim.o
    0x0800481a   0x0800481a   0x00000024   Code   RO         3377    i.TIM_TI2_ConfigInputStage  stm32g4xx_hal_tim.o
    0x0800483e   0x0800483e   0x00000002   PAD
    0x08004840   0x08004840   0x00000044   Code   RO         4838    i.UARTEx_SetNbDataToProcess  stm32g4xx_hal_uart_ex.o
    0x08004884   0x08004884   0x000000c8   Code   RO         4448    i.UART_AdvFeatureConfig  stm32g4xx_hal_uart.o
    0x0800494c   0x0800494c   0x00000060   Code   RO         4449    i.UART_CheckIdleState  stm32g4xx_hal_uart.o
    0x080049ac   0x080049ac   0x00000274   Code   RO         4466    i.UART_SetConfig    stm32g4xx_hal_uart.o
    0x08004c20   0x08004c20   0x000000c6   Code   RO         4473    i.UART_WaitOnFlagUntilTimeout  stm32g4xx_hal_uart.o
    0x08004ce6   0x08004ce6   0x00000002   PAD
    0x08004ce8   0x08004ce8   0x00000028   Code   RO          789    i.USBD_CUSTOM_HID_ConfigStrDescriptor  usbd_desc.o
    0x08004d10   0x08004d10   0x0000000c   Code   RO         5246    i.USBD_CUSTOM_HID_DataIn  usbd_customhid.o
    0x08004d1c   0x08004d1c   0x0000001e   Code   RO         5247    i.USBD_CUSTOM_HID_DataOut  usbd_customhid.o
    0x08004d3a   0x08004d3a   0x0000003e   Code   RO         5248    i.USBD_CUSTOM_HID_DeInit  usbd_customhid.o
    0x08004d78   0x08004d78   0x0000000c   Code   RO          790    i.USBD_CUSTOM_HID_DeviceDescriptor  usbd_desc.o
    0x08004d84   0x08004d84   0x0000002a   Code   RO         5249    i.USBD_CUSTOM_HID_EP0_RxReady  usbd_customhid.o
    0x08004dae   0x08004dae   0x00000002   PAD
    0x08004db0   0x08004db0   0x0000000c   Code   RO         5250    i.USBD_CUSTOM_HID_GetDeviceQualifierDesc  usbd_customhid.o
    0x08004dbc   0x08004dbc   0x0000000c   Code   RO         5251    i.USBD_CUSTOM_HID_GetFSCfgDesc  usbd_customhid.o
    0x08004dc8   0x08004dc8   0x0000000c   Code   RO         5252    i.USBD_CUSTOM_HID_GetHSCfgDesc  usbd_customhid.o
    0x08004dd4   0x08004dd4   0x0000000c   Code   RO         5253    i.USBD_CUSTOM_HID_GetOtherSpeedCfgDesc  usbd_customhid.o
    0x08004de0   0x08004de0   0x00000070   Code   RO         5254    i.USBD_CUSTOM_HID_Init  usbd_customhid.o
    0x08004e50   0x08004e50   0x0000002c   Code   RO          791    i.USBD_CUSTOM_HID_InterfaceStrDescriptor  usbd_desc.o
    0x08004e7c   0x08004e7c   0x0000000c   Code   RO          792    i.USBD_CUSTOM_HID_LangIDStrDescriptor  usbd_desc.o
    0x08004e88   0x08004e88   0x00000028   Code   RO          793    i.USBD_CUSTOM_HID_ManufacturerStrDescriptor  usbd_desc.o
    0x08004eb0   0x08004eb0   0x00000034   Code   RO          794    i.USBD_CUSTOM_HID_ProductStrDescriptor  usbd_desc.o
    0x08004ee4   0x08004ee4   0x00000018   Code   RO         5255    i.USBD_CUSTOM_HID_ReceivePacket  usbd_customhid.o
    0x08004efc   0x08004efc   0x0000000e   Code   RO         5256    i.USBD_CUSTOM_HID_RegisterInterface  usbd_customhid.o
    0x08004f0a   0x08004f0a   0x00000030   Code   RO         5257    i.USBD_CUSTOM_HID_SendReport  usbd_customhid.o
    0x08004f3a   0x08004f3a   0x00000002   PAD
    0x08004f3c   0x08004f3c   0x00000038   Code   RO          795    i.USBD_CUSTOM_HID_SerialStrDescriptor  usbd_desc.o
    0x08004f74   0x08004f74   0x00000108   Code   RO         5258    i.USBD_CUSTOM_HID_Setup  usbd_customhid.o
    0x0800507c   0x0800507c   0x00000010   Code   RO         4975    i.USBD_ClrClassConfig  usbd_core.o
    0x0800508c   0x0800508c   0x00000010   Code   RO         5186    i.USBD_CtlContinueRx  usbd_ioreq.o
    0x0800509c   0x0800509c   0x00000010   Code   RO         5187    i.USBD_CtlContinueSendData  usbd_ioreq.o
    0x080050ac   0x080050ac   0x00000016   Code   RO         5114    i.USBD_CtlError     usbd_ctlreq.o
    0x080050c2   0x080050c2   0x0000001e   Code   RO         5188    i.USBD_CtlPrepareRx  usbd_ioreq.o
    0x080050e0   0x080050e0   0x00000016   Code   RO         5189    i.USBD_CtlReceiveStatus  usbd_ioreq.o
    0x080050f6   0x080050f6   0x0000001a   Code   RO         5190    i.USBD_CtlSendData  usbd_ioreq.o
    0x08005110   0x08005110   0x00000016   Code   RO         5191    i.USBD_CtlSendStatus  usbd_ioreq.o
    0x08005126   0x08005126   0x000000fa   Code   RO         5115    i.USBD_GetDescriptor  usbd_ctlreq.o
    0x08005220   0x08005220   0x00000048   Code   RO         5116    i.USBD_GetString    usbd_ctlreq.o
    0x08005268   0x08005268   0x00000018   Code   RO          542    i.USBD_Get_USB_Status  usbd_conf.o
    0x08005280   0x08005280   0x00000026   Code   RO         4977    i.USBD_Init         usbd_core.o
    0x080052a6   0x080052a6   0x00000012   Code   RO          543    i.USBD_LL_ClearStallEP  usbd_conf.o
    0x080052b8   0x080052b8   0x00000012   Code   RO          544    i.USBD_LL_CloseEP   usbd_conf.o
    0x080052ca   0x080052ca   0x000000a8   Code   RO         4978    i.USBD_LL_DataInStage  usbd_core.o
    0x08005372   0x08005372   0x0000006c   Code   RO         4979    i.USBD_LL_DataOutStage  usbd_core.o
    0x080053de   0x080053de   0x00000002   PAD
    0x080053e0   0x080053e0   0x00000074   Code   RO          549    i.USBD_LL_Init      usbd_conf.o
    0x08005454   0x08005454   0x00000020   Code   RO          550    i.USBD_LL_IsStallEP  usbd_conf.o
    0x08005474   0x08005474   0x00000018   Code   RO          551    i.USBD_LL_OpenEP    usbd_conf.o
    0x0800548c   0x0800548c   0x00000012   Code   RO          552    i.USBD_LL_PrepareReceive  usbd_conf.o
    0x0800549e   0x0800549e   0x0000005a   Code   RO         4984    i.USBD_LL_Reset     usbd_core.o
    0x080054f8   0x080054f8   0x00000014   Code   RO         4985    i.USBD_LL_Resume    usbd_core.o
    0x0800550c   0x0800550c   0x00000020   Code   RO         4986    i.USBD_LL_SOF       usbd_core.o
    0x0800552c   0x0800552c   0x00000006   Code   RO         4987    i.USBD_LL_SetSpeed  usbd_core.o
    0x08005532   0x08005532   0x00000012   Code   RO          553    i.USBD_LL_SetUSBAddress  usbd_conf.o
    0x08005544   0x08005544   0x00000060   Code   RO         4988    i.USBD_LL_SetupStage  usbd_core.o
    0x080055a4   0x080055a4   0x00000012   Code   RO          554    i.USBD_LL_StallEP   usbd_conf.o
    0x080055b6   0x080055b6   0x00000012   Code   RO          555    i.USBD_LL_Start     usbd_conf.o
    0x080055c8   0x080055c8   0x00000012   Code   RO         4989    i.USBD_LL_Suspend   usbd_core.o
    0x080055da   0x080055da   0x00000012   Code   RO          557    i.USBD_LL_Transmit  usbd_conf.o
    0x080055ec   0x080055ec   0x0000002c   Code   RO         5117    i.USBD_ParseSetupRequest  usbd_ctlreq.o
    0x08005618   0x08005618   0x00000024   Code   RO         4990    i.USBD_RegisterClass  usbd_core.o
    0x0800563c   0x0800563c   0x00000014   Code   RO         4992    i.USBD_SetClassConfig  usbd_core.o
    0x08005650   0x08005650   0x000000bc   Code   RO         5118    i.USBD_SetConfig    usbd_ctlreq.o
    0x0800570c   0x0800570c   0x00000004   Code   RO         4993    i.USBD_Start        usbd_core.o
    0x08005710   0x08005710   0x00000114   Code   RO         5119    i.USBD_StdDevReq    usbd_ctlreq.o
    0x08005824   0x08005824   0x00000140   Code   RO         5120    i.USBD_StdEPReq     usbd_ctlreq.o
    0x08005964   0x08005964   0x00000052   Code   RO         5121    i.USBD_StdItfReq    usbd_ctlreq.o
    0x080059b6   0x080059b6   0x00000002   Code   RO          558    i.USBD_static_free  usbd_conf.o
    0x080059b8   0x080059b8   0x00000008   Code   RO          559    i.USBD_static_malloc  usbd_conf.o
    0x080059c0   0x080059c0   0x00000268   Code   RO         1206    i.USB_ActivateEndpoint  stm32g4xx_ll_usb.o
    0x08005c28   0x08005c28   0x0000010e   Code   RO         1210    i.USB_DeactivateEndpoint  stm32g4xx_ll_usb.o
    0x08005d36   0x08005d36   0x0000000e   Code   RO         1211    i.USB_DevConnect    stm32g4xx_ll_usb.o
    0x08005d44   0x08005d44   0x00000012   Code   RO         1213    i.USB_DevInit       stm32g4xx_ll_usb.o
    0x08005d56   0x08005d56   0x00000010   Code   RO         1214    i.USB_DisableGlobalInt  stm32g4xx_ll_usb.o
    0x08005d66   0x08005d66   0x00000078   Code   RO         1215    i.USB_EPClearStall  stm32g4xx_ll_usb.o
    0x08005dde   0x08005dde   0x00000032   Code   RO         1216    i.USB_EPSetStall    stm32g4xx_ll_usb.o
    0x08005e10   0x08005e10   0x00000486   Code   RO         1217    i.USB_EPStartXfer   stm32g4xx_ll_usb.o
    0x08006296   0x08006296   0x00000012   Code   RO         1218    i.USB_EnableGlobalInt  stm32g4xx_ll_usb.o
    0x080062a8   0x080062a8   0x0000000c   Code   RO          410    i.USB_LP_IRQHandler  stm32g4xx_it.o
    0x080062b4   0x080062b4   0x00000006   Code   RO         1219    i.USB_ReadInterrupts  stm32g4xx_ll_usb.o
    0x080062ba   0x080062ba   0x00000028   Code   RO         1220    i.USB_ReadPMA       stm32g4xx_ll_usb.o
    0x080062e2   0x080062e2   0x0000000c   Code   RO         1222    i.USB_SetDevAddress  stm32g4xx_ll_usb.o
    0x080062ee   0x080062ee   0x00000002   PAD
    0x080062f0   0x080062f0   0x00000026   Code   RO         1224    i.USB_WritePMA      stm32g4xx_ll_usb.o
    0x08006316   0x08006316   0x00000002   Code   RO          411    i.UsageFault_Handler  stm32g4xx_it.o
    0x08006318   0x08006318   0x00000030   Code   RO         5855    i.__ARM_fpclassify  m_wm.l(fpclassify.o)
    0x08006348   0x08006348   0x00000020   Code   RO         2696    i.__NVIC_SetPriority  stm32g4xx_hal_cortex.o
    0x08006368   0x08006368   0x000000c8   Code   RO         5740    i.__hardfp_cos      m_wm.l(cos.o)
    0x08006430   0x08006430   0x000000c8   Code   RO         5752    i.__hardfp_sin      m_wm.l(sin.o)
    0x080064f8   0x080064f8   0x00000438   Code   RO         5804    i.__ieee754_rem_pio2  m_wm.l(rred.o)
    0x08006930   0x08006930   0x00000170   Code   RO         5787    i.__kernel_cos      m_wm.l(cos_i.o)
    0x08006aa0   0x08006aa0   0x000000f8   Code   RO         5857    i.__kernel_poly     m_wm.l(poly.o)
    0x08006b98   0x08006b98   0x00000130   Code   RO         5809    i.__kernel_sin      m_wm.l(sin_i.o)
    0x08006cc8   0x08006cc8   0x00000014   Code   RO         5791    i.__mathlib_dbl_infnan  m_wm.l(dunder.o)
    0x08006cdc   0x08006cdc   0x00000004   PAD
    0x08006ce0   0x08006ce0   0x00000020   Code   RO         5793    i.__mathlib_dbl_invalid  m_wm.l(dunder.o)
    0x08006d00   0x08006d00   0x00000020   Code   RO         5796    i.__mathlib_dbl_underflow  m_wm.l(dunder.o)
    0x08006d20   0x08006d20   0x0000000e   Code   RO         5867    i.__scatterload_copy  mc_w.l(handlers.o)
    0x08006d2e   0x08006d2e   0x00000002   Code   RO         5868    i.__scatterload_null  mc_w.l(handlers.o)
    0x08006d30   0x08006d30   0x0000000e   Code   RO         5869    i.__scatterload_zeroinit  mc_w.l(handlers.o)
    0x08006d3e   0x08006d3e   0x00000002   PAD
    0x08006d40   0x08006d40   0x0000000c   Code   RO         5837    i.__set_errno       mc_w.l(errno.o)
    0x08006d4c   0x08006d4c   0x00000018   Code   RO         5851    i.fabs              m_wm.l(fabs.o)
    0x08006d64   0x08006d64   0x00000044   Code   RO         5576    i.foc_init          foc.o
    0x08006da8   0x08006da8   0x00000040   Code   RO         5684    i.get_adc_value     electricity_get.o
    0x08006de8   0x08006de8   0x00000084   Code   RO           15    i.main              main.o
    0x08006e6c   0x08006e6c   0x00000044   Code   RO         5578    i.open_loop_control  foc.o
    0x08006eb0   0x08006eb0   0x00000030   Code   RO         5532    i.pwm_init          pwm.o
    0x08006ee0   0x08006ee0   0x000000a8   Code   RO         5533    i.pwm_update        pwm.o
    0x08006f88   0x08006f88   0x0000000c   Code   RO         5685    i.start_adc         electricity_get.o
    0x08006f94   0x08006f94   0x00000018   Data   RO         4474    .constdata          stm32g4xx_hal_uart.o
    0x08006fac   0x08006fac   0x00000010   Data   RO         4839    .constdata          stm32g4xx_hal_uart_ex.o
    0x08006fbc   0x08006fbc   0x00000010   Data   RO         4939    .constdata          system_stm32g4xx.o
    0x08006fcc   0x08006fcc   0x00000008   Data   RO         4940    .constdata          system_stm32g4xx.o
    0x08006fd4   0x08006fd4   0x00000004   PAD
    0x08006fd8   0x08006fd8   0x00000030   Data   RO         5788    .constdata          m_wm.l(cos_i.o)
    0x08007008   0x08007008   0x000000c8   Data   RO         5806    .constdata          m_wm.l(rred.o)
    0x080070d0   0x080070d0   0x00000028   Data   RO         5810    .constdata          m_wm.l(sin_i.o)
    0x080070f8   0x080070f8   0x00000020   Data   RO         5865    Region$$Table       anon$$obj.o


    Execution Region RW_IRAM1 (Exec base: 0x20000000, Load base: 0x08007118, Size: 0x00002c20, Max: 0x00008000, ABSOLUTE, COMPRESSED[0x00000110])

    Exec Addr    Load Addr    Size         Type   Attr      Idx    E Section Name        Object

    0x20000000   COMPRESSED   0x00000020   Data   RW          797    .data               usbd_desc.o
    0x20000020   COMPRESSED   0x00000032   Data   RW          798    .data               usbd_desc.o
    0x20000052   COMPRESSED   0x00000002   PAD
    0x20000054   COMPRESSED   0x00000022   Data   RW          877    .data               usbd_custom_hid_if.o
    0x20000076   COMPRESSED   0x00000002   PAD
    0x20000078   COMPRESSED   0x00000010   Data   RW          878    .data               usbd_custom_hid_if.o
    0x20000088   COMPRESSED   0x0000000c   Data   RW         1373    .data               stm32g4xx_hal.o
    0x20000094   COMPRESSED   0x00000004   Data   RW         4941    .data               system_stm32g4xx.o
    0x20000098   COMPRESSED   0x00000001   Data   RW         5122    .data               usbd_ctlreq.o
    0x20000099   COMPRESSED   0x00000003   PAD
    0x2000009c   COMPRESSED   0x00000038   Data   RW         5260    .data               usbd_customhid.o
    0x200000d4   COMPRESSED   0x00000123   Data   RW         5261    .data               usbd_customhid.o
    0x200001f7   COMPRESSED   0x00000001   PAD
    0x200001f8   COMPRESSED   0x00000004   Data   RW         5348    .data               appmain.o
    0x200001fc   COMPRESSED   0x00000004   Data   RW         5686    .data               electricity_get.o
    0x20000200   COMPRESSED   0x00000001   Data   RW         5727    .data               usb_hidcommunication.o
    0x20000201   COMPRESSED   0x00000008   Data   RW         5728    .data               usb_hidcommunication.o
    0x20000209   COMPRESSED   0x00000003   PAD
    0x2000020c   COMPRESSED   0x00000004   Data   RW         5838    .data               mc_w.l(errno.o)
    0x20000210        -       0x0000006c   Zero   RW          233    .bss                adc.o
    0x2000027c        -       0x000000e4   Zero   RW          280    .bss                tim.o
    0x20000360        -       0x00000090   Zero   RW          349    .bss                usart.o
    0x200003f0        -       0x00000314   Zero   RW          560    .bss                usbd_conf.o
    0x20000704        -       0x000002d0   Zero   RW          754    .bss                usb_device.o
    0x200009d4        -       0x00000200   Zero   RW          796    .bss                usbd_desc.o
    0x20000bd4        -       0x0000004c   Zero   RW         5585    .bss                foc.o
    0x20000c20        -       0x00002000   Zero   RW            1    STACK               startup_stm32g431xx.o


==============================================================================

Image component sizes


      Code (inc. data)   RO Data    RW Data    ZI Data      Debug   Object Name

       276         12          0          0        108       1949   adc.o
        76         18          0          4          0       1912   appmain.o
       100         32          0          4          0       2119   electricity_get.o
      1304         76          0          0         76       5239   foc.o
       176          8          0          0          0       1015   gpio.o
       244          6          0          0          0     698521   main.o
       216         18          0          0          0       1172   pwm.o
        36          8        472          0       8192        864   startup_stm32g431xx.o
       162         24          0         12          0       4521   stm32g4xx_hal.o
      2768        110          0          0          0      79986   stm32g4xx_hal_adc.o
       234          8          0          0          0      70780   stm32g4xx_hal_adc_ex.o
       198         14          0          0          0      34007   stm32g4xx_hal_cortex.o
       594         34          0          0          0       2428   stm32g4xx_hal_gpio.o
        48          6          0          0          0        918   stm32g4xx_hal_msp.o
      2978          0          0          0          0      14525   stm32g4xx_hal_pcd.o
        96          0          0          0          0       2032   stm32g4xx_hal_pcd_ex.o
       204         18          0          0          0       1461   stm32g4xx_hal_pwr_ex.o
      1692         88          0          0          0       6440   stm32g4xx_hal_rcc.o
       648         10          0          0          0       1932   stm32g4xx_hal_rcc_ex.o
      2636        234          0          0          0      18112   stm32g4xx_hal_tim.o
       342         32          0          0          0       6604   stm32g4xx_hal_tim_ex.o
      1228         66         24          0          0      24550   stm32g4xx_hal_uart.o
       282          6         16          0          0       3801   stm32g4xx_hal_uart_ex.o
        80         30          0          0          0       6902   stm32g4xx_it.o
      2376          0          0          0          0      14760   stm32g4xx_ll_usb.o
        16          4         24          4          0       1211   system_stm32g4xx.o
       660         54          0          0        228       4656   tim.o
       232         24          0          0        144       1962   usart.o
        84         18          0          0        720        864   usb_device.o
         0          0          0          9          0        667   usb_hidcommunication.o
       662         36          0          0        788      16945   usbd_conf.o
       652          0          0          0          0      10299   usbd_core.o
      1264         22          0          1          0      14664   usbd_ctlreq.o
        72         14          0         50          0       2565   usbd_custom_hid_if.o
       656         32          0        347          0      12671   usbd_customhid.o
       312        128          0         82        512       6597   usbd_desc.o
       132          0          0          0          0       4724   usbd_ioreq.o

    ----------------------------------------------------------------------
     23780       1190        572        524      10768    1084375   Object Totals
         0          0         32          0          0          0   (incl. Generated)
        44          0          4         11          0          0   (incl. Padding)

    ----------------------------------------------------------------------

      Code (inc. data)   RO Data    RW Data    ZI Data      Debug   Library Member Name

       200         20          0          0          0        164   cos.o
       368         46         48          0          0        200   cos_i.o
        84         16          0          0          0        372   dunder.o
        24          0          0          0          0        124   fabs.o
        48          0          0          0          0        124   fpclassify.o
       248          0          0          0          0        152   poly.o
      1080        142        200          0          0        188   rred.o
       200         20          0          0          0        164   sin.o
       304         24         40          0          0        208   sin_i.o
        86          0          0          0          0          0   __dczerorl2.o
         0          0          0          0          0          0   entry.o
         0          0          0          0          0          0   entry10a.o
         0          0          0          0          0          0   entry11a.o
         8          4          0          0          0          0   entry2.o
         4          0          0          0          0          0   entry5.o
         0          0          0          0          0          0   entry7b.o
         0          0          0          0          0          0   entry8b.o
         8          4          0          0          0          0   entry9a.o
        12          6          0          4          0         68   errno.o
        30          0          0          0          0          0   handlers.o
        36          8          0          0          0         68   init.o
         0          0          0          0          0          0   iusefp.o
        30          0          0          0          0         68   llshl.o
        36          0          0          0          0         68   llsshr.o
        32          0          0          0          0         68   llushr.o
        36          0          0          0          0         68   memcpya.o
        36          0          0          0          0        108   memseta.o
        98          0          0          0          0         92   uldiv.o
        56          0          0          0          0         88   d2f.o
       334          0          0          0          0        148   dadd.o
       222          0          0          0          0        100   ddiv.o
       186          0          0          0          0        176   depilogue.o
        62          0          0          0          0         80   dfixi.o
        34          0          0          0          0         76   dflti.o
        26          0          0          0          0         76   dfltui.o
       228          0          0          0          0         96   dmul.o
        38          0          0          0          0         68   f2d.o
       110          0          0          0          0        168   fepilogue.o

    ----------------------------------------------------------------------
      4312        290        288          4          0       3380   Library Totals
         8          0          0          0          0          0   (incl. Padding)

    ----------------------------------------------------------------------

      Code (inc. data)   RO Data    RW Data    ZI Data      Debug   Library Name

      2556        268        288          0          0       1696   m_wm.l
       452         22          0          4          0        608   mc_w.l
      1296          0          0          0          0       1076   mf_w.l

    ----------------------------------------------------------------------
      4312        290        288          4          0       3380   Library Totals

    ----------------------------------------------------------------------

==============================================================================


      Code (inc. data)   RO Data    RW Data    ZI Data      Debug   

     28092       1480        860        528      10768    1064459   Grand Totals
     28092       1480        860        272      10768    1064459   ELF Image Totals (compressed)
     28092       1480        860        272          0          0   ROM Totals

==============================================================================

    Total RO  Size (Code + RO Data)                28952 (  28.27kB)
    Total RW  Size (RW Data + ZI Data)             11296 (  11.03kB)
    Total ROM Size (Code + RO Data + RW Data)      29224 (  28.54kB)

==============================================================================

